******************************************************************************
                  TI ARM Linker Unix v18.1.1
******************************************************************************
>> Linked Mon Apr  9 00:24:22 2018

OUTPUT FILE NAME:   <sensor_cc1350lp.out>
ENTRY POINT SYMBOL: "ResetISR"  address: 00011941


MEMORY CONFIGURATION

         name            origin    length      used     unused   attr    fill
----------------------  --------  ---------  --------  --------  ----  --------
  FLASH                 00000000   0001e000  00015ac0  00008540  R  X
  FLASH_NV              0001e000   00001000  00001000  00000000  RW X
  FLASH_LAST            0001f000   00001000  00000b38  000004c8  R  X
  SRAM                  20000000   00005000  00003090  00001f70  RW X


SEGMENT ALLOCATION MAP

run origin  load origin   length   init length attrs members
----------  ----------- ---------- ----------- ----- -------
00000000    00000000    00000ef4   00000ef4    r--
  00000000    00000000    0000003c   0000003c    r-- .resetVecs
  0000003c    0000003c    00000eb8   00000eb8    r-- config_const
00001000    00001000    00014bd8   00014bd8    r-x
  00001000    00001000    0000003c   0000003c    r-- .const:ti_sysbios_knl_Task_Object__PARAMS__C
  0000103c    0000103c    00000034   00000034    r-- .const:ti_sysbios_knl_Mailbox_Object__PARAMS__C
  00001070    00001070    00000030   00000030    r-- .const:ti_sysbios_family_arm_m3_Hwi_Object__PARAMS__C
  000010a0    000010a0    0000002c   0000002c    r-- .const:ti_sysbios_hal_Hwi_Object__PARAMS__C
  000010cc    000010cc    00000028   00000028    r-- .const:ti_sysbios_heaps_HeapMem_Module__FXNS__C
  000010f4    000010f4    00000028   00000028    r-- .const:ti_sysbios_knl_Swi_Object__PARAMS__C
  0000111c    0000111c    00000024   00000024    r-- .const:ti_sysbios_gates_GateHwi_Module__FXNS__C
  00001140    00001140    00000024   00000024    r-- .const:ti_sysbios_gates_GateMutex_Module__FXNS__C
  00001164    00001164    00000024   00000024    r-- .const:ti_sysbios_heaps_HeapMem_Object__PARAMS__C
  00001188    00001188    00000024   00000024    r-- .const:ti_sysbios_knl_Clock_Object__PARAMS__C
  000011ac    000011ac    00000024   00000024    r-- .const:ti_sysbios_knl_Semaphore_Object__PARAMS__C
  000011d0    000011d0    00000020   00000020    r-- .const:ti_sysbios_family_arm_m3_Hwi_Object__DESC__C
  000011f0    000011f0    00000020   00000020    r-- .const:ti_sysbios_gates_GateHwi_Object__DESC__C
  00001210    00001210    00000020   00000020    r-- .const:ti_sysbios_gates_GateMutex_Object__DESC__C
  00001230    00001230    00000020   00000020    r-- .const:ti_sysbios_hal_Hwi_Object__DESC__C
  00001250    00001250    00000020   00000020    r-- .const:ti_sysbios_heaps_HeapMem_Object__DESC__C
  00001270    00001270    00000020   00000020    r-- .const:ti_sysbios_knl_Clock_Object__DESC__C
  00001290    00001290    00000020   00000020    r-- .const:ti_sysbios_knl_Mailbox_Object__DESC__C
  000012b0    000012b0    00000020   00000020    r-- .const:ti_sysbios_knl_Queue_Object__DESC__C
  000012d0    000012d0    00000020   00000020    r-- .const:ti_sysbios_knl_Semaphore_Object__DESC__C
  000012f0    000012f0    00000020   00000020    r-- .const:ti_sysbios_knl_Swi_Object__DESC__C
  00001310    00001310    00000020   00000020    r-- .const:ti_sysbios_knl_Task_Object__DESC__C
  00001330    00001330    00000018   00000018    r-- .const:ti_sysbios_gates_GateHwi_Object__PARAMS__C
  00001348    00001348    00000018   00000018    r-- .const:ti_sysbios_gates_GateMutex_Object__PARAMS__C
  00001360    00001360    00000018   00000018    r-- .const:ti_sysbios_knl_Queue_Object__PARAMS__C
  00001378    00001378    00000008   00000008    r-- .const:ti_sysbios_knl_Idle_funcList__C
  00001384    00001384    00000004   00000004    r-- .const:ti_sysbios_family_arm_cc26xx_Timer_startupNeeded__C
  00001388    00001388    00000004   00000004    r-- .const:ti_sysbios_family_arm_m3_Hwi_E_alreadyDefined__C
  0000138c    0000138c    00000004   00000004    r-- .const:ti_sysbios_family_arm_m3_Hwi_E_hwiLimitExceeded__C
  00001390    00001390    00000004   00000004    r-- .const:ti_sysbios_family_arm_m3_Hwi_NUM_INTERRUPTS__C
  00001394    00001394    00000004   00000004    r-- .const:ti_sysbios_family_arm_m3_Hwi_Object__count__C
  00001398    00001398    00000004   00000004    r-- .const:ti_sysbios_family_arm_m3_Hwi_Object__table__C
  0000139c    0000139c    00000004   00000004    r-- .const:ti_sysbios_family_arm_m3_Hwi_ccr__C
  000013a0    000013a0    00000004   00000004    r-- .const:ti_sysbios_family_arm_m3_Hwi_excHandlerFunc__C
  000013a4    000013a4    00000004   00000004    r-- .const:ti_sysbios_family_arm_m3_Hwi_nullIsrFunc__C
  000013a8    000013a8    00000004   00000004    r-- .const:ti_sysbios_family_arm_m3_Hwi_numSparseInterrupts__C
  000013ac    000013ac    00000004   00000004    r-- .const:ti_sysbios_family_arm_m3_Hwi_priGroup__C
  000013b0    000013b0    00000004   00000004    r-- .const:ti_sysbios_family_arm_m3_TaskSupport_stackAlignment__C
  000013b4    000013b4    00000004   00000004    r-- .const:ti_sysbios_heaps_HeapMem_E_memory__C
  000013b8    000013b8    00000004   00000004    r-- .const:ti_sysbios_heaps_HeapMem_Module__gateObj__C
  000013bc    000013bc    00000004   00000004    r-- .const:ti_sysbios_heaps_HeapMem_Object__count__C
  000013c0    000013c0    00000004   00000004    r-- .const:ti_sysbios_heaps_HeapMem_Object__table__C
  000013c4    000013c4    00000004   00000004    r-- .const:ti_sysbios_heaps_HeapMem_reqAlign__C
  000013c8    000013c8    00000004   00000004    r-- .const:ti_sysbios_knl_Clock_serviceMargin__C
  000013cc    000013cc    00000004   00000004    r-- .const:ti_sysbios_knl_Mailbox_Object__count__C
  000013d0    000013d0    00000004   00000004    r-- .const:ti_sysbios_knl_Mailbox_Object__table__C
  000013d4    000013d4    00000004   00000004    r-- .const:ti_sysbios_knl_Mailbox_maxTypeAlign__C
  000013d8    000013d8    00000004   00000004    r-- .const:ti_sysbios_knl_Queue_Object__count__C
  000013dc    000013dc    00000004   00000004    r-- .const:ti_sysbios_knl_Queue_Object__table__C
  000013e0    000013e0    00000004   00000004    r-- .const:ti_sysbios_knl_Swi_Object__count__C
  000013e4    000013e4    00000004   00000004    r-- .const:ti_sysbios_knl_Swi_Object__table__C
  000013e8    000013e8    00000004   00000004    r-- .const:ti_sysbios_knl_Swi_numPriorities__C
  000013ec    000013ec    00000004   00000004    r-- .const:ti_sysbios_knl_Task_Object__count__C
  000013f0    000013f0    00000004   00000004    r-- .const:ti_sysbios_knl_Task_Object__table__C
  000013f4    000013f4    00000004   00000004    r-- .const:ti_sysbios_knl_Task_allBlockedFunc__C
  000013f8    000013f8    00000004   00000004    r-- .const:ti_sysbios_knl_Task_defaultStackHeap__C
  000013fc    000013fc    00000004   00000004    r-- .const:ti_sysbios_knl_Task_defaultStackSize__C
  00001400    00001400    00000004   00000004    r-- .const:ti_sysbios_knl_Task_numConstructedTasks__C
  00001406    00001406    00000002   00000002    r-- .const:ti_sysbios_family_arm_cc26xx_Timer_Module__id__C
  00001408    00001408    00000002   00000002    r-- .const:ti_sysbios_family_arm_cc26xx_TimestampProvider_useClockTimer__C
  0000140a    0000140a    00000002   00000002    r-- .const:ti_sysbios_family_arm_m3_Hwi_Module__id__C
  0000140c    0000140c    00000002   00000002    r-- .const:ti_sysbios_gates_GateHwi_Module__id__C
  0000140e    0000140e    00000002   00000002    r-- .const:ti_sysbios_gates_GateMutex_Module__id__C
  00001410    00001410    00000002   00000002    r-- .const:ti_sysbios_heaps_HeapMem_Module__id__C
  00001412    00001412    00000002   00000002    r-- .const:ti_sysbios_knl_Task_initStackFlag__C
  00001414    00001414    00000001   00000001    r-- .const:ti_sysbios_knl_Clock_tickMode__C
  00001418    00001418    00000008   00000008    r-- .const:xdc_runtime_Startup_firstFxns__C
  00001420    00001420    00000008   00000008    r-- .const:xdc_runtime_Startup_lastFxns__C
  00001428    00001428    00000004   00000004    r-- .const:xdc_runtime_Assert_E_assertFailed__C
  0000142c    0000142c    00000004   00000004    r-- .const:xdc_runtime_Error_E_memory__C
  00001430    00001430    00000004   00000004    r-- .const:xdc_runtime_Error_policyFxn__C
  00001434    00001434    00000004   00000004    r-- .const:xdc_runtime_IGateProvider_Interface__BASE__C
  00001438    00001438    00000004   00000004    r-- .const:xdc_runtime_IHeap_Interface__BASE__C
  0000143c    0000143c    00000004   00000004    r-- .const:xdc_runtime_IModule_Interface__BASE__C
  00001440    00001440    00000004   00000004    r-- .const:xdc_runtime_Main_Module__diagsEnabled__C
  00001444    00001444    00000004   00000004    r-- .const:xdc_runtime_Main_Module__diagsIncluded__C
  00001448    00001448    00000004   00000004    r-- .const:xdc_runtime_Main_Module__diagsMask__C
  0000144c    0000144c    00000004   00000004    r-- .const:xdc_runtime_Memory_defaultHeapInstance__C
  00001450    00001450    00000004   00000004    r-- .const:xdc_runtime_Startup_execImpl__C
  00001454    00001454    00000004   00000004    r-- .const:xdc_runtime_Startup_maxPasses__C
  00001458    00001458    00000004   00000004    r-- .const:xdc_runtime_Startup_sfxnRts__C
  0000145c    0000145c    00000004   00000004    r-- .const:xdc_runtime_Startup_sfxnTab__C
  00001460    00001460    00000004   00000004    r-- .const:xdc_runtime_Startup_startModsFxn__C
  00001464    00001464    00000004   00000004    r-- .const:xdc_runtime_SysCallback_abortFxn__C
  00001468    00001468    00000004   00000004    r-- .const:xdc_runtime_SysCallback_exitFxn__C
  0000146c    0000146c    00000004   00000004    r-- .const:xdc_runtime_System_abortFxn__C
  00001470    00001470    00000004   00000004    r-- .const:xdc_runtime_System_exitFxn__C
  00001474    00001474    00000004   00000004    r-- .const:xdc_runtime_System_maxAtexitHandlers__C
  00001478    00001478    00000004   00000004    r-- .const:xdc_runtime_Text_charTab__C
  0000147c    0000147c    00000004   00000004    r-- .const:xdc_runtime_Text_nameEmpty__C
  00001480    00001480    00000004   00000004    r-- .const:xdc_runtime_Text_nameStatic__C
  00001484    00001484    00000004   00000004    r-- .const:xdc_runtime_Text_nameUnknown__C
  00001488    00001488    00000002   00000002    r-- .const:xdc_runtime_Main_Module__id__C
  0000148a    0000148a    00000002   00000002    r-- .const:xdc_runtime_Memory_Module__id__C
  0000148c    0000148c    00000002   00000002    r-- .const:xdc_runtime_Text_charCnt__C
  0000148e    0000148e    00000002   00000002    r-- .const:xdc_runtime_Text_isLoaded__C
  00001490    00001490    00000001   00000001    r-- .const:xdc_runtime_Error_policy__C
  00001494    00001494    00000004   00000004    r-- .const:ti_sysbios_rom_ROM_AONRTCChannelEnable
  00001498    00001498    00000004   00000004    r-- .const:ti_sysbios_rom_ROM_AONRTCCompareValueSet
  0000149c    0000149c    00000004   00000004    r-- .const:ti_sysbios_rom_ROM_AONRTCCurrentCompareValueGet
  000014a0    000014a0    00000004   00000004    r-- .const:ti_sysbios_rom_ROM_AONRTCEventClear
  000014a4    000014a4    00000004   00000004    r-- .const:ti_sysbios_rom_ROM_ti_sysbios_family_arm_cc26xx_Timer_getCount64__E
  000014a8    000014a8    00000004   00000004    r-- .const:ti_sysbios_rom_ROM_ti_sysbios_family_arm_cc26xx_Timer_getCurrentTick__E
  000014ac    000014ac    00000004   00000004    r-- .const:ti_sysbios_rom_ROM_ti_sysbios_family_arm_cc26xx_Timer_getMaxTicks__E
  000014b0    000014b0    00000004   00000004    r-- .const:ti_sysbios_rom_ROM_ti_sysbios_family_arm_cc26xx_Timer_initDevice__I
  000014b4    000014b4    00000004   00000004    r-- .const:ti_sysbios_rom_ROM_ti_sysbios_family_arm_cc26xx_Timer_setNextTick__E
  000014b8    000014b8    00000004   00000004    r-- .const:ti_sysbios_rom_ROM_ti_sysbios_family_arm_cc26xx_Timer_setThreshold__I
  000014bc    000014bc    00000004   00000004    r-- .const:ti_sysbios_rom_ROM_ti_sysbios_family_arm_cc26xx_Timer_start__E
  000014c0    000014c0    00000004   00000004    r-- .const:ti_sysbios_rom_ROM_ti_sysbios_family_arm_cc26xx_TimestampProvider_get32__E
  000014c4    000014c4    00000004   00000004    r-- .const:ti_sysbios_rom_ROM_xdc_runtime_Startup_getState__I
  000014c8    000014c8    00000004   00000004    r-- .const:ti_sysbios_rom_ROM_xdc_runtime_System_SupportProxy_abort__E
  000014cc    000014cc    00000004   00000004    r-- .const:ti_sysbios_rom_ROM_xdc_runtime_System_SupportProxy_exit__E
  000014d0    000014d0    00000004   00000004    r-- .const:ti_sysbios_gates_GateMutex_Instance_State_sem__O
  000014d4    000014d4    00000004   00000004    r-- .const:ti_sysbios_knl_Clock_Module_State_clockQ__O
  000014d8    000014d8    00000004   00000004    r-- .const:ti_sysbios_knl_Mailbox_Instance_State_dataQue__O
  000014dc    000014dc    00000004   00000004    r-- .const:ti_sysbios_knl_Mailbox_Instance_State_dataSem__O
  000014e0    000014e0    00000004   00000004    r-- .const:ti_sysbios_knl_Mailbox_Instance_State_freeQue__O
  000014e4    000014e4    00000004   00000004    r-- .const:ti_sysbios_knl_Mailbox_Instance_State_freeSem__O
  000014e8    000014e8    00000004   00000004    r-- .const:ti_sysbios_knl_Semaphore_Instance_State_pendQ__O
  000014ec    000014ec    00000004   00000004    r-- .const:ti_sysbios_knl_Task_Module_State_inactiveQ__O
  000014f0    000014f0    000138f4   000138f4    r-x .text
  00014de4    00014de4    00000974   00000974    r-- .const
  00015758    00015758    00000480   00000480    r-- .cinit
0001e000    0001e000    00001ae0   00001ae0    r-x
  0001e000    0001e000    00001000   00001000    r-- .TI.bound:NV_FLASH
  0001f000    0001f000    00000ae0   00000ae0    r-x flash_last_text
0001ffa8    0001ffa8    00000058   00000058    r--
  0001ffa8    0001ffa8    00000058   00000058    r-- .ccfg
20000100    20000100    00002acc   00000000    rw-
  20000100    20000100    00000044   00000000    rw- .data:ti_sysbios_knl_Task_Module__state__V
  20000144    20000144    00000034   00000000    rw- .data:ti_sysbios_family_arm_m3_Hwi_Module__state__V
  20000178    20000178    0000002c   00000000    rw- .data:ti_sysbios_knl_Clock_Module__state__V
  200001a4    200001a4    00000024   00000000    rw- .data:ti_sysbios_BIOS_Module__state__V
  200001c8    200001c8    0000001c   00000000    rw- .data:ti_sysbios_knl_Swi_Module__state__V
  200001e4    200001e4    00000008   00000000    rw- .data:ti_sysbios_family_arm_cc26xx_Timer_Module__state__V
  200001ec    200001ec    00000004   00000000    rw- .data:ti_sysbios_family_arm_cc26xx_TimestampProvider_Module__state__V
  200001f0    200001f0    00000008   00000000    rw- .data:xdc_runtime_Startup_Module__state__V
  200001f8    200001f8    00000008   00000000    rw- .data:xdc_runtime_System_Module__state__V
  20000200    20000200    00000004   00000000    rw- .data:xdc_runtime_Memory_Module__state__V
  20000208    20000208    0000195e   00000000    rw- .data
  20001b68    20001b68    00001064   00000000    rw- .bss
20004b00    20004b00    00000500   00000000    rw-
  20004b00    20004b00    00000500   00000000    rw- .stack


SECTION ALLOCATION MAP

 output                                  attributes/
section   page    origin      length       input sections
--------  ----  ----------  ----------   ----------------
config_const
*          0    0000003c    00000eb8
                  0000003c    00000d64     mac_user_config.obj (.const:$O24$$)
                  00000da0    00000068     mac_user_config.obj (.const:rfDriverTable)
                  00000e08    00000055     mac_user_config.obj (.const:txPowerTable_subg_CC1310)
                  00000e5d    00000050     mac_user_config.obj (.const:txPowerTable_subg_CC1350)
                  00000ead    00000001     mac_user_config.obj (.const)
                  00000eae    00000002     --HOLE-- [fill = 0]
                  00000eb0    00000028     mac_user_config.obj (.const:cryptoDriverTable)
                  00000ed8    00000010     mac_user_config.obj (.const:rfPatchTable)
                  00000ee8    0000000c     mac_user_config.obj (.const:txPwrTbl)

.text      0    000014f0    000138f4
                  000014f0    00000994     maclib_secure.a : mac.obj (.text:macRxCbSubG$70)
                  00001e84    0000064c                     : mac_rx.obj (.text:rxPayloadIsr$75)
                  000024d0    00000494     driverlib.lib : setup.obj (.text:TrimAfterColdResetWakeupFromShutDown$47)
                  00002964    00000444     main.obj (.text:taskFxn)
                  00002da8    000003b4     sensor.obj (.text:Sensor_process)
                  0000315c    00000394     maclib_secure.a : macwrapper.obj (.text:macWrapperAddDevice)
                  000034f0    0000038c                     : mac_mgmt.obj (.text:macBuildHeader)
                  0000387c    00000388                     : mac_radio.obj (.text:macRadioInitSubG)
                  00003c04    00000388     icall_startup.obj (.text:startup_entry)
                  00003f8c    00000374     rf_multiMode_cc13x0.aem3 : RFCC26XX_multiMode.oem3 (.text:RF_fsmActiveState)
                  00004300    00000370     maclib_secure.a : mac_mgmt.obj (.text:MAC_MlmeResetReq)
                  00004670    00000366     api_mac.obj (.text:processIncomingICallMsg$32)
                  000049d6    00000002     rf_multiMode_cc13x0.aem3 : RFCC26XX_multiMode.oem3 (.text:RF_defaultCallback)
                  000049d8    0000030c     drivers_cc13x0.aem3 : PowerCC26XX_calibrateRCOSC.oem3 (.text:PowerCC26XX_auxISR)
                  00004ce4    0000030c     rom_sysbios.aem3 : rom_sysbios.obj (.text:xdc_runtime_System_doPrint__I)
                  00004ff0    000002dc     maclib_secure.a : mac_radio_tx.obj (.text:macRadioTxGoSubG$74)
                  000052cc    000002d4                     : mac_pwr.obj (.text:macPwrVote)
                  000055a0    000002b8     osal.obj (.text:osal_start_system)
                  00005858    00000280     maclib_secure.a : mac_data.obj (.text:MAC_McpsDataReq)
                  00005ad8    00000268     sensor.obj (.text:processSensorMsgEvt$37)
                  00005d40    00000260     maclib_secure.a : mac_security_pib.obj (.text:MAC_MlmeSetSecurityReq)
                  00005fa0    0000024c     sensor.obj (.text:dataIndCB$37)
                  000061ec    0000023c     driverlib.lib : sys_ctrl.obj (.text:NOROM_SysCtrlSetRechargeBeforePowerDown)
                  00006428    00000224     drivers_cc13x0.aem3 : PowerCC26XX.oem3 (.text:Power_sleep)
                  0000664c    00000222     maclib_secure.a : mac_security.obj (.text:macIncomingFrameSecurityMaterialRetrieval)
                  0000686e    00000002     rtsv7M3_T_le_eabi.lib : _lock.c.obj (.text:_nop)
                  00006870    00000214     maclib_secure.a : mac_mgmt.obj (.text:macBuildCommonReq)
                  00006a84    00000208     drivers_cc13x0.aem3 : CryptoCC26XX.oem3 (.text:cryptoTransactionExecute)
                  00006c8c    00000200     maclib_secure.a : mac_device.obj (.text:macApiAssociateReq)
                  00006e8c    000001e8     rf_multiMode_cc13x0.aem3 : RFCC26XX_multiMode.oem3 (.text:RF_open)
                  00007074    000001d4     macstack.obj (.text:macStackEventLoop)
                  00007248    000001c8     maclib_secure.a : mac_scan.obj (.text:macApiScanReq)
                  00007410    000001c0                     : mac_security_pib.obj (.text:MAC_MlmeGetSecurityReq)
                  000075d0    000001bc                     : mac_beacon_device.obj (.text:macRxBeaconCritical)
                  0000778c    000001b8     drivers_cc13x0.aem3 : PINCC26XX.oem3 (.text:PIN_init)
                  00007944    000001b4     rf_multiMode_cc13x0.aem3 : RFCC26XX_multiMode.oem3 (.text:RF_scheduleCmd)
                  00007af8    000001b0     maclib_secure.a : mac_data.obj (.text:macApiDataReq)
                  00007ca8    00000198                     : macwrapper.obj (.text:macWrapperAddKeyInitFCtr)
                  00007e40    00000194                     : mac_tx.obj (.text:macTxFrame)
                  00007fd4    00000190     drivers_cc13x0.aem3 : PowerCC26XX_calibrateRCOSC.oem3 (.text:PowerCC26XX_doCalibrate)
                  00008164    00000188     maclib_secure.a : mac_pib.obj (.text:MAC_MlmeSetReq)
                  000082ec    00000184                     : mac_ie_build.obj (.text:macBuildPayloadIes)
                  00008470    0000017c                     : mac_data.obj (.text:macTxCompleteCallback)
                  000085ec    00000178     driverlib.lib : crypto.obj (.text:NOROM_CRYPTOCcmInvAuthDecrypt)
                  00008764    00000174     rf_multiMode_cc13x0.aem3 : RFCC26XX_multiMode.oem3 (.text:RF_fsmSetupState)
                  000088d8    00000170     driverlib.lib : crypto.obj (.text:NOROM_CRYPTOCcmAuthEncrypt)
                  00008a48    00000164     maclib_secure.a : mac_mgmt.obj (.text:macTxCsmaDelay)
                  00008bac    0000015c     drivers_cc13x0.aem3 : UARTCC26XX.oem3 (.text:UARTCC26XX_open)
                  00008d08    00000158     maclib_secure.a : mac_radio_tx.obj (.text:macRadioCsmaTxCbSubG$74)
                  00008e60    00000148     drivers_cc13x0.aem3 : UARTCC26XX.oem3 (.text:UARTCC26XX_hwiIntFxn)
                  00008fa8    00000148     maclib_secure.a : mac_mgmt.obj (.text:macApiDisassociateReq)
                  000090f0    00000144     rf_multiMode_cc13x0.aem3 : RFCC26XX_multiMode.oem3 (.text:RF_radioOpDoneCb)
                  00009234    00000140     nvocop.obj (.text:compactPage$29)
                  00009374    00000138     rf_multiMode_cc13x0.aem3 : RFCC26XX_multiMode.oem3 (.text:RF_ratSetupChannel)
                  000094ac    00000134                              : RFCC26XX_multiMode.oem3 (.text:RF_hwiCpe0Active)
                  000095e0    00000134     maclib_secure.a : mac_beacon_device.obj (.text:macAutoPoll)
                  00009714    00000130     sensor.obj (.text:Sensor_sendMsg)
                  00009844    00000130     maclib_secure.a : mac.obj (.text:macSendReceiveCmdSubG)
                  00009974    00000124     rf_multiMode_cc13x0.aem3 : RFCC26XX_multiMode.oem3 (.text:RF_fsmChangePhyState)
                  00009a98    00000124     maclib_secure.a : mac_mgmt.obj (.text:macApiWSAsyncReq)
                  00009bbc    00000120                     : mac_data.obj (.text:macAllocTxBuffer)
                  00009cdc    00000120                     : mac_beacon_device.obj (.text:macApiSyncReq)
                  00009dfc    0000011c     drivers_cc13x0.aem3 : UARTCC26XX.oem3 (.text:UARTCC26XX_read)
                  00009f18    0000011c     jdllc.obj (.text:assocCnfCb$34)
                  0000a034    0000011c     sensor.obj (.text:dataCnfCB$37)
                  0000a150    00000114     drivers_cc13x0.aem3 : PowerCC26XX.oem3 (.text:Power_init)
                  0000a264    00000110     maclib_secure.a : mac.obj (.text:macSetupRATChanCompare)
                  0000a374    00000108     ssf.obj (.text:Ssf_networkUpdate)
                  0000a47c    00000100     rf_multiMode_cc13x0.aem3 : RFCC26XX_multiMode.oem3 (.text:RF_close)
                  0000a57c    00000100     maclib_secure.a : mac.obj (.text:macRatCb_B)
                  0000a67c    000000fc     drivers_cc13x0.aem3 : UARTCC26XX.oem3 (.text:UARTCC26XX_write)
                  0000a778    000000f8     app_pem3.oem3 (.text:xdc_runtime_System_printfExtend__I)
                  0000a870    000000f4     rf_multiMode_cc13x0.aem3 : RFCC26XX_multiMode.oem3 (.text:RF_abortCmd)
                  0000a964    000000f4                              : RFCC26XX_multiMode.oem3 (.text:RF_getInfo)
                  0000aa58    000000f4     maclib_secure.a : mac_radio_tx.obj (.text:macRadioTxPrepCsmaUnslottedSubG)
                  0000ab4c    000000f4                     : mac_mgmt.obj (.text:macSetDefaultsByPhyID)
                  0000ac40    000000f0     driverlib.lib : rfc.obj (.text:NOROM_RFCOverrideUpdate)
                  0000ad30    000000f0                   : setup.obj (.text:NOROM_SetupTrimDevice)
                  0000ae20    000000f0     rf_multiMode_cc13x0.aem3 : RFCC26XX_multiMode.oem3 (.text:RF_pendCmd)
                  0000af10    000000f0     maclib_secure.a : mac_radio_tx.obj (.text:macRadioTxPrepCsmaSlottedSubG)
                  0000b000    000000ec                     : mac_device.obj (.text:macDeviceReset)
                  0000b0ec    000000ec                     : mac_scan.obj (.text:macScanNextChan)
                  0000b1d8    000000e4     dpl_cc13x0.aem3 : PowerCC26XX_tirtos.oem3 (.text:PowerCC26XX_standbyPolicy)
                  0000b2bc    000000e4     maclib_secure.a : mac_radio_tx.obj (.text:macRadioTxAck$74)
                  0000b3a0    000000e0     rf_multiMode_cc13x0.aem3 : RFCC26XX_multiMode.oem3 (.text:RF_fsmPowerUpState)
                  0000b480    000000e0                              : RFCC26XX_multiMode.oem3 (.text:RF_requestAccess)
                  0000b560    000000e0     maclib_secure.a : mac_beacon.obj (.text:macBeaconSetSched)
                  0000b640    000000e0                     : mac_coord.obj (.text:macIndirectSend)
                  0000b720    000000dc     drivers_cc13x0.aem3 : PINCC26XX.oem3 (.text:PINCC26XX_setIoCfg)
                  0000b7fc    000000d8     maclib_secure.a : mac_mgmt.obj (.text:macCommStatusInd)
                  0000b8d4    000000d4     drivers_cc13x0.aem3 : CryptoCC26XX.oem3 (.text:CryptoCC26XX_open)
                  0000b9a8    000000d4     driverlib.lib : rfc.obj (.text:NOROM_RFCRfTrimRead)
                  0000ba7c    000000d4     rf_multiMode_cc13x0.aem3 : RFCC26XX_multiMode.oem3 (.text:RF_howToSchedule)
                  0000bb50    000000d4     maclib_secure.a : mac_radio_tx.obj (.text:macRadioLbtTxCb)
                  0000bc24    000000d4                     : mac.obj (.text:macRatCb_A)
                  0000bcf8    000000d0     macstack.obj (.text:MAC_CbackEvent)
                  0000bdc8    000000d0     maclib_secure.a : mac_data.obj (.text:macDataTxSend)
                  0000be98    000000d0                     : mac_scan.obj (.text:macScanRxBeacon)
                  0000bf68    000000d0                     : mac_main.obj (.text:macSendDataMsg)
                  0000c038    000000cc     driverlib.lib : crypto.obj (.text:NOROM_CRYPTOAesCbc)
                  0000c104    000000cc     nvocop.obj (.text:NVOCOP_writeItem)
                  0000c1d0    000000cc     rf_multiMode_cc13x0.aem3 : RFCC26XX_multiMode.oem3 (.text:RF_swiHw)
                  0000c29c    000000cc     maclib_secure.a : mac_security.obj (.text:macOutgoingFrameKeyDescRetrieval)
                  0000c368    000000c8     rf_multiMode_cc13x0.aem3 : RFCC26XX_multiMode.oem3 (.text:RF_dispatchNextCmd)
                  0000c430    000000c8     maclib_secure.a : mac_ie_build.obj (.text:macBuildHeaderIes)
                  0000c4f8    000000c8                     : mac_security.obj (.text:macCcmStarTransform)
                  0000c5c0    000000c8                     : mac_data.obj (.text:macDataTxEnqueue)
                  0000c688    000000c4     jdllc.obj (.text:Jdllc_init)
                  0000c74c    000000c4     maclib_secure.a : mac.obj (.text:macSendFsCmd)
                  0000c810    000000bc                     : mac_scan.obj (.text:MAC_MlmeScanReq)
                  0000c8cc    000000bc     drivers_cc13x0.aem3 : PowerCC26XX.oem3 (.text:Power_releaseDependency)
                  0000c988    000000bc     maclib_secure.a : mac_tx.obj (.text:macTxFrameIsr)
                  0000ca44    000000b8     rf_multiMode_cc13x0.aem3 : RFCC26XX_multiMode.oem3 (.text:RF_ieeeExtension)
                  0000cafc    000000b8     maclib_secure.a : mac_mgmt.obj (.text:macBuildBeaconNotifyInd)
                  0000cbb4    000000b8                     : mac_rx.obj (.text:rxPostRxUpdates$75)
                  0000cc6c    000000b4     drivers_cc13x0.aem3 : PowerCC26XX.oem3 (.text:Power_setDependency)
                  0000cd20    000000b4     rf_multiMode_cc13x0.aem3 : RFCC26XX_multiMode.oem3 (.text:RF_control)
                  0000cdd4    000000b4     jdllc.obj (.text:pollCnfCb$34)
                  0000ce88    000000b4     jdllc.obj (.text:processCoordRealign$34)
                  0000cf3c    000000ac     rf_multiMode_cc13x0.aem3 : RFCC26XX_multiMode.oem3 (.text:RF_schChkCmdInsert)
                  0000cfe8    000000ac     maclib_secure.a : mac_tx.obj (.text:macTxChannelBusyCallback)
                  0000d094    000000ac     api_mac.obj (.text:processBeaconNotifyInd$32)
                  0000d140    000000a6     rom_sysbios.aem3 : rom_sysbios.obj (.text:xdc_runtime_Text_putSite__E)
                  0000d1e6    00000002     drivers_cc13x0.aem3 : PowerCC26XX.oem3 (.text:emptyClockFunc)
                  0000d1e8    000000a4     driverlib.lib : crypto.obj (.text:NOROM_CRYPTOAesEcb)
                  0000d28c    000000a4     rf_multiMode_cc13x0.aem3 : RFCC26XX_multiMode.oem3 (.text:RF_ratRestartChannels)
                  0000d330    000000a4     drivers_cc13x0.aem3 : UARTCC26XX.oem3 (.text:UARTCC26XX_initHw)
                  0000d3d4    000000a4     sensor.obj (.text:jdllcJoinedCb$37)
                  0000d478    000000a4     maclib_secure.a : mac_beacon_device.obj (.text:macBeaconSyncLoss)
                  0000d51c    000000a4     main.obj (.text:main)
                  0000d5c0    000000a4     osal.obj (.text:osal_set_event)
                  0000d664    000000a4     drivers_cc13x0.aem3 : PowerCC26XX.oem3 (.text:switchXOSCHFclockFunc)
                  0000d708    000000a0     jdllc.obj (.text:Jdllc_securityInit)
                  0000d7a8    000000a0     ssf.obj (.text:Ssf_findBlackListIndex)
                  0000d848    000000a0     auto_init.aem3 : auto_init.oem3 (.text)
                  0000d8e8    000000a0     jdllc.obj (.text:beaconNotifyIndCb$34)
                  0000d988    000000a0     nvocop.obj (.text:findItemOffset$29)
                  0000da28    000000a0     maclib_secure.a : mac_tx.obj (.text:txCsmaPrep$79)
                  0000dac8    000000a0     nvocop.obj (.text:writeItem$29)
                  0000db68    0000009c     maclib_secure.a : mac_radio_tx.obj (.text:macRadioTxPrepLbt)
                  0000dc04    0000009c     rtsv7M3_T_le_eabi.lib : memcpy_t2.asm.obj (.text)
                  0000dca0    00000098     nvocop.obj (.text:NVOCOP_deleteItem)
                  0000dd38    00000098     drivers_cc13x0.aem3 : PINCC26XX.oem3 (.text:PIN_open)
                  0000ddd0    00000098     rf_multiMode_cc13x0.aem3 : RFCC26XX_multiMode.oem3 (.text:RF_calculateDispatchTime)
                  0000de68    00000098     drivers_cc13x0.aem3 : UARTCC26XX.oem3 (.text:UARTCC26XX_initIO)
                  0000df00    00000098                         : UARTCC26XX.oem3 (.text:UARTCC26XX_swiIntFxn)
                  0000df98    00000098     maclib_secure.a : mac_mgmt.obj (.text:macRxBeacon)
                  0000e030    00000098                     : mac_scan.obj (.text:macScanRxCoordRealign)
                  0000e0c8    00000098     rom_sysbios.aem3 : rom_sysbios.obj (.text:ti_sysbios_knl_Clock_workFuncDynamic__E)
                  0000e160    00000098                      : rom_sysbios.obj (.text:xdc_runtime_Text_putMod__E)
                  0000e1f8    00000096     rtsv7M3_T_le_eabi.lib : ull_div_t2.asm.obj (.text)
                  0000e28e    00000002     maclib_secure.a : mac_pwr.obj (.text:macApiPwrOnReq)
                  0000e290    00000094     driverlib.lib : crypto.obj (.text:NOROM_CRYPTOAesLoadKey)
                  0000e324    00000094     board_led.obj (.text:board_led_blinkTimeoutCB$7)
                  0000e3b8    00000094     maclib_secure.a : mac_main.obj (.text:macCbackForEvent)
                  0000e44c    00000094                     : mac_hl_patch.obj (.text:macCcmDecrypt)
                  0000e4e0    00000094                     : mac_security.obj (.text:macCcmStarInverseTransform)
                  0000e574    00000090     rf_multiMode_cc13x0.aem3 : RFCC26XX_multiMode.oem3 (.text:RF_discardPendCmd)
                  0000e604    00000090     rom_sysbios.aem3 : rom_sysbios.obj (.text:ti_sysbios_family_arm_cc26xx_Timer_start__E)
                  0000e694    0000008c     drivers_cc13x0.aem3 : UARTCC26XX.oem3 (.text:UARTCC26XX_close)
                  0000e720    0000008c     api_mac.obj (.text:copyDataInd$32)
                  0000e7ac    0000008c     maclib_secure.a : mac_hl_patch.obj (.text:macCcmEncrypt)
                  0000e838    0000008c                     : mac_data.obj (.text:macDataTxComplete)
                  0000e8c4    0000008c     jdllc.obj (.text:scanCnfCb$34)
                  0000e950    0000008a     drivers_cc13x0.aem3 : CryptoCC26XX.oem3 (.text:CryptoCC26XX_allocateKey)
                  0000e9da    00000002     maclib_secure.a : mac.obj (.text:macClientSwitchCb)
                  0000e9dc    00000088     driverlib.lib : osc.obj (.text:NOROM_OSCHF_GetStartupTime)
                  0000ea64    00000088     drivers_cc13x0.aem3 : UARTCC26XX.oem3 (.text:UARTCC26XX_writeCancel)
                  0000eaec    00000088     maclib_secure.a : mac_mcu.obj (.text:macMcuBitReverse)
                  0000eb74    00000088     osal.obj (.text:osal_msg_receive)
                  0000ebfc    00000084     rf_multiMode_cc13x0.aem3 : RFCC26XX_multiMode.oem3 (.text:RF_issueRadioFreeCb)
                  0000ec80    00000084     maclib_secure.a : mac_device.obj (.text:macRxAssocRsp)
                  0000ed04    00000080     rf_multiMode_cc13x0.aem3 : RFCC26XX_multiMode.oem3 (.text:RF_hwiHw)
                  0000ed84    00000080     maclib_secure.a : mac_radio.obj (.text:macRadioUpdateTxPower)
                  0000ee04    00000080                     : mac_timer.obj (.text:macTimerCancel)
                  0000ee84    00000080     mac_user_config.obj (.text:rf_patch_rfe_sl_longrange$35)
                  0000ef04    00000080     maclib_secure.a : mac_tx.obj (.text:txComplete)
                  0000ef84    0000007c     board_led.obj (.text:Board_Led_control)
                  0000f000    0000007c     driverlib.lib : crypto.obj (.text:NOROM_CRYPTOCcmInvAuthDecryptResultGet)
                  0000f07c    0000007c     rf_multiMode_cc13x0.aem3 : RFCC26XX_multiMode.oem3 (.text:RF_ratFreeChannel)
                  0000f0f8    0000007c     maclib_secure.a : mac_scan.obj (.text:macScanStartTimer)
                  0000f174    0000007c                     : mac_beacon_device.obj (.text:macTrackPeriodCallback)
                  0000f1f0    0000007c     jdllc.obj (.text:sendAssocReq$34)
                  0000f26c    0000007c     jdllc.obj (.text:syncLossCb$34)
                  0000f2e8    0000007a     rtsv7M3_T_le_eabi.lib : memset_t2.asm.obj (.text)
                  0000f362    00000002     maclib_secure.a : mac_mcu.obj (.text:macMcuInit)
                  0000f364    00000078                     : mac_beacon.obj (.text:macBeaconCheckTxTime)
                  0000f3dc    00000078                     : mac_radio_tx.obj (.text:macRadioTxAckCb$74)
                  0000f454    00000078                     : mac_radio.obj (.text:macRadioUpdateChannel)
                  0000f4cc    00000078                     : mac_beacon_device.obj (.text:macTrackTimeoutCallback)
                  0000f544    00000078     osal_pwrmgr.obj (.text:osal_pwrmgr_task_state)
                  0000f5bc    00000078     drivers_cc13x0.aem3 : UARTCC26XX.oem3 (.text:writeTxFifoFlush)
                  0000f634    00000076     maclib_secure.a : mac_security.obj (.text:macKeyDescriptorLookup)
                  0000f6aa    00000002                     : mac_mgmt.obj (.text:macNoAction)
                  0000f6ac    00000074     icall_cc2650.obj (.text:ICallPlatform_pwrUpdActivityCounter)
                  0000f720    00000074     rf_multiMode_cc13x0.aem3 : RFCC26XX_multiMode.oem3 (.text:RF_yield)
                  0000f794    00000074     maclib_secure.a : mac_mcu.obj (.text:macMcuOverflowSetCompare)
                  0000f808    00000074                     : mac_mcu.obj (.text:macMcuOverflowSetPeriod)
                  0000f87c    00000070                     : mac_tx.obj (.text:macTxAckReceivedCallback)
                  0000f8ec    00000070     nvocop.obj (.text:writeWord$29)
                  0000f95c    0000006e     rtsv7M3_T_le_eabi.lib : ll_div_t2.asm.obj (.text)
                  0000f9ca    00000002     maclib_secure.a : mac_symbol_timer.obj (.text:macSymbolTimerICallPwrNotify$78)
                  0000f9cc    0000006d     rom_sysbios.aem3 : rom_sysbios.obj (.text:xdc_runtime_System_formatNum__I)
                  0000fa39    00000001     --HOLE-- [fill = 0]
                  0000fa3a    00000002     rtsv7M3_T_le_eabi.lib : div0.asm.obj (.text)
                  0000fa3c    0000006c     drivers_cc13x0.aem3 : PowerCC26XX_calibrateRCOSC.oem3 (.text:PowerCC26XX_initiateCalibration)
                  0000faa8    0000006c     rf_multiMode_cc13x0.aem3 : RFCC26XX_multiMode.oem3 (.text:RF_ratDisableChannel)
                  0000fb14    0000006c     nvocop.obj (.text:findItemInCache$29)
                  0000fb80    0000006c     maclib_secure.a : mac_mgmt.obj (.text:macDisassocComplete)
                  0000fbec    0000006c                     : mac_main.obj (.text:macExecute)
                  0000fc58    0000006c                     : mac_main.obj (.text:macSendMsg)
                  0000fcc4    00000068     driverlib.lib : sys_ctrl.obj (.text:NOROM_SysCtrlAdjustRechargeAfterPowerDown)
                  0000fd2c    00000068                   : sys_ctrl.obj (.text:NOROM_SysCtrl_DCDC_VoltageConditionalControl)
                  0000fd94    00000068     drivers_cc13x0.aem3 : UARTCC26XX.oem3 (.text:UARTCC26XX_readCancel)
                  0000fdfc    00000068     rtsv7M3_T_le_eabi.lib : copy_decompress_lzss.c.obj (.text:decompress:lzss:__TI_decompress_lzss)
                  0000fe64    00000068     drivers_cc13x0.aem3 : PowerCC26XX.oem3 (.text:lfClockReadyCallback)
                  0000fecc    00000068     maclib_secure.a : mac_radio_tx.obj (.text:macRadioSendImmAckSubG$74)
                  0000ff34    00000068                     : mac_rx_onoff.obj (.text:macRxOn)
                  0000ff9c    00000068     jdllc.obj (.text:sendScanReq$34)
                  00010004    00000068     maclib_secure.a : mac_tx.obj (.text:txGo$79)
                  0001006c    00000068     jdllc.obj (.text:updateState$34)
                  000100d4    00000064     driverlib.lib : osc.obj (.text:NOROM_OSCHF_AttemptToSwitchToXosc)
                  00010138    00000064                   : setup_rom.obj (.text:NOROM_SetupGetTrimForAnabypassValue1)
                  0001019c    00000064     rf_multiMode_cc13x0.aem3 : RFCC26XX_multiMode.oem3 (.text:RF_checkForPreemption)
                  00010200    00000064     drivers_cc13x0.aem3 : PowerCC26XX.oem3 (.text:configureXOSCHF)
                  00010264    00000064     maclib_secure.a : mac_device.obj (.text:macAssocDataRxInd)
                  000102c8    00000064                     : mac_device.obj (.text:macRxCoordRealign)
                  0001032c    00000064                     : mac_mgmt.obj (.text:macRxDisassoc)
                  00010390    00000064                     : mac_symbol_timer.obj (.text:macSymbolTimerInit)
                  000103f4    00000064     osal.obj (.text:osal_msg_enqueue_push$19)
                  00010458    00000062     maclib_secure.a : mac_mgmt.obj (.text:macBuildWSAsyncMsg)
                  000104ba    00000002     rom_sysbios.aem3 : rom_sysbios.obj (.text:ti_sysbios_BIOS_linkedWithIncorrectBootLibrary__E)
                  000104bc    00000060     driverlib.lib : osc.obj (.text:NOROM_OSCClockSourceSet)
                  0001051c    00000060     drivers_cc13x0.aem3 : PowerCC26XX.oem3 (.text:PowerCC26XX_calibrate)
                  0001057c    00000060     rf_multiMode_cc13x0.aem3 : RFCC26XX_multiMode.oem3 (.text:RF_dispatchNextEvent)
                  000105dc    00000060                              : RFCC26XX_multiMode.oem3 (.text:RF_getCurrentTime)
                  0001063c    00000060     ssf.obj (.text:Ssf_getNetworkInfo)
                  0001069c    00000060     drivers_cc13x0.aem3 : UARTCC26XX.oem3 (.text:UARTCC26XX_control)
                  000106fc    00000060     maclib_secure.a : mac_radio_tx.obj (.text:macRadioTxBackoffBoundary)
                  0001075c    00000060                     : mac_rx.obj (.text:macRxHaltCleanup)
                  000107bc    00000060                     : mac_scan.obj (.text:macScanComplete)
                  0001081c    00000060     osal.obj (.text:osal_msg_send)
                  0001087c    0000005f     rom_sysbios.aem3 : rom_sysbios.obj (.text:xdc_runtime_Text_putLab__E)
                  000108db    00000001     --HOLE-- [fill = 0]
                  000108dc    0000005c     jdllc.obj (.text:Jdllc_addSecDevice)
                  00010938    0000005c     drivers_cc13x0.aem3 : PowerCC26XX_calibrateRCOSC.oem3 (.text:PowerCC26XX_RCOSC_clockFunc)
                  00010994    0000005c     rf_multiMode_cc13x0.aem3 : RFCC26XX_multiMode.oem3 (.text:RF_hwiCpe0PowerFsm)
                  000109f0    0000005c                              : RFCC26XX_multiMode.oem3 (.text:RF_syncCb)
                  00010a4c    0000005c     maclib_secure.a : mac_device.obj (.text:macPollDataRxInd)
                  00010aa8    0000005c     mac_user_config.obj (.text:rf_patch_mce_sl_longrange$35)
                  00010b04    0000005c     app_pem3.oem3 (.text:xdc_runtime_Startup_getState__I)
                  00010b60    00000058     maclib_secure.a : mac_mgmt.obj (.text:MAC_ResumeReq)
                  00010bb8    00000058     drivers_cc13x0.aem3 : PINCC26XX.oem3 (.text:PIN_remove)
                  00010c10    00000058     rf_multiMode_cc13x0.aem3 : RFCC26XX_multiMode.oem3 (.text:RF_TxPowerTable_findValue)
                  00010c68    00000058                              : RFCC26XX_multiMode.oem3 (.text:RF_cmdDispatchTime)
                  00010cc0    00000058     mac_user_config.obj (.text:applySlLongrangePatch$35)
                  00010d18    00000058     maclib_secure.a : mac_rx_onoff.obj (.text:macRxOffRequest)
                  00010d70    00000058                     : mac_timer.obj (.text:macTimerAddTimer)
                  00010dc8    00000058                     : mac_timer.obj (.text:macTimerUpdateSymbolTimer)
                  00010e20    00000056                     : mac_data.obj (.text:macFrameDurationSubG)
                  00010e76    00000054     drivers_cc13x0.aem3 : CryptoCC26XX.oem3 (.text:CryptoCC26XX_close)
                  00010eca    00000002     app_pem3.oem3 (.text:ti_sysbios_BIOS_nullFunc__I)
                  00010ecc    00000054     uart_printf.obj (.text:UartPrintf_flush)
                  00010f20    00000054     maclib_secure.a : mac_device.obj (.text:macApiPollReq)
                  00010f74    00000054                     : mac_beacon_device.obj (.text:macSyncTimeoutCallback)
                  00010fc8    00000054                     : mac_beacon_device.obj (.text:macTrackStartCallback)
                  0001101c    00000054                     : mac_ie_parse.obj (.text:macUpdatePayloadIEPtr)
                  00011070    00000054     api_mac.obj (.text:processScanCnf$32)
                  000110c4    00000050     driverlib.lib : crypto.obj (.text:NOROM_CRYPTOCcmAuthEncryptResultGet)
                  00011114    00000050     rf_multiMode_cc13x0.aem3 : RFCC26XX_multiMode.oem3 (.text:RF_applyRfCorePatch)
                  00011164    00000050                              : RFCC26XX_multiMode.oem3 (.text:RF_fsmXOSCState)
                  000111b4    00000050                              : RFCC26XX_multiMode.oem3 (.text:RF_wakeupNotification)
                  00011204    00000050     maclib_secure.a : mac_device.obj (.text:macAssocDataReqComplete)
                  00011254    00000050                     : mac_radio.obj (.text:macRadioSetChannel)
                  000112a4    00000050                     : mac_symbol_timer.obj (.text:macSymbolTimerSetRollover)
                  000112f4    00000050     drivers_cc13x0.aem3 : UARTCC26XX.oem3 (.text:startTxFifoEmptyClk)
                  00011344    0000004c     rtsv7M3_T_le_eabi.lib : cpy_tbl.c.obj (.text:copy_in)
                  00011390    0000004c     maclib_secure.a : mac.obj (.text:macFsCb$70)
                  000113dc    0000004c                     : mac_radio.obj (.text:macGetRadioTxPowerReg)
                  00011428    0000004c                     : mac_radio.obj (.text:macRadioWakeupCb)
                  00011474    0000004c                     : mac_rx.obj (.text:macRxNokIsr)
                  000114c0    0000004c                     : mac_symbol_timer.obj (.text:macSymbolTimerEventHandler$78)
                  0001150c    0000004c                     : mac_tx.obj (.text:macTxAckNotReceivedCallback)
                  00011558    0000004a     macstack.obj (.text:icall_slimMsgParser)
                  000115a2    00000002     rom_sysbios.aem3 : rom_sysbios.obj (.text:ti_sysbios_knl_Clock_triggerFunc__I)
                  000115a4    00000048     board_lcd.obj (.text:Board_Lcd_writeStringValue)
                  000115ec    00000048     dpl_cc13x0.aem3 : ClockP_tirtos.oem3 (.text:ClockP_construct)
                  00011634    00000048     jdllc.obj (.text:Jdllc_sendDisassociationRequest)
                  0001167c    00000048     drivers_cc13x0.aem3 : PINCC26XX.oem3 (.text:PIN_setOutputEnable)
                  000116c4    00000048     ssf.obj (.text:Ssf_configurationUpdate)
                  0001170c    00000048     timer.obj (.text:Timer_construct)
                  00011754    00000048     util.obj (.text:Util_itoa)
                  0001179c    00000048     maclib_secure.a : mac_beacon_device.obj (.text:macBeaconStartFrameResponseTimer)
                  000117e4    00000048                     : mac.obj (.text:macSetupFsCmd)
                  0001182c    00000048     drivers_cc13x0.aem3 : UARTCC26XX.oem3 (.text:writeFinishedDoCallback)
                  00011874    00000044     maclib_secure.a : mac_tx.obj (.text:ICall_setTimer$79)
                  000118b8    00000044                     : mac_pib.obj (.text:MAC_MlmeGetReq)
                  000118fc    00000044     drivers_cc13x0.aem3 : RingBuf.oem3 (.text:RingBuf_put)
                  00011940    00000044     boot.aem3 : boot.oem3 (.text)
                  00011984    00000044     nvocop.obj (.text:erasePage$29)
                  000119c8    00000044     ssf.obj (.text:getNumBlackListEntries$38)
                  00011a0c    00000044     maclib_secure.a : mac_device.obj (.text:macAssocDataReq)
                  00011a50    00000044                     : mac_device.obj (.text:macPollDataReqComplete)
                  00011a94    00000044                     : mac.obj (.text:macSetupReceiveCmd)
                  00011ad8    00000044                     : mac.obj (.text:macStopCmd)
                  00011b1c    00000044                     : mac_main.obj (.text:mac_msg_deallocate)
                  00011b60    00000044     jdllc.obj (.text:populateInfo$34)
                  00011ba4    00000044     rom_sysbios.aem3 : rom_sysbios.obj (.text:xdc_runtime_Text_xprintf__I)
                  00011be8    00000042     api_mac.obj (.text:copyMacPanDescToApiMacPanDesc$32)
                  00011c2a    00000002     app_pem3.oem3 (.text:ti_sysbios_rom_cortexm_cc13xx_CC13xx_badRomRevision__E)
                  00011c2c    00000040     hal_trng_wrapper.obj (.text:HalTRNG_GetTRNG)
                  00011c6c    00000040     osal.obj (.text:ICall_setTimer$19)
                  00011cac    00000040     maclib_secure.a : mac_symbol_timer.obj (.text:ICall_setTimer$78)
                  00011cec    00000040     driverlib.lib : chipinfo.obj (.text:NOROM_ChipInfo_GetHwRevision)
                  00011d2c    00000040     nvocop.obj (.text:NVOCOP_initNV)
                  00011d6c    00000040     drivers_cc13x0.aem3 : PINCC26XX.oem3 (.text:PIN_swi)
                  00011dac    00000040     rf_multiMode_cc13x0.aem3 : RFCC26XX_multiMode.oem3 (.text:RF_setTxPower)
                  00011dec    00000040     drivers_cc13x0.aem3 : UART.oem3 (.text:UART_init)
                  00011e2c    00000040                         : UART.oem3 (.text:UART_open)
                  00011e6c    00000040     maclib_secure.a : mac_device.obj (.text:macPollFrameResponseTimeout)
                  00011eac    00000040     rtsv7M3_T_le_eabi.lib : u_divt2.asm.obj (.text)
                  00011eec    00000040     jdllc.obj (.text:sendPollReq$34)
                  00011f2c    00000040     rom_sysbios.aem3 : rom_sysbios.obj (.text:ti_sysbios_family_arm_cc26xx_Timer_setThreshold__I)
                  00011f6c    0000003e     dpl_cc13x0.aem3 : HwiP_tirtos.oem3 (.text:HwiP_construct)
                  00011faa    0000003e     drivers_cc13x0.aem3 : RingBuf.oem3 (.text:RingBuf_get)
                  00011fe8    0000003c     icall_cc2650.obj (.text:ICallPlatform_pwrConfigACAction)
                  00012024    0000003c     api_mac.obj (.text:ICall_sendServiceMsg$32)
                  00012060    0000003c     osal.obj (.text:ICall_setTimerMSecs$19)
                  0001209c    0000003c     driverlib.lib : osc.obj (.text:NOROM_OSC_HPOSCRelativeFrequencyOffsetGet)
                  000120d8    0000003c                   : rfc.obj (.text:NOROM_RFCSynthPowerDown)
                  00012114    0000003c     nvocop.obj (.text:NVOCOP_compactNV)
                  00012150    0000003c     drivers_cc13x0.aem3 : PowerCC26XX.oem3 (.text:PowerCC26XX_isStableXOSC_HF)
                  0001218c    0000003c     rf_multiMode_cc13x0.aem3 : RFCC26XX_multiMode.oem3 (.text:RF_cmdGet)
                  000121c8    0000003c     dpl_cc13x0.aem3 : SwiP_tirtos.oem3 (.text:SwiP_construct)
                  00012204    0000003c     drivers_cc13x0.aem3 : PowerCC26XX.oem3 (.text:disableLfClkQualifiersEnableClkLoss)
                  00012240    0000003c     maclib_secure.a : mac_hl_patch.obj (.text:macCheckPhyRate)
                  0001227c    0000003c                     : mac_rx_onoff.obj (.text:macRxDisable)
                  000122b8    0000003c                     : mac_device.obj (.text:macStartFrameResponseTimer)
                  000122f4    0000003c                     : mac_symbol_timer.obj (.text:macSymbolTimerSetTrigger)
                  00012330    0000003c     osal.obj (.text:osal_msg_extract)
                  0001236c    0000003c     rom_sysbios.aem3 : rom_sysbios.obj (.text:ti_sysbios_family_arm_m3_Hwi_construct2__E)
                  000123a8    0000003a     util.obj (.text:Util_bufferUint32)
                  000123e2    00000002     rom_sysbios.aem3 : rom_sysbios.obj (.text:xdc_runtime_SysCallback_defaultAbort)
                  000123e4    00000038     hal_trng_wrapper.obj (.text:HalTRNG_InitTRNG)
                  0001241c    00000038     macstack.obj (.text:ICall_enrollService$26)
                  00012454    00000038     main.obj (.text:Main_assertHandler)
                  0001248c    00000038     nvocop.obj (.text:NVOCOP_readItem)
                  000124c4    00000038     drivers_cc13x0.aem3 : PINCC26XX.oem3 (.text:PIN_setOutputValue)
                  000124fc    00000038     rf_multiMode_cc13x0.aem3 : RFCC26XX_multiMode.oem3 (.text:RF_checkCmdFsError)
                  00012534    00000038     board_key.obj (.text:board_key_keyFxn$5)
                  0001256c    00000038     jdllc.obj (.text:disassoCnfCb$34)
                  000125a4    00000038     maclib_secure.a : mac_device.obj (.text:macAssocFailed)
                  000125dc    00000038                     : mac_beacon.obj (.text:macBeaconRequeue)
                  00012614    00000038                     : mac.obj (.text:macSetUserConfig)
                  0001264c    00000038                     : mac_symbol_timer.obj (.text:macSymbolTimerCount)
                  00012684    00000038                     : mac_symbol_timer.obj (.text:macSymbolTimerRealignSubG)
                  000126bc    00000038     osal.obj (.text:osal_msg_dequeue)
                  000126f4    00000038     drivers_cc13x0.aem3 : UARTCC26XX.oem3 (.text:readData)
                  0001272c    00000038     rom_sysbios.aem3 : rom_sysbios.obj (.text:ti_sysbios_family_arm_cc26xx_Timer_getCurrentTick__E)
                  00012764    00000038     drivers_cc13x0.aem3 : UARTCC26XX.oem3 (.text:writeData)
                  0001279c    00000034     osal.obj (.text:ICall_send$19)
                  000127d0    00000034     driverlib.lib : ddi.obj (.text:NOROM_DDI32RegWrite)
                  00012804    00000034                   : osc.obj (.text:NOROM_OSCHF_SwitchToRcOscTurnOffXosc)
                  00012838    00000034     drivers_cc13x0.aem3 : PINCC26XX.oem3 (.text:PIN_setConfig)
                  0001286c    00000034                         : PowerCC26XX.oem3 (.text:Power_releaseConstraint)
                  000128a0    00000034     rf_multiMode_cc13x0.aem3 : RFCC26XX_multiMode.oem3 (.text:RF_powerConstraintRelease)
                  000128d4    00000034                              : RFCC26XX_multiMode.oem3 (.text:RF_queueEnd)
                  00012908    00000034                              : RFCC26XX_multiMode.oem3 (.text:RF_runDirectImmediateCmd)
                  0001293c    00000034     nvocop.obj (.text:disableCache$29)
                  00012970    00000034     maclib_secure.a : mac_device.obj (.text:macAssociateCnf)
                  000129a4    00000034                     : mac_beacon_device.obj (.text:macBeaconStopTrack)
                  000129d8    00000034                     : mac_data.obj (.text:macDataRxInd)
                  00012a0c    00000034                     : mac_beacon_device.obj (.text:macStartBroadcastPendTimer)
                  00012a40    00000034                     : mac_timer.obj (.text:macTimerRecalcUnaligned)
                  00012a74    00000034                     : mac_tx.obj (.text:macTxDecrypt)
                  00012aa8    00000034                     : mac_tx.obj (.text:macTxUpdateIE)
                  00012adc    00000034     drivers_cc13x0.aem3 : PowerCC26XX.oem3 (.text:notify)
                  00012b10    00000034     osal.obj (.text:osal_msg_enqueue)
                  00012b44    00000034     rom_sysbios.aem3 : rom_sysbios.obj (.text:ti_sysbios_family_arm_cc26xx_Timer_initDevice__I)
                  00012b78    00000034                      : rom_sysbios.obj (.text:ti_sysbios_knl_Swi_setPri__E)
                  00012bac    00000032     icall_cc2650.obj (.text:ICallPlatform_pwrNotify$1)
                  00012bde    00000032     maclib_secure.a : mac_scan.obj (.text:macScanCnfInit)
                  00012c10    00000032     rom_sysbios.aem3 : rom_sysbios.obj (.text:ti_sysbios_family_arm_cc26xx_Timer_setNextTick__E)
                  00012c42    00000002                      : rom_sysbios.obj (.text:xdc_runtime_SysCallback_defaultExit)
                  00012c44    00000030     hal_flash_wrapper.obj (.text:HalFlashRead)
                  00012c74    00000030     icall_cc2650.obj (.text:ICallPlatform_pwrRegisterNotify)
                  00012ca4    00000030     driverlib.lib : crypto.obj (.text:NOROM_CRYPTOAesEcbStatus)
                  00012cd4    00000030                   : crypto.obj (.text:NOROM_CRYPTOCcmAuthEncryptStatus)
                  00012d04    00000030                   : crypto.obj (.text:NOROM_CRYPTOCcmInvAuthDecryptStatus)
                  00012d34    00000030                   : chipinfo.obj (.text:NOROM_ChipInfo_GetChipType)
                  00012d64    00000030                   : setup_rom.obj (.text:NOROM_SetupSetAonRtcSubSecInc)
                  00012d94    00000030     drivers_cc13x0.aem3 : PowerCC26XX.oem3 (.text:Power_setConstraint)
                  00012dc4    00000030     ssf.obj (.text:Ssf_setPollClock)
                  00012df4    00000030     ssf.obj (.text:Ssf_setReadingClock)
                  00012e24    00000030     ssf.obj (.text:Ssf_setScanBackoffClock)
                  00012e54    00000030     jdllc.obj (.text:disassocIndCb$34)
                  00012e84    00000030     maclib_secure.a : mac_mgmt.obj (.text:macBcTimerHandler)
                  00012eb4    00000030                     : mac_pib.obj (.text:macMRFSKGetPhyDesc)
                  00012ee4    00000030                     : mac_symbol_timer.obj (.text:macSymbolTimerICallTimerCback$78)
                  00012f14    00000030                     : mac_timer.obj (.text:macTimerSetRollover)
                  00012f44    00000030     osal.obj (.text:osal_alien2proxy)
                  00012f74    00000030     drivers_cc13x0.aem3 : UARTCC26XX.oem3 (.text:readData2RingBuf)
                  00012fa4    00000030     app_pem3.oem3 (.text:ti_sysbios_BIOS_atExitFunc__I)
                  00012fd4    00000030     app_pem3.oem3 (.text:ti_sysbios_BIOS_startFunc__I)
                  00013004    0000002e     icall_cc2650.obj (.text:ICallPlatform_pwrDispenseImpl$1)
                  00013032    0000002e     icall_cc2650.obj (.text:ICallPlatform_pwrRequireImpl$1)
                  00013060    0000002e     drivers_cc13x0.aem3 : CryptoCC26XX.oem3 (.text:cryptoTransactionPend)
                  0001308e    00000002     --HOLE-- [fill = 0]
                  00013090    0000002c     CC13X0_LAUNCHXL.obj (.text:CC1350_LAUNCHXL_rfDriverCallback$3)
                  000130bc    0000002c     driverlib.lib : osc.obj (.text:NOROM_OSCClockSourceGet)
                  000130e8    0000002c                   : rfc.obj (.text:NOROM_RFCCpePatchReset)
                  00013114    0000002c     drivers_cc13x0.aem3 : PINCC26XX.oem3 (.text:PINCC26XX_setMux)
                  00013140    0000002c     rf_multiMode_cc13x0.aem3 : RFCC26XX_multiMode.oem3 (.text:RF_calculateDeltaTimeUs)
                  0001316c    0000002c                              : RFCC26XX_multiMode.oem3 (.text:RF_executeDirectImmediateCmd)
                  00013198    0000002c     dpl_cc13x0.aem3 : SemaphoreP_tirtos.oem3 (.text:SemaphoreP_constructBinary)
                  000131c4    0000002c     ssf.obj (.text:Ssf_clearNetworkInfo)
                  000131f0    0000002c     uart_printf.obj (.text:UartPrintf_putch)
                  0001321c    0000002c     nvocop.obj (.text:findOffset$29)
                  00013248    0000002c     maclib_secure.a : mac_pib.obj (.text:macPibReset)
                  00013274    0000002c                     : mac_radio.obj (.text:macRadioSetPanCoordinator)
                  000132a0    0000002c     osal.obj (.text:osal_msec_timer_cback$19)
                  000132cc    0000002c     saddr.obj (.text:sAddrCmp)
                  000132f8    0000002c     rom_sysbios.aem3 : rom_sysbios.obj (.text:ti_sysbios_knl_Clock_getTicksUntilInterrupt__E)
                  00013324    0000002b                      : rom_sysbios.obj (.text:xdc_runtime_Text_printVisFxn__I)
                  0001334f    00000001     --HOLE-- [fill = 0]
                  00013350    0000002a                      : rom_sysbios.obj (.text:ti_sysbios_knl_Clock_getTimeout__E)
                  0001337a    0000002a                      : rom_sysbios.obj (.text:xdc_runtime_System_putchar__I)
                  000133a4    00000028     drivers_cc13x0.aem3 : CryptoCC26XX.oem3 (.text:CryptoCC26XX_releaseKey)
                  000133cc    00000028     ssf.obj (.text:ICall_malloc$38)
                  000133f4    00000028     maclib_secure.a : mac_security_pib.obj (.text:MAC_MlmeGetPointerSecurityReq)
                  0001341c    00000028     driverlib.lib : aon_batmon.obj (.text:NOROM_AONBatMonTemperatureGetDegC)
                  00013444    00000028                   : rfc.obj (.text:NOROM_RFCDoorbellSendTo)
                  0001346c    00000028     drivers_cc13x0.aem3 : PowerCC26XX.oem3 (.text:Power_registerNotify)
                  00013494    00000028     rf_multiMode_cc13x0.aem3 : RFCC26XX_multiMode.oem3 (.text:RF_getTxPower)
                  000134bc    00000028     driverlib.lib : adi.obj (.text:SafeHapiVoid)
                  000134e4    00000028     board_led.obj (.text:board_led_anyBlinking$7)
                  0001350c    00000028     nvocop.obj (.text:findItem$29)
                  00013534    00000028     maclib_secure.a : mac_mgmt.obj (.text:macApiPending)
                  0001355c    00000028                     : mac_beacon.obj (.text:macBeaconCheckSched)
                  00013584    00000028                     : mac_mgmt.obj (.text:macCoordAddrCmp)
                  000135ac    00000028                     : mac_mgmt.obj (.text:macGetCoordAddress)
                  000135d4    00000028                     : mac_radio.obj (.text:macRadioStopScan)
                  000135fc    00000028                     : mac_tx.obj (.text:macTxRequestCsmaRtcDelay)
                  00013624    00000028     osal_memory_icall.obj (.text:osal_mem_alloc)
                  0001364c    00000028     osal_timers.obj (.text:osal_next_timeout)
                  00013674    00000026     maclib_secure.a : mac_radio.obj (.text:radioComputeED$73)
                  0001369a    00000026     rom_sysbios.aem3 : rom_sysbios.obj (.text:xdc_runtime_System_vprintf__E)
                  000136c0    00000024     drivers_cc13x0.aem3 : CryptoCC26XX.oem3 (.text:CryptoCC26XX_hwiIntFxn)
                  000136e4    00000024     osal_pwrmgr.obj (.text:ICall_pwrUpdActivityCounter$23)
                  00013708    00000024     drivers_cc13x0.aem3 : List.oem3 (.text:List_remove)
                  0001372c    00000024     rf_multiMode_cc13x0.aem3 : RFCC26XX_multiMode.oem3 (.text:RF_cmdAlloc)
                  00013750    00000024                              : RFCC26XX_multiMode.oem3 (.text:RF_invokeGlobalCallback)
                  00013774    00000024     maclib_secure.a : mac_device.obj (.text:macAssocFrameResponseTimeout)
                  00013798    00000024                     : mac_beacon.obj (.text:macBeaconReset)
                  000137bc    00000024                     : mac_radio.obj (.text:macGetRadioState)
                  000137e0    00000024                     : mac_radio_tx.obj (.text:macRadioTxRequestTxAck)
                  00013804    00000024                     : mac_rx_onoff.obj (.text:macRxSoftDisable)
                  00013828    00000024                     : mac_timer.obj (.text:macTimerAligned)
                  0001384c    00000024     rtsv7M3_T_le_eabi.lib : memcmp.c.obj (.text:memcmp)
                  00013870    00000024     osal.obj (.text:osal_msg_allocate)
                  00013894    00000024     app_pem3.oem3 (.text:ti_sysbios_BIOS_registerRTSLock__I)
                  000138b8    00000024     app_pem3.oem3 (.text:ti_sysbios_BIOS_removeRTSLock__I)
                  000138dc    00000024     rom_sysbios.aem3 : rom_sysbios.obj (.text:ti_sysbios_family_arm_cc26xx_Timer_getMaxTicks__E)
                  00013900    00000022     drivers_cc13x0.aem3 : List.oem3 (.text:List_get)
                  00013922    00000022                         : List.oem3 (.text:List_insert)
                  00013944    00000022                         : List.oem3 (.text:List_put)
                  00013966    00000022                         : List.oem3 (.text:List_putHead)
                  00013988    00000020     hal_flash_wrapper.obj (.text:HalFlashGetAddress)
                  000139a8    00000020     osal_memory_icall.obj (.text:ICall_free$22)
                  000139c8    00000020     api_mac.obj (.text:ICall_free$32)
                  000139e8    00000020     osal.obj (.text:ICall_getTicks$19)
                  00013a08    00000020     sensor.obj (.text:ICall_getTicks$37)
                  00013a28    00000020     osal.obj (.text:ICall_signal$19)
                  00013a48    00000020     maclib_secure.a : mac_symbol_timer.obj (.text:ICall_signal$78)
                  00013a68    00000020     driverlib.lib : rfc.obj (.text:NOROM_RFCAdi3VcoLdoVoltageMode)
                  00013a88    00000020     dpl_cc13x0.aem3 : PowerCC26XX_tirtos.oem3 (.text:PowerCC26XX_schedulerDisable)
                  00013aa8    00000020                     : PowerCC26XX_tirtos.oem3 (.text:PowerCC26XX_schedulerRestore)
                  00013ac8    00000020     drivers_cc13x0.aem3 : PowerCC26XX.oem3 (.text:Power_unregisterNotify)
                  00013ae8    00000020     rf_multiMode_cc13x0.aem3 : RFCC26XX_multiMode.oem3 (.text:RF_clkPowerUp)
                  00013b08    00000020                              : RFCC26XX_multiMode.oem3 (.text:RF_hwiCpe0ChangePhy)
                  00013b28    00000020                              : RFCC26XX_multiMode.oem3 (.text:RF_ratIsRunning)
                  00013b48    00000020     maclib_secure.a : mac_data.obj (.text:macDataRxMemAlloc)
                  00013b68    00000020                     : mac_data.obj (.text:macDataSend)
                  00013b88    00000020                     : mac_radio.obj (.text:macRadioSwInit)
                  00013ba8    00000020                     : mac_rx_onoff.obj (.text:macRxOff)
                  00013bc8    00000020                     : mac_rx_onoff.obj (.text:macRxSoftEnable)
                  00013be8    00000020     osal.obj (.text:osal_memcmp)
                  00013c08    00000020     osal.obj (.text:osal_msg_push)
                  00013c28    00000020     ssf.obj (.text:processScanBackoffTimeoutCallback$38)
                  00013c48    00000020     app_pem3.oem3 (.text:ti_sysbios_BIOS_rtsLock__I)
                  00013c68    00000020     rom_sysbios.aem3 : rom_sysbios.obj (.text:ti_sysbios_family_arm_cc26xx_Timer_dynamicStub__E)
                  00013c88    00000020                      : rom_sysbios.obj (.text:ti_sysbios_knl_Clock_stop__E)
                  00013ca8    00000020                      : rom_sysbios.obj (.text:xdc_runtime_Registry_findById__E)
                  00013cc8    0000001e     drivers_cc13x0.aem3 : PINCC26XX.oem3 (.text:PIN_close)
                  00013ce6    0000001e                         : PowerCC26XX.oem3 (.text:Power_getTransitionLatency)
                  00013d04    0000001e     maclib_secure.a : mac_hl_patch.obj (.text:macPibIndex)
                  00013d22    0000001e                     : mac_scan.obj (.text:macScanFailedInProgress)
                  00013d40    0000001e                     : mac_timer.obj (.text:macTimerRemoveTimer)
                  00013d5e    00000002     --HOLE-- [fill = 0]
                  00013d60    0000001c     osal.obj (.text:ICall_abort$19)
                  00013d7c    0000001c     osaltasks.obj (.text:ICall_abort$27)
                  00013d98    0000001c     driverlib.lib : chipinfo.obj (.text:NOROM_ChipInfo_GetChipFamily)
                  00013db4    0000001c                   : flash.obj (.text:NOROM_FlashProgram)
                  00013dd0    0000001c                   : flash.obj (.text:NOROM_FlashSectorErase)
                  00013dec    0000001c     drivers_cc13x0.aem3 : PINCC26XX.oem3 (.text:PINCC26XX_setIoCfgMux)
                  00013e08    0000001c                         : PINCC26XX.oem3 (.text:PIN_hwi)
                  00013e24    0000001c     rf_multiMode_cc13x0.aem3 : RFCC26XX_multiMode.oem3 (.text:RF_clkInactivity)
                  00013e40    0000001c                              : RFCC26XX_multiMode.oem3 (.text:RF_getRssi)
                  00013e5c    0000001c                              : RFCC26XX_multiMode.oem3 (.text:RF_powerConstraintSet)
                  00013e78    0000001c     ssf.obj (.text:Ssf_initializeReadingClock)
                  00013e94    0000001c     ssf.obj (.text:Ssf_stateChangeUpdate)
                  00013eb0    0000001c     nvocop.obj (.text:enableCache$29)
                  00013ecc    0000001c     maclib_secure.a : mac_mgmt.obj (.text:macConflictSyncLossInd)
                  00013ee8    0000001c                     : mac_mcu.obj (.text:macMcuTimerCapture)
                  00013f04    0000001c                     : mac_device.obj (.text:macPollRxDisassoc)
                  00013f20    0000001c                     : mac_radio.obj (.text:macRadioSetRE)
                  00013f3c    0000001c                     : mac_rx.obj (.text:macRxAckTxDoneCallback)
                  00013f58    0000001c                     : mac.obj (.text:macSetCurrChan$70)
                  00013f74    0000001c                     : mac_symbol_timer.obj (.text:macSymbolTimerSetTriggerRollover)
                  00013f90    0000001c                     : mac_timer.obj (.text:macTimer)
                  00013fac    0000001c     osal.obj (.text:osal_proxy2alien$19)
                  00013fc8    0000001c     ssf.obj (.text:processPollTimeoutCallback$38)
                  00013fe4    0000001c     ssf.obj (.text:processReadingTimeoutCallback$38)
                  00014000    0000001c     maclib_secure.a : mac_rx.obj (.text:rxDone$75)
                  0001401c    0000001c     saddr.obj (.text:sAddrExtCmp)
                  00014038    0000001c     rom_sysbios.aem3 : rom_sysbios.obj (.text:ti_sysbios_knl_Swi_construct2__E)
                  00014054    0000001a     api_mac.obj (.text:copyApiMacAddrToMacAddr)
                  0001406e    0000001a     maclib_secure.a : mac_hl_patch.obj (.text:macCheckPhyMode)
                  00014088    0000001a                     : mac_low_level.obj (.text:macLowLevelDiags)
                  000140a2    0000001a     rom_sysbios.aem3 : rom_sysbios_config.obj (.text:xdc_runtime_System_printf__E)
                  000140bc    00000018     api_mac.obj (.text:ApiMac_mlmeSetReqBool)
                  000140d4    00000018     api_mac.obj (.text:ApiMac_mlmeSetReqUint16)
                  000140ec    00000018     api_mac.obj (.text:ApiMac_mlmeSetReqUint8)
                  00014104    00000018     hal_aes.obj (.text:HalAesInit)
                  0001411c    00000018     icall_cc2650.obj (.text:ICallPlatform_pwrDispense)
                  00014134    00000018     icall_cc2650.obj (.text:ICallPlatform_pwrRequire)
                  0001414c    00000018     driverlib.lib : aon_rtc.obj (.text:NOROM_AONRTCCurrentCompareValueGet)
                  00014164    00000018                   : chipinfo.obj (.text:NOROM_ChipInfo_GetPackageType)
                  0001417c    00000018                   : osc.obj (.text:NOROM_OSCHF_TurnOnXosc)
                  00014194    00000018                   : rfc.obj (.text:NOROM_RFCCpeIntGetAndClear)
                  000141ac    00000018     drivers_cc13x0.aem3 : PowerCC26XX.oem3 (.text:Power_idleFunc)
                  000141c4    00000018     rf_multiMode_cc13x0.aem3 : RFCC26XX_multiMode.oem3 (.text:RF_preemptClient)
                  000141dc    00000018                              : RFCC26XX_multiMode.oem3 (.text:RF_swiFsm)
                  000141f4    00000018                              : RFCC26XX_multiMode.oem3 (.text:RF_triggDispatcher)
                  0001420c    00000018     drivers_cc13x0.aem3 : UARTCC26XX.oem3 (.text:UARTCC26XX_init)
                  00014224    00000018                         : UART.oem3 (.text:UART_Params_init)
                  0001423c    00000018     rtsv7M3_T_le_eabi.lib : args_main.c.obj (.text:_args_main)
                  00014254    00000018     board_key.obj (.text:board_key_changeHandler$5)
                  0001426c    00000018     api_mac.obj (.text:copyMacAddrToApiMacAddr$32)
                  00014284    00000018     drivers_cc13x0.aem3 : CryptoCC26XX.oem3 (.text:cryptoTransactionPoll)
                  0001429c    00000018     maclib_secure.a : mac_mgmt.obj (.text:macGetMyAddrMode)
                  000142b4    00000018                     : mac_device.obj (.text:macPollCnf)
                  000142cc    00000018                     : mac_device.obj (.text:macPollRxAssocRsp)
                  000142e4    00000018                     : mac_radio.obj (.text:macRadioSetIEEEAddr)
                  000142fc    00000018                     : mac_radio.obj (.text:macRadioSetShortAddr)
                  00014314    00000018                     : mac_rx_onoff.obj (.text:macRxOnRequest)
                  0001432c    00000018                     : mac_device.obj (.text:macStartResponseTimer)
                  00014344    00000018                     : mac_main.obj (.text:macStateIdleOrPolling)
                  0001435c    00000018                     : mac_symbol_timer.obj (.text:macSymbolTimerRestore)
                  00014374    00000018                     : mac_timer.obj (.text:macTimerInit)
                  0001438c    00000018                     : mac_tx.obj (.text:macTxAbortIsr)
                  000143a4    00000018                     : macwrapper.obj (.text:macWrapper8ByteUnused)
                  000143bc    00000018     osal.obj (.text:osal_memcpy)
                  000143d4    00000018     ssf.obj (.text:processKeyChangeCallback$38)
                  000143ec    00000018     rtsv7M3_T_le_eabi.lib : ll_mul_t2.asm.obj (.text)
                  00014404    00000018     app_pem3.oem3 (.text:ti_sysbios_BIOS_rtsUnlock__I)
                  0001441c    00000018     rom_sysbios.aem3 : rom_sysbios.obj (.text:ti_sysbios_knl_Swi_or__E)
                  00014434    00000018     app_pem3.oem3 (.text:ti_sysbios_rom_cortexm_cc13xx_CC13xx_checkRevision__E)
                  0001444c    00000016     rf_multiMode_cc13x0.aem3 : RFCC26XX_multiMode.oem3 (.text:RF_restartClockTimeout)
                  00014462    00000016     util.obj (.text:Util_clearEvent)
                  00014478    00000016     util.obj (.text:Util_parseUint32)
                  0001448e    00000016     util.obj (.text:Util_setEvent)
                  000144a4    00000016     app_pem3.oem3 (.text:ti_sysbios_BIOS_exitFunc__I)
                  000144ba    00000002     --HOLE-- [fill = 0]
                  000144bc    00000014     api_mac.obj (.text:ApiMac_randomByte)
                  000144d0    00000014     jdllc.obj (.text:Jdllc_setPollRate)
                  000144e4    00000014     drivers_cc13x0.aem3 : List.oem3 (.text:List_clearList)
                  000144f8    00000014     macstack.obj (.text:MAC_CbackQueryRetransmit)
                  0001450c    00000014     driverlib.lib : aon_rtc.obj (.text:NOROM_AONRTCCurrent64BitValueGet)
                  00014520    00000014     drivers_cc13x0.aem3 : PINCC26XX.oem3 (.text:PINCC26XX_getInputValue)
                  00014534    00000014     rf_multiMode_cc13x0.aem3 : RFCC26XX_multiMode.oem3 (.text:RF_Params_init)
                  00014548    00000014                              : RFCC26XX_multiMode.oem3 (.text:RF_RatConfigCompare_init)
                  0001455c    00000014                              : RFCC26XX_multiMode.oem3 (.text:RF_dbellSyncOnAck)
                  00014570    00000014                              : RFCC26XX_multiMode.oem3 (.text:RF_ratCompare)
                  00014584    00000014                              : RFCC26XX_multiMode.oem3 (.text:RF_ratGetChannel)
                  00014598    00000014                              : RFCC26XX_multiMode.oem3 (.text:RF_schResolveConflict)
                  000145ac    00000014     main.obj (.text:SysCtrlSystemReset$36)
                  000145c0    00000014     drivers_cc13x0.aem3 : PowerCC26XX.oem3 (.text:configureRFCoreClocks)
                  000145d4    00000014     jdllc.obj (.text:dataCnfCb$34)
                  000145e8    00000014     maclib_secure.a : mac_data.obj (.text:macDataTxTimeAvailable)
                  000145fc    00000014                     : mac_main.obj (.text:macMainReserve)
                  00014610    00000014                     : mac_mcu.obj (.text:macMcuOverflowCapture)
                  00014624    00000014                     : mac_radio.obj (.text:macRadioSetPanID)
                  00014638    00000014                     : mac_main.obj (.text:macStateScanning)
                  0001464c    00000014                     : mac_mgmt.obj (.text:macWSAsyncCnf)
                  00014660    00000014                     : mac_rx.obj (.text:rxDiscardFrame$75)
                  00014674    00000014     saddr.obj (.text:sAddrCpy)
                  00014688    00000014     nvocop.obj (.text:setActivePage$29)
                  0001469c    00000014     rtsv7M3_T_le_eabi.lib : strlen.c.obj (.text:strlen)
                  000146b0    00000014     jdllc.obj (.text:switchState$34)
                  000146c4    00000014     app_pem3.oem3 (.text:ti_sysbios_knl_Clock_doTick__I)
                  000146d8    00000013     board_lcd.obj (.text:Board_Lcd_writeString)
                  000146eb    00000001     --HOLE-- [fill = 0]
                  000146ec    00000012     rf_multiMode_cc13x0.aem3 : RFCC26XX_multiMode.oem3 (.text:RF_getCmdOp)
                  000146fe    00000012     drivers_cc13x0.aem3 : RingBuf.oem3 (.text:RingBuf_construct)
                  00014710    00000012     dpl_cc13x0.aem3 : SemaphoreP_tirtos.oem3 (.text:SemaphoreP_pend)
                  00014722    00000012     maclib_secure.a : mac_radio.obj (.text:macRadioSetTxPower)
                  00014734    00000012                     : mac_security_pib.obj (.text:macSecurityPibIndex)
                  00014746    00000012     osal.obj (.text:osal_msg_deallocate)
                  00014758    00000012     app_pem3.oem3 (.text:xdc_runtime_Startup_exec__I)
                  0001476a    00000002     --HOLE-- [fill = 0]
                  0001476c    00000010     api_mac.obj (.text:ApiMac_mlmeGetReqArray)
                  0001477c    00000010     api_mac.obj (.text:ApiMac_mlmeGetReqUint16)
                  0001478c    00000010     api_mac.obj (.text:ApiMac_mlmeGetReqUint32)
                  0001479c    00000010     api_mac.obj (.text:ApiMac_mlmeSetReqArray)
                  000147ac    00000010     api_mac.obj (.text:ApiMac_mlmeSetSecurityReqStruct)
                  000147bc    00000010     dpl_cc13x0.aem3 : ClockP_tirtos.oem3 (.text:ClockP_isActive)
                  000147cc    00000010     hal_appasrt.obj (.text:HAL_APPASRT_callAssrtHanlder)
                  000147dc    00000010     dpl_cc13x0.aem3 : HwiP_tirtos.oem3 (.text:HwiP_Params_init)
                  000147ec    00000010     icall_cc2650.obj (.text:ICallPlatform_pwrGetXOSCStartupTime)
                  000147fc    00000010     driverlib.lib : rfc.obj (.text:NOROM_RFCHwIntGetAndClear)
                  0001480c    00000010                   : rfc.obj (.text:NOROM_RFCRfTrimSet)
                  0001481c    00000010     drivers_cc13x0.aem3 : PINCC26XX.oem3 (.text:PINCC26XX_getPinCount)
                  0001482c    00000010     rf_multiMode_cc13x0.aem3 : RFCC26XX_multiMode.oem3 (.text:RF_dbellSubmitCmdAsync)
                  0001483c    00000010                              : RFCC26XX_multiMode.oem3 (.text:RF_isClientOwner)
                  0001484c    00000010     dpl_cc13x0.aem3 : SwiP_tirtos.oem3 (.text:SwiP_Params_init)
                  0001485c    00000010     timer.obj (.text:Timer_isActive)
                  0001486c    00000010     maclib_secure.a : mac_device.obj (.text:macAssocRxDisassoc)
                  0001487c    00000010                     : mac.obj (.text:macRadioPowerCtrlFEM)
                  0001488c    00000010                     : mac_rx_onoff.obj (.text:macRxEnable)
                  0001489c    00000010                     : mac_main.obj (.text:macSetEvent16)
                  000148ac    00000010                     : mac_main.obj (.text:macSetEvent)
                  000148bc    00000010     nvocop.obj (.text:setXferPage$29)
                  000148cc    00000010     rom_sysbios.aem3 : rom_sysbios.obj (.text:ti_sysbios_family_arm_m3_Hwi_post__E)
[...]
1001b791  ti_sysbios_knl_Clock_TimerProxy_startup__E
1001b791  ti_sysbios_knl_Clock_TimerProxy_startup__E__mangled__
1001b7bd  ti_sysbios_family_arm_m3_Hwi_Object__get__S
1001b7e9  ti_sysbios_gates_GateMutex_construct
1001b815  ti_sysbios_hal_Hwi_initStack
1001b841  ti_sysbios_heaps_HeapMem_Object__create__S
1001b86d  ti_sysbios_heaps_HeapMem_Object__get__S
1001b899  ti_sysbios_knl_Mailbox_Object__get__S
1001b8c5  ti_sysbios_knl_Mailbox_postInit__I
1001b8f1  ti_sysbios_knl_Queue_construct
1001b91d  ti_sysbios_knl_Queue_create
1001b949  ti_sysbios_knl_Semaphore_pendTimeout__I
1001b975  ti_sysbios_knl_Swi_Object__get__S
1001b9a1  ti_sysbios_knl_Task_unblockI__E
1001b9cd  ti_sysbios_family_arm_cc26xx_TimestampProvider_get64__E
1001b9cd  xdc_runtime_Timestamp_SupportProxy_get64__E
1001b9cd  xdc_runtime_Timestamp_SupportProxy_get64__E__mangled__
1001b9cd  xdc_runtime_Timestamp_get64__E
1001b9cd  xdc_runtime_Timestamp_get64__E
1001b9f5  ti_sysbios_hal_Hwi_Instance_init__E
1001ba1d  ti_sysbios_knl_Clock_addI__E
1001ba45  ti_sysbios_knl_Task_restore__E
1001ba6d  ti_sysbios_family_arm_cc26xx_Timer_Module_startup__E
1001ba91  ti_sysbios_gates_GateHwi_Object__create__S
1001bab5  ti_sysbios_BIOS_RtsGateProxy_Object__delete__S
1001bab5  ti_sysbios_gates_GateMutex_Object__delete__S
1001bab5  ti_sysbios_heaps_HeapMem_Module_GateProxy_Object__delete__S
1001bad9  ti_sysbios_knl_Clock_Object__delete__S
1001bafd  ti_sysbios_knl_Semaphore_Instance_init__E
1001bb21  ti_sysbios_knl_Semaphore_Object__delete__S
1001bb45  ti_sysbios_family_arm_cc26xx_Timer_Module__startupDone__S
1001bb45  ti_sysbios_knl_Clock_TimerProxy_Module__startupDone__S__mangled__
1001bb65  ti_sysbios_family_arm_cc26xx_TimestampProvider_Module_startup__E
1001bb85  ti_sysbios_family_arm_m3_Hwi_Module__startupDone__S
1001bb85  ti_sysbios_hal_Hwi_HwiProxy_Module__startupDone__S__mangled__
1001bba5  ti_sysbios_family_arm_m3_Hwi_Object__delete__S
1001bba5  ti_sysbios_hal_Hwi_HwiProxy_Object__delete__S
1001bbc5  ti_sysbios_family_arm_m3_Hwi_excHandler__I
1001bbe5  ti_sysbios_gates_GateHwi_Handle__label__S
1001bbe5  xdc_runtime_Main_Module_GateProxy_Handle__label__S
1001bbe5  xdc_runtime_System_Module_GateProxy_Handle__label__S
1001bbe5  xdc_runtime_System_Module_GateProxy_Handle__label__S__mangled__
1001bc05  ti_sysbios_gates_GateHwi_Object__delete__S
1001bc05  xdc_runtime_System_Module_GateProxy_Object__delete__S
1001bc25  ti_sysbios_BIOS_RtsGateProxy_Handle__label__S
1001bc25  ti_sysbios_BIOS_RtsGateProxy_Handle__label__S__mangled__
1001bc25  ti_sysbios_gates_GateMutex_Handle__label__S
1001bc25  ti_sysbios_heaps_HeapMem_Module_GateProxy_Handle__label__S
1001bc25  ti_sysbios_heaps_HeapMem_Module_GateProxy_Handle__label__S__mangled__
1001bc45  ti_sysbios_gates_GateMutex_Object__destruct__S
1001bc65  ti_sysbios_hal_Hwi_Object__delete__S
1001bc85  ti_sysbios_heaps_HeapMem_Handle__label__S
1001bc85  xdc_runtime_Memory_HeapProxy_Handle__label__S
1001bc85  xdc_runtime_Memory_HeapProxy_Handle__label__S__mangled__
1001bca5  ti_sysbios_heaps_HeapMem_Object__delete__S
1001bca5  xdc_runtime_Memory_HeapProxy_Object__delete__S
1001bcc5  ti_sysbios_knl_Clock_Module_startup__E
1001bce5  ti_sysbios_knl_Clock_Object__destruct__S
1001bd05  ti_sysbios_knl_Idle_run__E
1001bd25  ti_sysbios_knl_Mailbox_Object__delete__S
1001bd45  ti_sysbios_knl_Queue_Object__delete__S
1001bd65  ti_sysbios_knl_Queue_Object__get__S
1001bd85  ti_sysbios_knl_Semaphore_Object__destruct__S
1001bda5  ti_sysbios_knl_Swi_Object__delete__S
1001bdc5  ti_sysbios_knl_Task_Object__delete__S
1001bde5  ti_sysbios_knl_Task_Object__get__S
1001be05  ti_sysbios_knl_Task_enter__I
1001be25  ti_sysbios_knl_Task_restoreHwi__E
1001be45  ti_sysbios_hal_Hwi_HwiProxy_create
1001be63  ti_sysbios_knl_Clock_logTick__E
1001be65  ti_sysbios_family_arm_m3_Hwi_Object__destruct__S
1001be81  ti_sysbios_family_arm_m3_Hwi_setPriority__E
1001be9d  ti_sysbios_gates_GateMutex_Instance_init__E
1001beb9  ti_sysbios_knl_Clock_scheduleNextTick__E
1001bed5  ti_sysbios_knl_Mailbox_Object__destruct__S
1001bef1  ti_sysbios_knl_Queue_Object__destruct__S
1001bf0d  ti_sysbios_knl_Queue_get__E
1001bf29  ti_sysbios_knl_Queue_put__E
1001bf45  ti_sysbios_knl_Swi_Object__destruct__S
1001bf61  ti_sysbios_knl_Task_Object__destruct__S
1001bf7d  ti_sysbios_knl_Task_sleepTimeout__I
1001bf97  ti_sysbios_knl_Swi_Instance_finalize__E
1001bf99  ti_sysbios_gates_GateMutex_leave__E
1001bfb1  ti_sysbios_knl_Task_unblock__E
1001bfc9  ti_sysbios_knl_Clock_Instance_finalize__E
1001bfdf  ti_sysbios_knl_Clock_start__E
1001bff5  ti_sysbios_BIOS_getCpuFreq__E
1001c009  ti_sysbios_family_arm_m3_Hwi_switchFromBootStack__E
1001c009  ti_sysbios_hal_Hwi_HwiProxy_switchFromBootStack__E__mangled__
1001c01d  ti_sysbios_hal_Hwi_Module_startup__E
1001c031  ti_sysbios_BIOS_exit__E
1001c041  ti_sysbios_BIOS_setThreadType__E
1001c051  ti_sysbios_BIOS_start__E
1001c061  ti_sysbios_family_arm_m3_Hwi_plug__E
1001c071  ti_sysbios_gates_GateMutex_Instance_finalize__E
1001c081  ti_sysbios_hal_Hwi_HwiProxy_Object__create__S
1001c091  ti_sysbios_knl_Clock_TimerProxy_getCurrentTick__E
1001c0a1  ti_sysbios_knl_Clock_TimerProxy_getMaxTicks__E
1001c0b1  ti_sysbios_knl_Clock_TimerProxy_setNextTick__E
1001c0c1  ti_sysbios_knl_Semaphore_Instance_finalize__E
1001c0d1  ti_sysbios_knl_Swi_disable__E
1001c0e1  ti_sysbios_knl_Swi_enabled__E
1001c0f1  ti_sysbios_knl_Task_disable__E
1001c101  ti_sysbios_heaps_HeapMem_restore__E
1001c10f  ti_sysbios_knl_Queue_empty__E
1001c11d  ti_sysbios_knl_Queue_remove__E
1001c12b  ti_sysbios_family_arm_cc26xx_TimestampProvider_getFreq__E
1001c12b  xdc_runtime_Timestamp_SupportProxy_getFreq__E
1001c12b  xdc_runtime_Timestamp_SupportProxy_getFreq__E__mangled__
1001c12b  xdc_runtime_Timestamp_getFreq__E
1001c12b  xdc_runtime_Timestamp_getFreq__E
1001c139  ti_sysbios_family_arm_m3_Hwi_Params__init__S
1001c139  ti_sysbios_hal_Hwi_HwiProxy_Params__init__S
1001c139  ti_sysbios_hal_Hwi_HwiProxy_Params__init__S__mangled__
1001c145  ti_sysbios_family_arm_m3_Hwi_disableFxn__E
1001c151  ti_sysbios_family_arm_m3_Hwi_enableFxn__E
1001c15d  ti_sysbios_family_arm_m3_TaskSupport_getStackAlignment__E
1001c15d  ti_sysbios_knl_Task_SupportProxy_getStackAlignment__E__mangled__
1001c169  ti_sysbios_gates_GateHwi_enter__E
1001c175  ti_sysbios_BIOS_RtsGateProxy_Params__init__S
1001c175  ti_sysbios_BIOS_RtsGateProxy_Params__init__S__mangled__
1001c175  ti_sysbios_gates_GateMutex_Params__init__S
1001c175  ti_sysbios_heaps_HeapMem_Module_GateProxy_Params__init__S
1001c175  ti_sysbios_heaps_HeapMem_Module_GateProxy_Params__init__S__mangled__
1001c181  ti_sysbios_knl_Clock_Params__init__S
1001c18d  ti_sysbios_knl_Clock_getTimerHandle__E
1001c199  ti_sysbios_knl_Mailbox_Params__init__S
1001c1a5  ti_sysbios_knl_Queue_dequeue__E
1001c1b1  ti_sysbios_knl_Queue_enqueue__E
1001c1bd  ti_sysbios_knl_Semaphore_Params__init__S
1001c1c9  ti_sysbios_knl_Swi_Params__init__S
1001c1d5  ti_sysbios_knl_Task_Params__init__S
1001c1e1  ti_sysbios_knl_Task_self__E
1001c1ed  ti_sysbios_hal_Hwi_Instance_finalize__E
1001c1f7  ti_sysbios_family_arm_m3_Hwi_doSwiRestore__I
1001c1ff  ti_sysbios_family_arm_m3_Hwi_startup__E
1001c1ff  ti_sysbios_hal_Hwi_HwiProxy_startup__E__mangled__
1001c207  ti_sysbios_knl_Idle_loop__E
1001c20f  ti_sysbios_family_arm_m3_Hwi_doTaskRestore__I
1001c215  HwiP_restore
1001c215  ti_sysbios_family_arm_m3_Hwi_restoreFxn__E
1001c21b  ti_sysbios_gates_GateHwi_leave__E
1001c227  ti_sysbios_knl_Queue_Instance_init__E
1001c22d  ti_sysbios_knl_Queue_elemClear__E
1001c233  ti_sysbios_knl_Swi_Module_startup__E
1001c239  ti_sysbios_knl_Swi_startup__E
1001c23f  ti_sysbios_knl_Task_enable__E
1001c245  ti_sysbios_BIOS_RtsGateProxy_enter__E
1001c249  ti_sysbios_BIOS_RtsGateProxy_leave__E
1001c24d  ti_sysbios_family_arm_cc26xx_Timer_getExpiredTicks__E
1001c251  ti_sysbios_family_arm_cc26xx_Timer_getPeriod__E
1001c255  ti_sysbios_family_arm_cc26xx_Timer_setPeriod__E
1001c259  ti_sysbios_family_arm_m3_Hwi_delete
1001c25d  ti_sysbios_family_arm_m3_Hwi_destruct
1001c261  ti_sysbios_family_arm_m3_TaskSupport_Module__startupDone__S
1001c261  ti_sysbios_knl_Task_SupportProxy_Module__startupDone__S__mangled__
1001c265  ti_sysbios_gates_GateHwi_query__E
1001c265  xdc_runtime_Main_Module_GateProxy_query__E
1001c265  xdc_runtime_System_Module_GateProxy_query__E
1001c265  xdc_runtime_System_Module_GateProxy_query__E__mangled__
1001c269  ti_sysbios_gates_GateMutex_delete
1001c26d  ti_sysbios_gates_GateMutex_destruct
1001c271  ti_sysbios_BIOS_RtsGateProxy_query__E
1001c271  ti_sysbios_BIOS_RtsGateProxy_query__E__mangled__
1001c271  ti_sysbios_gates_GateMutex_query__E
1001c271  ti_sysbios_heaps_HeapMem_Module_GateProxy_query__E
1001c271  ti_sysbios_heaps_HeapMem_Module_GateProxy_query__E__mangled__
1001c275  ti_sysbios_hal_Hwi_HwiProxy_Module__startupDone__S
1001c279  ti_sysbios_hal_Hwi_HwiProxy_delete
1001c27d  ti_sysbios_hal_Hwi_HwiProxy_disableInterrupt__E
1001c27d  ti_sysbios_hal_Hwi_disableInterrupt__E
1001c27d  ti_sysbios_hal_Hwi_disableInterrupt__E
1001c281  ti_sysbios_hal_Hwi_HwiProxy_enableInterrupt__E
1001c281  ti_sysbios_hal_Hwi_enableInterrupt__E
1001c281  ti_sysbios_hal_Hwi_enableInterrupt__E
1001c285  ti_sysbios_hal_Hwi_HwiProxy_getStackInfo__E
1001c285  ti_sysbios_hal_Hwi_getStackInfo__E
1001c285  ti_sysbios_hal_Hwi_getStackInfo__E
1001c289  ti_sysbios_hal_Hwi_HwiProxy_startup__E
1001c289  ti_sysbios_hal_Hwi_startup__E
1001c289  ti_sysbios_hal_Hwi_startup__E
1001c28d  ti_sysbios_hal_Hwi_HwiProxy_switchFromBootStack__E
1001c291  ti_sysbios_hal_Hwi_delete
1001c295  ti_sysbios_hal_Hwi_switchFromBootStack__E
1001c295  ti_sysbios_hal_Hwi_switchFromBootStack__E
1001c299  ti_sysbios_heaps_HeapMem_Module_GateProxy_enter__E
1001c29d  ti_sysbios_heaps_HeapMem_Module_GateProxy_leave__E
1001c2a1  ti_sysbios_heaps_HeapMem_isBlocking__E
1001c2a5  ti_sysbios_knl_Clock_TimerProxy_Module__startupDone__S
1001c2a9  ti_sysbios_knl_Clock_TimerProxy_getExpiredTicks__E
1001c2ad  ti_sysbios_knl_Clock_TimerProxy_getPeriod__E
1001c2b1  ti_sysbios_knl_Clock_delete
1001c2b5  ti_sysbios_knl_Clock_destruct
1001c2b9  ti_sysbios_knl_Clock_removeI__E
1001c2bd  ti_sysbios_knl_Clock_setTimeout__E
1001c2c1  ti_sysbios_knl_Mailbox_delete
1001c2c5  ti_sysbios_knl_Mailbox_destruct
1001c2c9  ti_sysbios_knl_Queue_delete
1001c2cd  ti_sysbios_knl_Queue_destruct
1001c2d1  ti_sysbios_knl_Queue_head__E
1001c2d5  ti_sysbios_knl_Queue_next__E
1001c2d9  ti_sysbios_knl_Semaphore_delete
1001c2dd  ti_sysbios_knl_Semaphore_destruct
1001c2e1  ti_sysbios_knl_Swi_delete
1001c2e5  ti_sysbios_knl_Swi_destruct
1001c2e9  ti_sysbios_knl_Swi_postInit__I
1001c2ed  ti_sysbios_knl_Task_SupportProxy_Module__startupDone__S
1001c2f1  ti_sysbios_knl_Task_SupportProxy_getStackAlignment__E
1001c2f5  ti_sysbios_knl_Task_SupportProxy_start__E
1001c2f9  ti_sysbios_knl_Task_SupportProxy_swap__E
1001c2fd  ti_sysbios_knl_Task_delete
1001c301  ti_sysbios_knl_Task_destruct
1001c305  ti_sysbios_knl_Task_startup__E
1001c309  xdc_runtime_Startup_startMods__I
1001c401  xdc_runtime_Core_createObject__I
1001c483  xdc_runtime_Error_policySpin__E
1001c485  xdc_runtime_Memory_alloc__E
1001c4f5  xdc_runtime_Core_deleteObject__I
1001c555  xdc_runtime_Startup_exec__E
1001c5a5  xdc_runtime_Assert_raise__I
1001c5ed  xdc_runtime_Core_assignParams__I
1001c635  xdc_runtime_Core_constructObject__I
1001c67d  xdc_runtime_System_atexit__E
1001c6b5  xdc_runtime_System_processAtExit__E
1001c6e9  xdc_runtime_Core_assignLabel__I
1001c719  xdc_runtime_Text_cordText__E
1001c745  xdc_runtime_System_abort__E
1001c765  xdc_runtime_Error_raiseX__E
1001c781  xdc_runtime_Memory_valloc__E
1001c79d  xdc_runtime_Core_destructObject__I
1001c7b5  xdc_runtime_Error_check__E
1001c7cd  xdc_runtime_System_exit__E
1001c7e5  xdc_runtime_Text_ropeText__E
1001c7fd  xdc_runtime_Memory_free__E
1001c80d  xdc_runtime_SysCallback_abort__E
1001c80d  xdc_runtime_System_SupportProxy_abort__E
1001c81d  xdc_runtime_SysCallback_exit__E
1001c81d  xdc_runtime_System_SupportProxy_exit__E
1001c82d  xdc_runtime_Timestamp_SupportProxy_get32__E
1001c82d  xdc_runtime_Timestamp_get32__E
1001c82d  xdc_runtime_Timestamp_get32__E
1001c849  xdc_runtime_Memory_calloc__E
1001c855  xdc_runtime_Memory_getMaxDefaultTypeAlign__E
1001c875  xdc_runtime_Gate_leaveSystem__E
1001c87b  xdc_runtime_System_Module_startup__E
1001c881  xdc_runtime_Gate_enterSystem__E
1001c885  xdc_runtime_Memory_HeapProxy_alloc__E
1001c889  xdc_runtime_Memory_HeapProxy_free__E
1001c88d  xdc_runtime_System_Module_GateProxy_enter__E
1001c891  xdc_runtime_System_Module_GateProxy_leave__E
1001c895  xdc_runtime_System_abortSpin__E
1001c897  xdc_runtime_System_exitSpin__E
1001c899  ti_sysbios_family_arm_m3_Hwi_dispatch__I
1001c969  ti_sysbios_family_arm_m3_TaskSupport_buildTaskStack
1001c9b5  ti_sysbios_family_arm_m3_Hwi_initStacks__E
1001c9fd  ti_sysbios_family_arm_m3_Hwi_excHandlerAsm__I
1001ca1d  ti_sysbios_family_xxx_Hwi_switchAndRunFunc
1001ca3b  ti_sysbios_family_arm_m3_Hwi_pendSV__I
1001ca53  ti_sysbios_family_arm_m3_Hwi_return
1001ca55  ti_sysbios_family_arm_m3_TaskSupport_glue
1001ca65  ti_sysbios_family_arm_m3_TaskSupport_swap__E
1001ca65  ti_sysbios_knl_Task_SupportProxy_swap__E__mangled__
1001ca6d  ti_sysbios_knl_Task_swapReturn
1001ca97  ti_sysbios_rom_cortexm_cc13xx_CC13xx_getRevision__E
20000000  ti_sysbios_family_arm_m3_Hwi_ramVectors
20000100  ti_sysbios_knl_Task_Module__state__V
20000144  ti_sysbios_family_arm_m3_Hwi_Module__state__V
20000178  ti_sysbios_knl_Clock_Module__state__V
200001a4  ti_sysbios_BIOS_Module__state__V
200001c8  ti_sysbios_knl_Swi_Module__state__V
200001e4  ti_sysbios_family_arm_cc26xx_Timer_Module__state__V
200001ec  ti_sysbios_family_arm_cc26xx_TimestampProvider_Module__state__V
200001f0  xdc_runtime_Startup_Module__state__V
200001f8  xdc_runtime_System_Module__state__V
20000200  xdc_runtime_Memory_Module__state__V
20000208  macTaskId
20000209  macMgmt
2000020a  macPanCoordinator
2000020b  csmPhy
2000020c  pMacDataTx
20000210  macDataTxIndirect
20000214  macDataRequeueIndirect
20000218  macDataRxBeaconCritical
2000021c  macDataTxBeaconComplete
20000220  macDataSetSched
20000224  macDataCheckSched
20000228  macDataCheckTxTime
2000022c  macDataBeaconRequeue
20000230  timerUnalignedQ
20000234  timerAlignedQ
20000238  macTimerRollover
2000023c  macTimerNewRollover
20000240  macTimerActive
20000244  Crypto_handle
20000248  cryptoDrvTblPtr
2000024c  macCoordAction1
20000254  macMain
20000260  macBeaconDeviceAction
20000270  macCoordAction3
20000280  macData
20000290  macDataTxDelay
200002a0  macDeviceAction2
200002b4  macStateTbl
200002c8  macMgmtAction2
200002dc  macScanAction
200002f4  macCoordAction2
20000310  macReset
2000032c  macBeaconMargin
2000034c  macBeacon
2000036c  macActionSet
20000390  macMgmtAction1
200003b8  macCoord
200003e4  macDevice
20000410  macBeaconDevice
20000444  macBeaconPayload
20000478  macDeviceAction1
200004b0  macSecurityPib
200004f0  macScan
20000544  fhObject
200005b0  macPib
20000638  macMRFSKGenPhyTable
200006d8  enhancedAckBuf
200007d4  uartParams
200007f8  user0Cfg
20000828  myTask
20000878  Main_user1Cfg
200008d4  myTaskStack
20000c5c  hUart
20001060  pinUpperBound
20001064  pinLowerBound
200010f8  pinHandleTable
20001174  PowerCC26XX_module
20001288  Ssf_resetReseason
2000128c  Ssf_resetCount
2000138c  RF_cmdNop
2000139c  RF_cmdFs
200013b4  RF_cmdPropCs
200013d0  RF_cmdPropCsSlotted
200013ec  RF_cmdPropTxAdv
2000140c  RF_cmdPropRadioDivSetup
20001434  RF_cmdPropRxAdv
20001466  Sensor_events
200014b8  Sensor_msgStats
20001530  initBroadcastMsg
20001532  parentFound
2000153a  Jdllc_events
2000155c  Jdllc_statistics
200015e0  ICall_enterCriticalSection
200015e4  ICall_leaveCriticalSection
200015fc  HEAPMGR_SIZE
20001600  ICall_dispatcher
200016d0  macReqAccessTimeCnt
200016d1  reqAccessAlloc
200016d4  rxCmdHandle
200016d6  fsCmdHandle
200016dc  lastPostCmd
200016e0  macSfdDetectCback
200016e8  macTxTimestamp
200016ec  pMacRadioConfig
200016f0  rfDrvTblPtr
200016f4  pRfPropTable
200016f8  pRfPropTableOld
200016fc  pMacRfAntSwitchSel
20001700  pMacRfAntPwrSel
20001710  macRxOutputSubG
2000171c  macFrmFilter
20001730  ti_sysbios_knl_Task_Object__table__V
200017c4  macTxSlottedDelay
200017c5  macUnitBackoffPeriod
200017c6  rxFhRsl
200017c7  macPhyChannel
200017c8  ti_sysbios_family_arm_cc26xx_Timer_Object__table__V
20001854  ti_sysbios_gates_GateMutex_Object__table__V
20001894  RF_handle
20001898  macPhyTxPower
200018a4  RF_params
200018c1  osal_entity
200018c8  osal_qHead
200018cc  osal_eventloop_hook
200018d0  osal_icallMsg_hook
200018d4  osal_semaphore
200018d8  osal_last_timestamp
200018dc  osal_tickperiod
200018e0  osal_max_msecs
200018f0  txCmdHandle
200018f4  pMacEnhancedAck
200018f8  macRadioAckFrame
20001900  macAckTimer
20001920  ti_sysbios_knl_Swi_Module_State_0_readyQ__A
20001950  ti_sysbios_knl_Swi_Object__table__V
20001980  ti_sysbios_knl_Task_Module_State_0_readyQ__A
200019b0  macTxSlottedDelayFactor
200019b1  macTxType
200019b2  macTxBe
200019b3  txAckReq
200019b8  macTxCsmaBackoffDelay
200019bc  macCsmaRtcTimerId
200019c0  macAckDbg
200019d4  ti_sysbios_knl_Clock_Object__table__V
200019f4  xdc_runtime_Error_IgnoreBlock
20001a30  macSpecUsecsPerSymbol
20001a34  macPrevPeriodRatCount
20001a38  macSymbolTimerRollover
20001a3c  macSymbolTimerTrigger
20001a48  ti_sysbios_family_arm_m3_Hwi_Object__table__V
20001a60  ti_sysbios_heaps_HeapMem_Object__table__V
20001a78  ApiMac_appEntity
20001a84  ApiMac_extAddr
20001a8c  macCfg
20001a9c  lastRatChanA
20001a9d  lastRatChanB
20001a9e  macRxCmdActive
20001a9f  macTxCmdActive
20001aa0  macFsCmdActive
20001aa2  macReqAccessCnt
20001aa4  macReqAccErrCnt
20001aa6  numRfCmd
20001aa7  numRxCmd
20001aa8  numRxPostCmd
20001aa9  bInSwi
20001aaa  macRadioYielded
20001aac  AppTaskId
20001ab0  pMacCbackQueryRetransmit
20001ab4  pMacCbackCheckPending
20001ab8  RFCC26XX_hwAttrs
20001ac8  OSAL_timeSeconds
20001ad0  sector_addr
20001adc  _lock
20001ae0  _unlock
20001ae4  pOverridesTable
20001aec  ti_sysbios_family_arm_m3_Hwi_Module__root__V
20001af4  ti_sysbios_gates_GateHwi_Module__root__V
20001afc  ti_sysbios_gates_GateMutex_Module__root__V
20001b04  ti_sysbios_hal_Hwi_Module__root__V
20001b0c  ti_sysbios_heaps_HeapMem_Module__root__V
20001b14  ti_sysbios_knl_Clock_Module__root__V
20001b1c  ti_sysbios_knl_Mailbox_Module__root__V
20001b24  ti_sysbios_knl_Queue_Module__root__V
20001b2c  ti_sysbios_knl_Semaphore_Module__root__V
20001b34  ti_sysbios_knl_Swi_Module__root__V
20001b3c  ti_sysbios_knl_Task_Module__root__V
20001b44  xdc_runtime_Registry_Module__state__V
20001b4c  pwrmgr_initialized
20001b4e  pwrmgr_attribute
20001b54  main_func_sp
20001b58  ti_sysbios_family_arm_m3_Hwi_Module_State_0_excContext__A
20001b5c  ti_sysbios_family_arm_m3_Hwi_Module_State_0_excStack__A
20001b60  ti_sysbios_knl_Task_Module_State_0_idleTask__A
20001b64  ti_sysbios_family_arm_m3_Hwi_Module_State_0_excActive__A
20001b68  ti_sysbios_heaps_HeapMem_Instance_State_0_buf__A
200025a0  ti_sysbios_knl_Task_Instance_State_0_stack__A
200027a0  uartCC26XXObjects
20002990  ti_sysbios_family_arm_m3_Hwi_dispatchTable
20002a58  cryptoCC26XXObjects
20002ad8  macRxFilter
20002ad9  rxPromiscuousMode
20002ae4  macRxDataEntryOffset
20002aec  rxRadioBufferPtr
20002af8  macRxDataEntryQueue
20002b28  uartCC26XXRingBuffer
20002b9c  PowerCC26XX_taskKey
20002ba0  PowerCC26XX_swiKey
20002ba4  timerHead
20002bb8  ClockP_tickPeriod
20002bbc  tasksEvents
20002bc4  driverlib_release_0_51635
20002bc5  g_hwiInt
20002bc6  macPwr
20002bc7  macRxActive
20002bc8  macRxEnableFlags
20002bc9  macRxOutgoingAckFlag
20002bca  macSymbolTimerImpending
20002bcb  macTxActive
20002bcc  heapStart
20004b00  __stack
20004b00  heapEnd
20005000  __STACK_END
20005000  __STACK_TOP
e000e000  ti_sysbios_family_arm_m3_Hwi_nvic
ffffffff  __TI_pprof_out_hndl
ffffffff  __TI_prof_data_size
ffffffff  __TI_prof_data_start
ffffffff  __binit__
ffffffff  __c_args__
ffffffff  binit
UNDEFED   SHT$$INIT_ARRAY$$Base
UNDEFED   SHT$$INIT_ARRAY$$Limit

[1362 symbols]
