******************************************************************************
                  TI ARM Linker Unix v18.1.1
******************************************************************************
>> Linked Mon Apr  9 00:16:18 2018

OUTPUT FILE NAME:   <collector_cc1350lp.out>
ENTRY POINT SYMBOL: "ResetISR"  address: 00015575


MEMORY CONFIGURATION

         name            origin    length      used     unused   attr    fill
----------------------  --------  ---------  --------  --------  ----  --------
  FLASH                 00000000   0001e000  00019af0  00004510  R  X
  FLASH_NV              0001e000   00001000  00001000  00000000  RW X
  FLASH_LAST            0001f000   00001000  00000b34  000004cc  R  X
  SRAM                  20000000   00005000  000035b0  00001a50  RW X


SEGMENT ALLOCATION MAP

run origin  load origin   length   init length attrs members
----------  ----------- ---------- ----------- ----- -------
00000000    00000000    00000c90   00000c90    r--
  00000000    00000000    0000003c   0000003c    r-- .resetVecs
  0000003c    0000003c    00000c54   00000c54    r-- .const
00001000    00001000    00018e70   00018e70    r-x
  00001000    00001000    0000003c   0000003c    r-- .const:ti_sysbios_knl_Task_Object__PARAMS__C
  0000103c    0000103c    00000034   00000034    r-- .const:ti_sysbios_knl_Mailbox_Object__PARAMS__C
  00001070    00001070    00000030   00000030    r-- .const:ti_sysbios_family_arm_m3_Hwi_Object__PARAMS__C
  000010a0    000010a0    0000002c   0000002c    r-- .const:ti_sysbios_hal_Hwi_Object__PARAMS__C
  000010cc    000010cc    00000028   00000028    r-- .const:ti_sysbios_heaps_HeapMem_Module__FXNS__C
  000010f4    000010f4    00000028   00000028    r-- .const:ti_sysbios_knl_Swi_Object__PARAMS__C
  0000111c    0000111c    00000024   00000024    r-- .const:ti_sysbios_gates_GateHwi_Module__FXNS__C
  00001140    00001140    00000024   00000024    r-- .const:ti_sysbios_gates_GateMutex_Module__FXNS__C
  00001164    00001164    00000024   00000024    r-- .const:ti_sysbios_heaps_HeapMem_Object__PARAMS__C
  00001188    00001188    00000024   00000024    r-- .const:ti_sysbios_knl_Clock_Object__PARAMS__C
  000011ac    000011ac    00000024   00000024    r-- .const:ti_sysbios_knl_Semaphore_Object__PARAMS__C
  000011d0    000011d0    00000020   00000020    r-- .const:ti_sysbios_family_arm_m3_Hwi_Object__DESC__C
  000011f0    000011f0    00000020   00000020    r-- .const:ti_sysbios_gates_GateHwi_Object__DESC__C
  00001210    00001210    00000020   00000020    r-- .const:ti_sysbios_gates_GateMutex_Object__DESC__C
  00001230    00001230    00000020   00000020    r-- .const:ti_sysbios_hal_Hwi_Object__DESC__C
  00001250    00001250    00000020   00000020    r-- .const:ti_sysbios_heaps_HeapMem_Object__DESC__C
  00001270    00001270    00000020   00000020    r-- .const:ti_sysbios_knl_Clock_Object__DESC__C
  00001290    00001290    00000020   00000020    r-- .const:ti_sysbios_knl_Mailbox_Object__DESC__C
  000012b0    000012b0    00000020   00000020    r-- .const:ti_sysbios_knl_Queue_Object__DESC__C
  000012d0    000012d0    00000020   00000020    r-- .const:ti_sysbios_knl_Semaphore_Object__DESC__C
  000012f0    000012f0    00000020   00000020    r-- .const:ti_sysbios_knl_Swi_Object__DESC__C
  00001310    00001310    00000020   00000020    r-- .const:ti_sysbios_knl_Task_Object__DESC__C
  00001330    00001330    00000018   00000018    r-- .const:ti_sysbios_gates_GateHwi_Object__PARAMS__C
  00001348    00001348    00000018   00000018    r-- .const:ti_sysbios_gates_GateMutex_Object__PARAMS__C
  00001360    00001360    00000018   00000018    r-- .const:ti_sysbios_knl_Queue_Object__PARAMS__C
  00001378    00001378    00000008   00000008    r-- .const:ti_sysbios_knl_Idle_funcList__C
  00001384    00001384    00000004   00000004    r-- .const:ti_sysbios_family_arm_cc26xx_Timer_startupNeeded__C
  00001388    00001388    00000004   00000004    r-- .const:ti_sysbios_family_arm_m3_Hwi_E_alreadyDefined__C
  0000138c    0000138c    00000004   00000004    r-- .const:ti_sysbios_family_arm_m3_Hwi_E_hwiLimitExceeded__C
  00001390    00001390    00000004   00000004    r-- .const:ti_sysbios_family_arm_m3_Hwi_NUM_INTERRUPTS__C
  00001394    00001394    00000004   00000004    r-- .const:ti_sysbios_family_arm_m3_Hwi_Object__count__C
  00001398    00001398    00000004   00000004    r-- .const:ti_sysbios_family_arm_m3_Hwi_Object__table__C
  0000139c    0000139c    00000004   00000004    r-- .const:ti_sysbios_family_arm_m3_Hwi_ccr__C
  000013a0    000013a0    00000004   00000004    r-- .const:ti_sysbios_family_arm_m3_Hwi_excHandlerFunc__C
  000013a4    000013a4    00000004   00000004    r-- .const:ti_sysbios_family_arm_m3_Hwi_nullIsrFunc__C
  000013a8    000013a8    00000004   00000004    r-- .const:ti_sysbios_family_arm_m3_Hwi_numSparseInterrupts__C
  000013ac    000013ac    00000004   00000004    r-- .const:ti_sysbios_family_arm_m3_Hwi_priGroup__C
  000013b0    000013b0    00000004   00000004    r-- .const:ti_sysbios_family_arm_m3_TaskSupport_stackAlignment__C
  000013b4    000013b4    00000004   00000004    r-- .const:ti_sysbios_heaps_HeapMem_E_memory__C
  000013b8    000013b8    00000004   00000004    r-- .const:ti_sysbios_heaps_HeapMem_Module__gateObj__C
  000013bc    000013bc    00000004   00000004    r-- .const:ti_sysbios_heaps_HeapMem_Object__count__C
  000013c0    000013c0    00000004   00000004    r-- .const:ti_sysbios_heaps_HeapMem_Object__table__C
  000013c4    000013c4    00000004   00000004    r-- .const:ti_sysbios_heaps_HeapMem_reqAlign__C
  000013c8    000013c8    00000004   00000004    r-- .const:ti_sysbios_knl_Clock_serviceMargin__C
  000013cc    000013cc    00000004   00000004    r-- .const:ti_sysbios_knl_Mailbox_Object__count__C
  000013d0    000013d0    00000004   00000004    r-- .const:ti_sysbios_knl_Mailbox_Object__table__C
  000013d4    000013d4    00000004   00000004    r-- .const:ti_sysbios_knl_Mailbox_maxTypeAlign__C
  000013d8    000013d8    00000004   00000004    r-- .const:ti_sysbios_knl_Queue_Object__count__C
  000013dc    000013dc    00000004   00000004    r-- .const:ti_sysbios_knl_Queue_Object__table__C
  000013e0    000013e0    00000004   00000004    r-- .const:ti_sysbios_knl_Swi_Object__count__C
  000013e4    000013e4    00000004   00000004    r-- .const:ti_sysbios_knl_Swi_Object__table__C
  000013e8    000013e8    00000004   00000004    r-- .const:ti_sysbios_knl_Swi_numPriorities__C
  000013ec    000013ec    00000004   00000004    r-- .const:ti_sysbios_knl_Task_Object__count__C
  000013f0    000013f0    00000004   00000004    r-- .const:ti_sysbios_knl_Task_Object__table__C
  000013f4    000013f4    00000004   00000004    r-- .const:ti_sysbios_knl_Task_allBlockedFunc__C
  000013f8    000013f8    00000004   00000004    r-- .const:ti_sysbios_knl_Task_defaultStackHeap__C
  000013fc    000013fc    00000004   00000004    r-- .const:ti_sysbios_knl_Task_defaultStackSize__C
  00001400    00001400    00000004   00000004    r-- .const:ti_sysbios_knl_Task_numConstructedTasks__C
  00001406    00001406    00000002   00000002    r-- .const:ti_sysbios_family_arm_cc26xx_Timer_Module__id__C
  00001408    00001408    00000002   00000002    r-- .const:ti_sysbios_family_arm_cc26xx_TimestampProvider_useClockTimer__C
  0000140a    0000140a    00000002   00000002    r-- .const:ti_sysbios_family_arm_m3_Hwi_Module__id__C
  0000140c    0000140c    00000002   00000002    r-- .const:ti_sysbios_gates_GateHwi_Module__id__C
  0000140e    0000140e    00000002   00000002    r-- .const:ti_sysbios_gates_GateMutex_Module__id__C
  00001410    00001410    00000002   00000002    r-- .const:ti_sysbios_heaps_HeapMem_Module__id__C
  00001412    00001412    00000002   00000002    r-- .const:ti_sysbios_knl_Task_initStackFlag__C
  00001414    00001414    00000001   00000001    r-- .const:ti_sysbios_knl_Clock_tickMode__C
  00001418    00001418    00000008   00000008    r-- .const:xdc_runtime_Startup_firstFxns__C
  00001420    00001420    00000008   00000008    r-- .const:xdc_runtime_Startup_lastFxns__C
  00001428    00001428    00000004   00000004    r-- .const:xdc_runtime_Assert_E_assertFailed__C
  0000142c    0000142c    00000004   00000004    r-- .const:xdc_runtime_Error_E_memory__C
  00001430    00001430    00000004   00000004    r-- .const:xdc_runtime_Error_policyFxn__C
  00001434    00001434    00000004   00000004    r-- .const:xdc_runtime_IGateProvider_Interface__BASE__C
  00001438    00001438    00000004   00000004    r-- .const:xdc_runtime_IHeap_Interface__BASE__C
  0000143c    0000143c    00000004   00000004    r-- .const:xdc_runtime_IModule_Interface__BASE__C
  00001440    00001440    00000004   00000004    r-- .const:xdc_runtime_Main_Module__diagsEnabled__C
  00001444    00001444    00000004   00000004    r-- .const:xdc_runtime_Main_Module__diagsIncluded__C
  00001448    00001448    00000004   00000004    r-- .const:xdc_runtime_Main_Module__diagsMask__C
  0000144c    0000144c    00000004   00000004    r-- .const:xdc_runtime_Memory_defaultHeapInstance__C
  00001450    00001450    00000004   00000004    r-- .const:xdc_runtime_Startup_execImpl__C
  00001454    00001454    00000004   00000004    r-- .const:xdc_runtime_Startup_maxPasses__C
  00001458    00001458    00000004   00000004    r-- .const:xdc_runtime_Startup_sfxnRts__C
  0000145c    0000145c    00000004   00000004    r-- .const:xdc_runtime_Startup_sfxnTab__C
  00001460    00001460    00000004   00000004    r-- .const:xdc_runtime_Startup_startModsFxn__C
  00001464    00001464    00000004   00000004    r-- .const:xdc_runtime_SysCallback_abortFxn__C
  00001468    00001468    00000004   00000004    r-- .const:xdc_runtime_SysCallback_exitFxn__C
  0000146c    0000146c    00000004   00000004    r-- .const:xdc_runtime_System_abortFxn__C
  00001470    00001470    00000004   00000004    r-- .const:xdc_runtime_System_exitFxn__C
  00001474    00001474    00000004   00000004    r-- .const:xdc_runtime_System_maxAtexitHandlers__C
  00001478    00001478    00000004   00000004    r-- .const:xdc_runtime_Text_charTab__C
  0000147c    0000147c    00000004   00000004    r-- .const:xdc_runtime_Text_nameEmpty__C
  00001480    00001480    00000004   00000004    r-- .const:xdc_runtime_Text_nameStatic__C
  00001484    00001484    00000004   00000004    r-- .const:xdc_runtime_Text_nameUnknown__C
  00001488    00001488    00000002   00000002    r-- .const:xdc_runtime_Main_Module__id__C
  0000148a    0000148a    00000002   00000002    r-- .const:xdc_runtime_Memory_Module__id__C
  0000148c    0000148c    00000002   00000002    r-- .const:xdc_runtime_Text_charCnt__C
  0000148e    0000148e    00000002   00000002    r-- .const:xdc_runtime_Text_isLoaded__C
  00001490    00001490    00000001   00000001    r-- .const:xdc_runtime_Error_policy__C
  00001494    00001494    00000004   00000004    r-- .const:ti_sysbios_rom_ROM_AONRTCChannelEnable
  00001498    00001498    00000004   00000004    r-- .const:ti_sysbios_rom_ROM_AONRTCCompareValueSet
  0000149c    0000149c    00000004   00000004    r-- .const:ti_sysbios_rom_ROM_AONRTCCurrentCompareValueGet
  000014a0    000014a0    00000004   00000004    r-- .const:ti_sysbios_rom_ROM_AONRTCEventClear
  000014a4    000014a4    00000004   00000004    r-- .const:ti_sysbios_rom_ROM_ti_sysbios_family_arm_cc26xx_Timer_getCount64__E
  000014a8    000014a8    00000004   00000004    r-- .const:ti_sysbios_rom_ROM_ti_sysbios_family_arm_cc26xx_Timer_getCurrentTick__E
  000014ac    000014ac    00000004   00000004    r-- .const:ti_sysbios_rom_ROM_ti_sysbios_family_arm_cc26xx_Timer_getMaxTicks__E
  000014b0    000014b0    00000004   00000004    r-- .const:ti_sysbios_rom_ROM_ti_sysbios_family_arm_cc26xx_Timer_initDevice__I
  000014b4    000014b4    00000004   00000004    r-- .const:ti_sysbios_rom_ROM_ti_sysbios_family_arm_cc26xx_Timer_setNextTick__E
  000014b8    000014b8    00000004   00000004    r-- .const:ti_sysbios_rom_ROM_ti_sysbios_family_arm_cc26xx_Timer_setThreshold__I
  000014bc    000014bc    00000004   00000004    r-- .const:ti_sysbios_rom_ROM_ti_sysbios_family_arm_cc26xx_Timer_start__E
  000014c0    000014c0    00000004   00000004    r-- .const:ti_sysbios_rom_ROM_ti_sysbios_family_arm_cc26xx_TimestampProvider_get32__E
  000014c4    000014c4    00000004   00000004    r-- .const:ti_sysbios_rom_ROM_xdc_runtime_Startup_getState__I
  000014c8    000014c8    00000004   00000004    r-- .const:ti_sysbios_rom_ROM_xdc_runtime_System_SupportProxy_abort__E
  000014cc    000014cc    00000004   00000004    r-- .const:ti_sysbios_rom_ROM_xdc_runtime_System_SupportProxy_exit__E
  000014d0    000014d0    00000004   00000004    r-- .const:ti_sysbios_gates_GateMutex_Instance_State_sem__O
  000014d4    000014d4    00000004   00000004    r-- .const:ti_sysbios_knl_Clock_Module_State_clockQ__O
  000014d8    000014d8    00000004   00000004    r-- .const:ti_sysbios_knl_Mailbox_Instance_State_dataQue__O
  000014dc    000014dc    00000004   00000004    r-- .const:ti_sysbios_knl_Mailbox_Instance_State_dataSem__O
  000014e0    000014e0    00000004   00000004    r-- .const:ti_sysbios_knl_Mailbox_Instance_State_freeQue__O
  000014e4    000014e4    00000004   00000004    r-- .const:ti_sysbios_knl_Mailbox_Instance_State_freeSem__O
  000014e8    000014e8    00000004   00000004    r-- .const:ti_sysbios_knl_Semaphore_Instance_State_pendQ__O
  000014ec    000014ec    00000004   00000004    r-- .const:ti_sysbios_knl_Task_Module_State_inactiveQ__O
  000014f0    000014f0    000179fc   000179fc    r-x .text
  00018eec    00018eec    00000ab8   00000ab8    r-- config_const
  000199a8    000199a8    000004c8   000004c8    r-- .cinit
0001e000    0001e000    00001adc   00001adc    r-x
  0001e000    0001e000    00001000   00001000    r-- .TI.bound:NV_FLASH
  0001f000    0001f000    00000adc   00000adc    r-x flash_last_text
0001ffa8    0001ffa8    00000058   00000058    r--
  0001ffa8    0001ffa8    00000058   00000058    r-- .ccfg
20000100    20000100    00002fec   00000000    rw-
  20000100    20000100    00000044   00000000    rw- .data:ti_sysbios_knl_Task_Module__state__V
  20000144    20000144    00000034   00000000    rw- .data:ti_sysbios_family_arm_m3_Hwi_Module__state__V
  20000178    20000178    0000002c   00000000    rw- .data:ti_sysbios_knl_Clock_Module__state__V
  200001a4    200001a4    00000024   00000000    rw- .data:ti_sysbios_BIOS_Module__state__V
  200001c8    200001c8    0000001c   00000000    rw- .data:ti_sysbios_knl_Swi_Module__state__V
  200001e4    200001e4    00000008   00000000    rw- .data:ti_sysbios_family_arm_cc26xx_Timer_Module__state__V
  200001ec    200001ec    00000004   00000000    rw- .data:ti_sysbios_family_arm_cc26xx_TimestampProvider_Module__state__V
  200001f0    200001f0    00000008   00000000    rw- .data:xdc_runtime_Startup_Module__state__V
  200001f8    200001f8    00000008   00000000    rw- .data:xdc_runtime_System_Module__state__V
  20000200    20000200    00000004   00000000    rw- .data:xdc_runtime_Memory_Module__state__V
  20000208    20000208    00001e7e   00000000    rw- .data
  20002088    20002088    00001064   00000000    rw- .bss
20004b00    20004b00    00000500   00000000    rw-
  20004b00    20004b00    00000500   00000000    rw- .stack


SECTION ALLOCATION MAP

 output                                  attributes/
section   page    origin      length       input sections
--------  ----  ----------  ----------   ----------------
.const     0    0000003c    00000c54
                  0000003c    0000045c     hmac_global.obj (.const:$O12$$)
                  00000498    000001c0     fh_global.obj (.const:$O9$$)
                  00000658    000000fa     fh_global.obj (.const:FH_stateMatrix)
                  00000752    00000002     cllc.obj (.const:keyUsageList$34)
                  00000754    000000cc     icall.obj (.const:$O2$$)
                  00000820    000000b4     cllc.obj (.const:$O25$$)
                  000008d4    0000006e     hmac_global.obj (.const:macIdleSt)
                  00000942    0000006e     hmac_global.obj (.const:macScanningSt)
                  000009b0    00000050     CC13X0_LAUNCHXL.obj (.const:$O4$$)
                  00000a00    0000004c     drivers_cc13x0.aem3 : PowerCC26XX.oem3 (.const:resourceDB)
                  00000a4c    00000048     app_pem3.oem3 (.const:.string)
                  00000a94    00000044     drivers_cc13x0.aem3 : UARTCC26XX.oem3 (.const:$O1$$)
                  00000ad8    00000028                         : UARTCC26XX.oem3 (.const:UARTCC26XX_fxnTable)
                  00000b00    00000028     CC13X0_LAUNCHXL.obj (.const:uartCC26XXHWAttrs)
                  00000b28    00000024     drivers_cc13x0.aem3 : UART.oem3 (.const:UART_defaultParams)
                  00000b4c    00000024     app_pem3.oem3 (.const:xdc_runtime_Startup_sfxnTab__A)
                  00000b70    00000020     cllc.obj (.const:keyDeviceList$34)
                  00000b90    0000001c     rf_multiMode_cc13x0.aem3 : RFCC26XX_multiMode.oem3 (.const:RF_defaultParams)
                  00000bac    00000018     CC13X0_LAUNCHXL.obj (.const:PowerCC26XX_config)
                  00000bc4    00000018     driverlib.lib : rfc.obj (.const:rfc_defaultIrqAddr$107)
                  00000bdc    00000013     macstack.obj (.const:.string:msacbackSizeTable)
                  00000bef    00000001     app_pem3.oem3 (.const:xdc_runtime_Text_charTab__A)
                  00000bf0    00000012     app_pem3.oem3 (.const:xdc_runtime_Startup_sfxnRts__A)
                  00000c02    00000002     app_pem3.oem3 (.const:xdc_runtime_Text_registryModsLastId__C)
                  00000c04    00000010     CC13X0_LAUNCHXL.obj (.const:cryptoCC26XXHWAttrs)
                  00000c14    0000000c     CC13X0_LAUNCHXL.obj (.const:UART_config)
                  00000c20    0000000c     app_pem3.oem3 (.const:xdc_runtime_Startup_firstFxns__A)
                  00000c2c    0000000a     CC13X0_LAUNCHXL.obj (.const)
                  00000c36    00000002     app_pem3.oem3 (.const:xdc_runtime_Text_unnamedModsLastId__C)
                  00000c38    00000008     maclib_secure.a : mac_rx.obj (.const:$O35$$)
                  00000c40    00000008     main.obj (.const:.string:dummyExtAddr$38)
                  00000c48    00000008     CC13X0_LAUNCHXL.obj (.const:CryptoCC26XX_config)
                  00000c50    00000008     CC13X0_LAUNCHXL.obj (.const:PINCC26XX_hwAttrs)
                  00000c58    00000008     app_pem3.oem3 (.const:ti_sysbios_knl_Idle_funcList__A)
                  00000c60    00000004     icall_cc2650.obj (.const:events$1$1)
                  00000c64    00000004     osaltasks.obj (.const:tasksArr)
                  00000c68    00000004     app_pem3.oem3 (.const:ti_sysbios_family_arm_cc26xx_Timer_funcHookCH1__C)
                  00000c6c    00000004     app_pem3.oem3 (.const:ti_sysbios_family_arm_cc26xx_Timer_funcHookCH2__C)
                  00000c70    00000004     app_pem3.oem3 (.const:ti_sysbios_family_arm_m3_Hwi_swiDisable__C)
                  00000c74    00000004     app_pem3.oem3 (.const:ti_sysbios_family_arm_m3_Hwi_swiRestoreHwi__C)
                  00000c78    00000004     app_pem3.oem3 (.const:ti_sysbios_knl_Clock_tickPeriod__C)
                  00000c7c    00000004     app_pem3.oem3 (.const:ti_sysbios_knl_Clock_triggerClock__C)
                  00000c80    00000004     app_pem3.oem3 (.const:xdc_runtime_SysCallback_putchFxn__C)
                  00000c84    00000004     app_pem3.oem3 (.const:xdc_runtime_SysCallback_readyFxn__C)
                  00000c88    00000004     app_pem3.oem3 (.const:xdc_runtime_System_extendFxn__C)
                  00000c8c    00000004     app_pem3.oem3 (.const:xdc_runtime_Text_visitRopeFxn__C)

.text      0    000014f0    000179fc
                  000014f0    00000994     maclib_secure.a : mac.obj (.text:macRxCbSubG$76)
                  00001e84    000007e0     main.obj (.text:taskFxn)
                  00002664    0000064c     maclib_secure.a : mac_rx.obj (.text:rxPayloadIsr$81)
                  00002cb0    000004d0     icall_startup.obj (.text:startup_entry)
                  00003180    00000494     driverlib.lib : setup.obj (.text:TrimAfterColdResetWakeupFromShutDown$46)
                  00003614    0000045c     maclib_secure.a : fh_ie.obj (.text:FHIE_parsePie)
                  00003a70    00000394                     : macwrapper.obj (.text:macWrapperAddDevice)
                  00003e04    0000038c                     : mac_mgmt.obj (.text:macBuildHeader)
                  00004190    00000388                     : mac_radio.obj (.text:macRadioInitSubG)
                  00004518    00000378                     : mac_mgmt.obj (.text:MAC_MlmeResetReq)
                  00004890    00000374     rf_multiMode_cc13x0.aem3 : RFCC26XX_multiMode.oem3 (.text:RF_fsmActiveState)
                  00004c04    00000366     api_mac.obj (.text:processIncomingICallMsg$32)
                  00004f6a    00000002     maclib_secure.a : fh_data.obj (.text:FHDATA_startEDFETimer)
                  00004f6c    0000030c     drivers_cc13x0.aem3 : PowerCC26XX_calibrateRCOSC.oem3 (.text:PowerCC26XX_auxISR)
                  00005278    0000030c     rom_sysbios.aem3 : rom_sysbios.obj (.text:xdc_runtime_System_doPrint__I)
                  00005584    000002dc     maclib_secure.a : mac_radio_tx.obj (.text:macRadioTxGoSubG$80)
                  00005860    000002d4                     : mac_pwr.obj (.text:macPwrVote)
                  00005b34    000002c4                     : fh_api.obj (.text:FHAPI_getTxParams_old)
                  00005df8    000002c0                     : fh_ie.obj (.text:FHIE_gen)
                  000060b8    000002b8                     : fh_ie.obj (.text:FHIE_genPieContent)
                  00006370    000002b8     osal.obj (.text:osal_start_system)
                  00006628    00000280     maclib_secure.a : mac_data.obj (.text:MAC_McpsDataReq)
                  000068a8    00000278                     : fh_api.obj (.text:FHAPI_start)
                  00006b20    00000260                     : mac_security_pib.obj (.text:MAC_MlmeSetSecurityReq)
                  00006d80    00000254                     : fh_api.obj (.text:FHAPI_completeRxCb)
                  00006fd4    00000254     collector.obj (.text:processSensorData$35)
                  00007228    0000023c     driverlib.lib : sys_ctrl.obj (.text:NOROM_SysCtrlSetRechargeBeforePowerDown)
                  00007464    00000224     drivers_cc13x0.aem3 : PowerCC26XX.oem3 (.text:Power_sleep)
                  00007688    00000222     maclib_secure.a : mac_security.obj (.text:macIncomingFrameSecurityMaterialRetrieval)
                  000078aa    00000002                     : fh_util.obj (.text:FHUTIL_noAction)
                  000078ac    00000214                     : mac_mgmt.obj (.text:macBuildCommonReq)
                  00007ac0    00000208     drivers_cc13x0.aem3 : CryptoCC26XX.oem3 (.text:cryptoTransactionExecute)
                  00007cc8    000001f4     maclib_secure.a : fh_api.obj (.text:FHAPI_sendData)
                  00007ebc    000001e8     rf_multiMode_cc13x0.aem3 : RFCC26XX_multiMode.oem3 (.text:RF_open)
                  000080a4    000001d8     maclib_secure.a : mac_coord.obj (.text:macBuildBeacon)
                  0000827c    000001d4     macstack.obj (.text:macStackEventLoop)
                  00008450    000001cc     maclib_secure.a : fh_ie.obj (.text:FHIE_extractPie)
                  0000861c    000001c8                     : mac_scan.obj (.text:macApiScanReq)
                  000087e4    000001c0                     : mac_security_pib.obj (.text:MAC_MlmeGetSecurityReq)
                  000089a4    000001b8     drivers_cc13x0.aem3 : PINCC26XX.oem3 (.text:PIN_init)
                  00008b5c    000001b4     rf_multiMode_cc13x0.aem3 : RFCC26XX_multiMode.oem3 (.text:RF_scheduleCmd)
                  00008d10    000001ac     maclib_secure.a : fh_ie.obj (.text:FHIE_parseCommonInformation)
                  00008ebc    000001ac                     : mac_data.obj (.text:macApiDataReq)
                  00009068    0000019c                     : fh_pib.obj (.text:FHPIB_set)
                  00009204    00000198                     : fh_nt.obj (.text:FHNT_getEntry)
                  0000939c    00000198                     : macwrapper.obj (.text:macWrapperAddKeyInitFCtr)
                  00009534    00000194                     : mac_tx.obj (.text:macTxFrame)
                  000096c8    00000190     drivers_cc13x0.aem3 : PowerCC26XX_calibrateRCOSC.oem3 (.text:PowerCC26XX_doCalibrate)
                  00009858    00000188     maclib_secure.a : mac_pib.obj (.text:MAC_MlmeSetReq)
                  000099e0    00000184                     : mac_ie_build.obj (.text:macBuildPayloadIes)
                  00009b64    0000017c                     : mac_beacon_device.obj (.text:macRxBeaconCritical)
                  00009ce0    0000017c                     : mac_data.obj (.text:macTxCompleteCallback)
                  00009e5c    00000178     driverlib.lib : crypto.obj (.text:NOROM_CRYPTOCcmInvAuthDecrypt)
                  00009fd4    00000174     rf_multiMode_cc13x0.aem3 : RFCC26XX_multiMode.oem3 (.text:RF_fsmSetupState)
                  0000a148    00000170     driverlib.lib : crypto.obj (.text:NOROM_CRYPTOCcmAuthEncrypt)
                  0000a2b8    00000164     maclib_secure.a : mac_mgmt.obj (.text:macTxCsmaDelay)
                  0000a41c    0000015c                     : fh_api.obj (.text:FHAPI_completeTxCb)
                  0000a578    0000015c     drivers_cc13x0.aem3 : UARTCC26XX.oem3 (.text:UARTCC26XX_open)
                  0000a6d4    00000158     maclib_secure.a : mac_radio_tx.obj (.text:macRadioCsmaTxCbSubG$80)
                  0000a82c    00000148     drivers_cc13x0.aem3 : UARTCC26XX.oem3 (.text:UARTCC26XX_hwiIntFxn)
                  0000a974    00000148     maclib_secure.a : mac_mgmt.obj (.text:macApiDisassociateReq)
                  0000aabc    00000144     rf_multiMode_cc13x0.aem3 : RFCC26XX_multiMode.oem3 (.text:RF_radioOpDoneCb)
                  0000ac00    00000144     maclib_secure.a : mac_beacon_coord.obj (.text:macTxBeaconCompleteCallback)
                  0000ad44    00000140     nvocop.obj (.text:compactPage$29)
                  0000ae84    00000140     maclib_secure.a : mac_coord.obj (.text:macApiAssociateRsp)
                  0000afc4    00000138     rf_multiMode_cc13x0.aem3 : RFCC26XX_multiMode.oem3 (.text:RF_ratSetupChannel)
                  0000b0fc    00000134                              : RFCC26XX_multiMode.oem3 (.text:RF_hwiCpe0Active)
                  0000b230    00000134     maclib_secure.a : mac_beacon_device.obj (.text:macAutoPoll)
                  0000b364    00000130                     : mac.obj (.text:macSendReceiveCmdSubG)
                  0000b494    00000128                     : fh_nt.obj (.text:FHNT_purgeTimerIsrCb)
                  0000b5bc    00000128     collector.obj (.text:generateTrackingRequests$35)
                  0000b6e4    00000124     rf_multiMode_cc13x0.aem3 : RFCC26XX_multiMode.oem3 (.text:RF_fsmChangePhyState)
                  0000b808    00000124     maclib_secure.a : mac_mgmt.obj (.text:macApiWSAsyncReq)
                  0000b92c    00000120                     : mac_data.obj (.text:macAllocTxBuffer)
                  0000ba4c    00000120                     : mac_beacon_device.obj (.text:macApiSyncReq)
                  0000bb6c    00000120                     : mac_beacon_coord.obj (.text:macBeaconStartContinue)
                  0000bc8c    0000011c     drivers_cc13x0.aem3 : UARTCC26XX.oem3 (.text:UARTCC26XX_read)
                  0000bda8    00000114                         : PowerCC26XX.oem3 (.text:Power_init)
                  0000bebc    00000110     collector.obj (.text:dataCnfCB$35)
                  0000bfcc    00000110     maclib_secure.a : mac.obj (.text:macSetupRATChanCompare)
                  0000c0dc    00000100                     : fh_nt.obj (.text:FHNT_getRemoveEntryFromTemp)
                  0000c1dc    00000100     rf_multiMode_cc13x0.aem3 : RFCC26XX_multiMode.oem3 (.text:RF_close)
                  0000c2dc    00000100     maclib_secure.a : mac.obj (.text:macRatCb_B)
                  0000c3dc    000000fc     drivers_cc13x0.aem3 : UARTCC26XX.oem3 (.text:UARTCC26XX_write)
                  0000c4d8    000000f8     maclib_secure.a : fh_ie.obj (.text:FHIE_genCommonInformation)
                  0000c5d0    000000f8     app_pem3.oem3 (.text:xdc_runtime_System_printfExtend__I)
                  0000c6c8    000000f4     rf_multiMode_cc13x0.aem3 : RFCC26XX_multiMode.oem3 (.text:RF_abortCmd)
                  0000c7bc    000000f4                              : RFCC26XX_multiMode.oem3 (.text:RF_getInfo)
                  0000c8b0    000000f4     maclib_secure.a : mac_radio_tx.obj (.text:macRadioTxPrepCsmaUnslottedSubG)
                  0000c9a4    000000f4                     : mac_mgmt.obj (.text:macSetDefaultsByPhyID)
                  0000ca98    000000f0     csf.obj (.text:Csf_deviceUpdate)
                  0000cb88    000000f0     maclib_secure.a : fh_mgr.obj (.text:FHMGR_bcTimerIsrCb)
                  0000cc78    000000f0     driverlib.lib : rfc.obj (.text:NOROM_RFCOverrideUpdate)
                  0000cd68    000000f0                   : setup.obj (.text:NOROM_SetupTrimDevice)
                  0000ce58    000000f0     rf_multiMode_cc13x0.aem3 : RFCC26XX_multiMode.oem3 (.text:RF_pendCmd)
                  0000cf48    000000f0     collector.obj (.text:dataIndCB$35)
                  0000d038    000000f0     maclib_secure.a : mac_radio_tx.obj (.text:macRadioTxPrepCsmaSlottedSubG)
                  0000d128    000000ec                     : mac_scan.obj (.text:macScanNextChan)
                  0000d214    000000e8                     : fh_ie.obj (.text:FHIE_parseHie)
                  0000d2fc    000000e4                     : fh_api.obj (.text:FHAPI_getTxParams)
                  0000d3e0    000000e4                     : fh_nt.obj (.text:FHNT_addTempEUI)
                  0000d4c4    000000e4     dpl_cc13x0.aem3 : PowerCC26XX_tirtos.oem3 (.text:PowerCC26XX_standbyPolicy)
                  0000d5a8    000000e4     maclib_secure.a : mac_coord.obj (.text:macIndirectSend)
                  0000d68c    000000e4                     : mac_radio_tx.obj (.text:macRadioTxAck$80)
                  0000d770    000000e0     rf_multiMode_cc13x0.aem3 : RFCC26XX_multiMode.oem3 (.text:RF_fsmPowerUpState)
                  0000d850    000000e0                              : RFCC26XX_multiMode.oem3 (.text:RF_requestAccess)
                  0000d930    000000e0     maclib_secure.a : mac_beacon.obj (.text:macBeaconSetSched)
                  0000da10    000000dc     collector.obj (.text:Collector_sendConfigRequest)
                  0000daec    000000dc     drivers_cc13x0.aem3 : PINCC26XX.oem3 (.text:PINCC26XX_setIoCfg)
                  0000dbc8    000000d8     maclib_secure.a : mac_mgmt.obj (.text:macCommStatusInd)
                  0000dca0    000000d8                     : mac_data.obj (.text:macDataTxSend)
                  0000dd78    000000d4     drivers_cc13x0.aem3 : CryptoCC26XX.oem3 (.text:CryptoCC26XX_open)
                  0000de4c    000000d4     driverlib.lib : rfc.obj (.text:NOROM_RFCRfTrimRead)
                  0000df20    000000d4     rf_multiMode_cc13x0.aem3 : RFCC26XX_multiMode.oem3 (.text:RF_howToSchedule)
                  0000dff4    000000d4     maclib_secure.a : mac_radio_tx.obj (.text:macRadioLbtTxCb)
                  0000e0c8    000000d4                     : mac.obj (.text:macRatCb_A)
                  0000e19c    000000d0     macstack.obj (.text:MAC_CbackEvent)
                  0000e26c    000000d0     maclib_secure.a : mac_scan.obj (.text:macScanRxBeacon)
                  0000e33c    000000d0                     : mac_main.obj (.text:macSendDataMsg)
                  0000e40c    000000cc     driverlib.lib : crypto.obj (.text:NOROM_CRYPTOAesCbc)
                  0000e4d8    000000cc     nvocop.obj (.text:NVOCOP_writeItem)
                  0000e5a4    000000cc     rf_multiMode_cc13x0.aem3 : RFCC26XX_multiMode.oem3 (.text:RF_swiHw)
                  0000e670    000000cc     maclib_secure.a : mac_coord.obj (.text:macIndirectExpire)
                  0000e73c    000000cc                     : mac_security.obj (.text:macOutgoingFrameKeyDescRetrieval)
                  0000e808    000000c8     rf_multiMode_cc13x0.aem3 : RFCC26XX_multiMode.oem3 (.text:RF_dispatchNextCmd)
                  0000e8d0    000000c8     maclib_secure.a : mac_ie_build.obj (.text:macBuildHeaderIes)
                  0000e998    000000c8                     : mac_security.obj (.text:macCcmStarTransform)
                  0000ea60    000000c8                     : mac_data.obj (.text:macDataTxEnqueue)
                  0000eb28    000000c4                     : fh_data.obj (.text:FHDATA_procASYNCReq)
                  0000ebec    000000c4                     : mac.obj (.text:macSendFsCmd)
                  0000ecb0    000000c0                     : mac_coord.obj (.text:macStartBegin)
                  0000ed70    000000be                     : fh_ie.obj (.text:FHIE_getLen)
                  0000ee2e    00000002     rf_multiMode_cc13x0.aem3 : RFCC26XX_multiMode.oem3 (.text:RF_defaultCallback)
                  0000ee30    000000bc     maclib_secure.a : fh_nt.obj (.text:FHNT_AddDeviceCB)
                  0000eeec    000000bc                     : mac_scan.obj (.text:MAC_MlmeScanReq)
                  0000efa8    000000bc     drivers_cc13x0.aem3 : PowerCC26XX.oem3 (.text:Power_releaseDependency)
                  0000f064    000000bc     maclib_secure.a : mac_tx.obj (.text:macTxFrameIsr)
                  0000f120    000000b8                     : fh_ie.obj (.text:FHIE_getPieContentLen)
                  0000f1d8    000000b8     rf_multiMode_cc13x0.aem3 : RFCC26XX_multiMode.oem3 (.text:RF_ieeeExtension)
                  0000f290    000000b8     collector.obj (.text:cllcStartedCB$35)
                  0000f348    000000b8     maclib_secure.a : mac_mgmt.obj (.text:macBuildBeaconNotifyInd)
                  0000f400    000000b8                     : mac_coord.obj (.text:macCoordReset)
                  0000f4b8    000000b8                     : mac_rx.obj (.text:rxPostRxUpdates$81)
                  0000f570    000000b4     drivers_cc13x0.aem3 : PowerCC26XX.oem3 (.text:Power_setDependency)
                  0000f624    000000b4     rf_multiMode_cc13x0.aem3 : RFCC26XX_multiMode.oem3 (.text:RF_control)
                  0000f6d8    000000b4     maclib_secure.a : mac_beacon_coord.obj (.text:macApiBeaconStartReq)
                  0000f78c    000000b0                     : mac_tx.obj (.text:macTxChannelBusyCallback)
                  0000f83c    000000ac     rf_multiMode_cc13x0.aem3 : RFCC26XX_multiMode.oem3 (.text:RF_schChkCmdInsert)
                  0000f8e8    000000ac     maclib_secure.a : mac_coord.obj (.text:macStartSetParams)
                  0000f994    000000ac     api_mac.obj (.text:processBeaconNotifyInd$32)
                  0000fa40    000000aa     maclib_secure.a : fh_ie.obj (.text:FHIE_genExcludedChannelRanges)
                  0000faea    00000002     rtsv7M3_T_le_eabi.lib : _lock.c.obj (.text:_nop)
                  0000faec    000000a8     maclib_secure.a : mac_beacon_device.obj (.text:macBeaconSyncLoss)
                  0000fb94    000000a6     rom_sysbios.aem3 : rom_sysbios.obj (.text:xdc_runtime_Text_putSite__E)
                  0000fc3a    00000002     drivers_cc13x0.aem3 : PowerCC26XX.oem3 (.text:emptyClockFunc)
                  0000fc3c    000000a4     driverlib.lib : crypto.obj (.text:NOROM_CRYPTOAesEcb)
                  0000fce0    000000a4     rf_multiMode_cc13x0.aem3 : RFCC26XX_multiMode.oem3 (.text:RF_ratRestartChannels)
                  0000fd84    000000a4     drivers_cc13x0.aem3 : UARTCC26XX.oem3 (.text:UARTCC26XX_initHw)
                  0000fe28    000000a4     osal.obj (.text:osal_set_event)
                  0000fecc    000000a4     drivers_cc13x0.aem3 : PowerCC26XX.oem3 (.text:switchXOSCHFclockFunc)
                  0000ff70    000000a0     csf.obj (.text:Csf_getDevice)
                  00010010    000000a0     maclib_secure.a : fh_ie.obj (.text:FHIE_getChannelPlan)
                  000100b0    000000a0     cllc.obj (.text:assocIndCb$34)
                  00010150    000000a0     auto_init.aem3 : auto_init.oem3 (.text)
                  000101f0    000000a0     nvocop.obj (.text:findItemOffset$29)
                  00010290    000000a0     maclib_secure.a : mac_tx.obj (.text:txCsmaPrep$85)
                  00010330    000000a0     nvocop.obj (.text:writeItem$29)
                  000103d0    0000009c     cllc.obj (.text:Cllc_init)
                  0001046c    0000009c     maclib_secure.a : fh_api.obj (.text:FHAPI_reset)
                  00010508    0000009c     csf.obj (.text:findBlackListIndex$36)
                  000105a4    0000009c     maclib_secure.a : mac_radio_tx.obj (.text:macRadioTxPrepLbt)
                  00010640    0000009c     main.obj (.text:main)
                  000106dc    0000009c     rtsv7M3_T_le_eabi.lib : memcpy_t2.asm.obj (.text)
                  00010778    00000098     maclib_secure.a : fh_data.obj (.text:FHDATA_getPktFromQueue)
                  00010810    00000098                     : fh_mgr.obj (.text:FHMGR_updateRadioBCChannel)
                  000108a8    00000098     nvocop.obj (.text:NVOCOP_deleteItem)
                  00010940    00000098     drivers_cc13x0.aem3 : PINCC26XX.oem3 (.text:PIN_open)
                  000109d8    00000098     rf_multiMode_cc13x0.aem3 : RFCC26XX_multiMode.oem3 (.text:RF_calculateDispatchTime)
                  00010a70    00000098     drivers_cc13x0.aem3 : UARTCC26XX.oem3 (.text:UARTCC26XX_initIO)
                  00010b08    00000098                         : UARTCC26XX.oem3 (.text:UARTCC26XX_swiIntFxn)
                  00010ba0    00000098     maclib_secure.a : mac_coord.obj (.text:macBuildRealign)
                  00010c38    00000098                     : mac_data.obj (.text:macDataTxComplete)
                  00010cd0    00000098                     : mac_coord.obj (.text:macIndirectMark)
                  00010d68    00000098                     : mac_mgmt.obj (.text:macRxBeacon)
                  00010e00    00000098     rom_sysbios.aem3 : rom_sysbios.obj (.text:ti_sysbios_knl_Clock_workFuncDynamic__E)
                  00010e98    00000098                      : rom_sysbios.obj (.text:xdc_runtime_Text_putMod__E)
                  00010f30    00000096     rtsv7M3_T_le_eabi.lib : ull_div_t2.asm.obj (.text)
                  00010fc6    00000002     maclib_secure.a : mac_pwr.obj (.text:macApiPwrOnReq)
                  00010fc8    00000094     csf.obj (.text:Csf_updateFrameCounter)
                  0001105c    00000094     maclib_secure.a : fh_nt.obj (.text:FHNT_getNTIndexFromTempIndex)
                  000110f0    00000094     driverlib.lib : crypto.obj (.text:NOROM_CRYPTOAesLoadKey)
                  00011184    00000094     board_led.obj (.text:board_led_blinkTimeoutCB$7)
                  00011218    00000094     maclib_secure.a : mac_main.obj (.text:macCbackForEvent)
                  000112ac    00000094                     : mac_hl_patch.obj (.text:macCcmDecrypt)
                  00011340    00000094                     : mac_security.obj (.text:macCcmStarInverseTransform)
                  000113d4    00000094     collector.obj (.text:sendMsg$35)
                  00011468    00000090     rf_multiMode_cc13x0.aem3 : RFCC26XX_multiMode.oem3 (.text:RF_discardPendCmd)
                  000114f8    00000090     cllc.obj (.text:disassocIndCb$34)
                  00011588    00000090     rom_sysbios.aem3 : rom_sysbios.obj (.text:ti_sysbios_family_arm_cc26xx_Timer_start__E)
                  00011618    0000008c     cllc.obj (.text:Cllc_securityInit)
                  000116a4    0000008c     drivers_cc13x0.aem3 : UARTCC26XX.oem3 (.text:UARTCC26XX_close)
                  00011730    0000008c     api_mac.obj (.text:copyDataInd$32)
                  000117bc    0000008c     maclib_secure.a : mac_hl_patch.obj (.text:macCcmEncrypt)
                  00011848    0000008a     drivers_cc13x0.aem3 : CryptoCC26XX.oem3 (.text:CryptoCC26XX_allocateKey)
                  000118d2    0000008a     maclib_secure.a : fh_ie.obj (.text:FHIE_extractHie)
                  0001195c    00000088     driverlib.lib : osc.obj (.text:NOROM_OSCHF_GetStartupTime)
                  000119e4    00000088     drivers_cc13x0.aem3 : UARTCC26XX.oem3 (.text:UARTCC26XX_writeCancel)
                  00011a6c    00000088     maclib_secure.a : mac_coord.obj (.text:macApiPurgeReq)
                  00011af4    00000088                     : mac_mcu.obj (.text:macMcuBitReverse)
                  00011b7c    00000088     osal.obj (.text:osal_msg_receive)
                  00011c04    00000084     rf_multiMode_cc13x0.aem3 : RFCC26XX_multiMode.oem3 (.text:RF_issueRadioFreeCb)
                  00011c88    00000080                              : RFCC26XX_multiMode.oem3 (.text:RF_hwiHw)
                  00011d08    00000080     maclib_secure.a : mac_radio.obj (.text:macRadioUpdateTxPower)
                  00011d88    00000080                     : mac_coord.obj (.text:macRxDataReq)
                  00011e08    00000080                     : mac_timer.obj (.text:macTimerCancel)
                  00011e88    00000080     mac_user_config.obj (.text:rf_patch_rfe_genfsk$37)
                  00011f08    00000080     maclib_secure.a : mac_tx.obj (.text:txComplete)
                  00011f88    0000007c     board_led.obj (.text:Board_Led_control)
                  00012004    0000007c     csf.obj (.text:Csf_getDeviceItem)
                  00012080    0000007c     driverlib.lib : crypto.obj (.text:NOROM_CRYPTOCcmInvAuthDecryptResultGet)
                  000120fc    0000007c     rf_multiMode_cc13x0.aem3 : RFCC26XX_multiMode.oem3 (.text:RF_ratFreeChannel)
                  00012178    0000007c     cllc.obj (.text:beaconNotifyIndCb$34)
                  000121f4    0000007c     csf.obj (.text:findDeviceListIndex$36)
                  00012270    0000007c     maclib_secure.a : mac_coord.obj (.text:macApiStartReq)
                  000122ec    0000007c                     : mac_radio.obj (.text:macRadioUpdateChannelRx)
                  00012368    0000007c                     : mac_scan.obj (.text:macScanStartTimer)
                  000123e4    0000007a     rtsv7M3_T_le_eabi.lib : memset_t2.asm.obj (.text)
                  0001245e    00000002     maclib_secure.a : mac.obj (.text:macClientSwitchCb)
                  00012460    00000078                     : mac_beacon.obj (.text:macBeaconCheckTxTime)
                  000124d8    00000078                     : mac_radio_tx.obj (.text:macRadioTxAckCb$80)
                  00012550    00000078                     : mac_radio.obj (.text:macRadioUpdateChannel)
                  000125c8    00000078                     : mac_beacon_device.obj (.text:macTrackTimeoutCallback)
                  00012640    00000078     osal_pwrmgr.obj (.text:osal_pwrmgr_task_state)
                  000126b8    00000078     cllc.obj (.text:sendStartReq$34)
                  00012730    00000078     drivers_cc13x0.aem3 : UARTCC26XX.oem3 (.text:writeTxFifoFlush)
                  000127a8    00000076     maclib_secure.a : mac_security.obj (.text:macKeyDescriptorLookup)
                  0001281e    00000002                     : mac_mcu.obj (.text:macMcuInit)
                  00012820    00000074                     : fh_util.obj (.text:FHUTIL_getCurBfio)
                  00012894    00000074     icall_cc2650.obj (.text:ICallPlatform_pwrUpdActivityCounter)
                  00012908    00000074     rf_multiMode_cc13x0.aem3 : RFCC26XX_multiMode.oem3 (.text:RF_yield)
                  0001297c    00000074     maclib_secure.a : mac_mcu.obj (.text:macMcuOverflowSetCompare)
                  000129f0    00000074                     : mac_mcu.obj (.text:macMcuOverflowSetPeriod)
                  00012a64    00000074     cllc.obj (.text:scanCnfCb$34)
                  00012ad8    00000070     maclib_secure.a : fh_api.obj (.text:FHAPI_startBS)
                  00012b48    00000070                     : fh_dh1cf.obj (.text:FHDH1CF_getBCChannelNum)
                  00012bb8    00000070                     : mac_beacon.obj (.text:macBeaconSetupCap)
                  00012c28    00000070                     : mac_tx.obj (.text:macTxAckReceivedCallback)
                  00012c98    00000070     cllc.obj (.text:orphanIndCb$34)
                  00012d08    00000070     nvocop.obj (.text:writeWord$29)
                  00012d78    0000006e     rtsv7M3_T_le_eabi.lib : ll_div_t2.asm.obj (.text)
                  00012de6    00000002     maclib_secure.a : mac_mgmt.obj (.text:macNoAction)
                  00012de8    0000006d     rom_sysbios.aem3 : rom_sysbios.obj (.text:xdc_runtime_System_formatNum__I)
                  00012e55    00000001     --HOLE-- [fill = 0]
                  00012e56    00000002     maclib_secure.a : mac_symbol_timer.obj (.text:macSymbolTimerICallPwrNotify$84)
                  00012e58    0000006c     cllc.obj (.text:Cllc_restoreNetwork)
                  00012ec4    0000006c     maclib_secure.a : fh_nt.obj (.text:FHNT_putEntry)
                  00012f30    0000006c     drivers_cc13x0.aem3 : PowerCC26XX_calibrateRCOSC.oem3 (.text:PowerCC26XX_initiateCalibration)
                  00012f9c    0000006c     rf_multiMode_cc13x0.aem3 : RFCC26XX_multiMode.oem3 (.text:RF_ratDisableChannel)
                  00013008    0000006c     nvocop.obj (.text:findItemInCache$29)
                  00013074    0000006c     maclib_secure.a : mac_mgmt.obj (.text:macDisassocComplete)
                  000130e0    0000006c                     : mac_main.obj (.text:macExecute)
                  0001314c    0000006c                     : mac_main.obj (.text:macSendMsg)
                  000131b8    00000068                     : fh_data.obj (.text:FHDATA_purgePktFromQueue)
                  00013220    00000068     driverlib.lib : sys_ctrl.obj (.text:NOROM_SysCtrlAdjustRechargeAfterPowerDown)
                  00013288    00000068                   : sys_ctrl.obj (.text:NOROM_SysCtrl_DCDC_VoltageConditionalControl)
                  000132f0    00000068     drivers_cc13x0.aem3 : UARTCC26XX.oem3 (.text:UARTCC26XX_readCancel)
                  00013358    00000068     rtsv7M3_T_le_eabi.lib : copy_decompress_lzss.c.obj (.text:decompress:lzss:__TI_decompress_lzss)
                  000133c0    00000068     drivers_cc13x0.aem3 : PowerCC26XX.oem3 (.text:lfClockReadyCallback)
                  00013428    00000068     maclib_secure.a : mac_radio_tx.obj (.text:macRadioSendImmAckSubG$80)
                  00013490    00000068                     : mac_rx_onoff.obj (.text:macRxOn)
                  000134f8    00000068     cllc.obj (.text:maintainAssocTable$34)
                  00013560    00000068     cllc.obj (.text:sendScanReq$34)
                  000135c8    00000068     maclib_secure.a : mac_tx.obj (.text:txGo$85)
                  00013630    00000064     driverlib.lib : osc.obj (.text:NOROM_OSCHF_AttemptToSwitchToXosc)
                  00013694    00000064                   : setup_rom.obj (.text:NOROM_SetupGetTrimForAnabypassValue1)
                  000136f8    00000064     rf_multiMode_cc13x0.aem3 : RFCC26XX_multiMode.oem3 (.text:RF_checkForPreemption)
                  0001375c    00000064     drivers_cc13x0.aem3 : PowerCC26XX.oem3 (.text:configureXOSCHF)
                  000137c0    00000064     csf.obj (.text:getTheFirstDevice$36)
                  00013824    00000064     maclib_secure.a : mac_coord.obj (.text:macApiOrphanRsp)
                  00013888    00000064                     : mac_mgmt.obj (.text:macRxDisassoc)
                  000138ec    00000064                     : mac_symbol_timer.obj (.text:macSymbolTimerInit)
                  00013950    00000064     osal.obj (.text:osal_msg_enqueue_push$19)
                  000139b4    00000062     maclib_secure.a : mac_mgmt.obj (.text:macBuildWSAsyncMsg)
                  00013a16    00000002     rtsv7M3_T_le_eabi.lib : div0.asm.obj (.text)
                  00013a18    00000060     maclib_secure.a : fh_ie.obj (.text:FHIE_getCcaSfdTime)
                  00013a78    00000060     driverlib.lib : osc.obj (.text:NOROM_OSCClockSourceSet)
                  00013ad8    00000060     drivers_cc13x0.aem3 : PowerCC26XX.oem3 (.text:PowerCC26XX_calibrate)
                  00013b38    00000060     rf_multiMode_cc13x0.aem3 : RFCC26XX_multiMode.oem3 (.text:RF_dispatchNextEvent)
                  00013b98    00000060                              : RFCC26XX_multiMode.oem3 (.text:RF_getCurrentTime)
                  00013bf8    00000060     drivers_cc13x0.aem3 : UARTCC26XX.oem3 (.text:UARTCC26XX_control)
                  00013c58    00000060     csf.obj (.text:findUnusedDeviceListIndex$36)
                  00013cb8    00000060     maclib_secure.a : mac_coord.obj (.text:macIndirectTxFrame)
                  00013d18    00000060                     : mac_radio_tx.obj (.text:macRadioTxBackoffBoundary)
                  00013d78    00000060                     : mac_rx.obj (.text:macRxHaltCleanup)
                  00013dd8    00000060                     : mac_scan.obj (.text:macScanComplete)
                  00013e38    00000060     osal.obj (.text:osal_msg_send)
                  00013e98    00000060     collector.obj (.text:processDataRetry$35)
                  00013ef8    0000005f     rom_sysbios.aem3 : rom_sysbios.obj (.text:xdc_runtime_Text_putLab__E)
                  00013f57    00000001     --HOLE-- [fill = 0]
                  00013f58    0000005e     maclib_secure.a : fh_mgr.obj (.text:FHMGR_updateRadioUCChannel)
                  00013fb6    00000002     rom_sysbios.aem3 : rom_sysbios.obj (.text:ti_sysbios_BIOS_linkedWithIncorrectBootLibrary__E)
                  00013fb8    0000005c     cllc.obj (.text:Cllc_addSecDevice)
                  00014014    0000005c     drivers_cc13x0.aem3 : PowerCC26XX_calibrateRCOSC.oem3 (.text:PowerCC26XX_RCOSC_clockFunc)
                  00014070    0000005c     rf_multiMode_cc13x0.aem3 : RFCC26XX_multiMode.oem3 (.text:RF_hwiCpe0PowerFsm)
                  000140cc    0000005c                              : RFCC26XX_multiMode.oem3 (.text:RF_syncCb)
                  00014128    0000005c     maclib_secure.a : mac_beacon_device.obj (.text:macTrackPeriodCallback)
                  00014184    0000005c     collector.obj (.text:sendBroadcastMsg$35)
                  000141e0    0000005c     app_pem3.oem3 (.text:xdc_runtime_Startup_getState__I)
                  0001423c    00000058     maclib_secure.a : fh_data.obj (.text:FHDATA_requeuePkt)
                  00014294    00000058                     : fh_nt.obj (.text:FHNT_DelDeviceCB)
                  000142ec    00000058                     : fh_util.obj (.text:FHUTIL_getBitCounts)
                  00014344    00000058                     : mac_mgmt.obj (.text:MAC_ResumeReq)
                  0001439c    00000058     drivers_cc13x0.aem3 : PINCC26XX.oem3 (.text:PIN_remove)
                  000143f4    00000058     rf_multiMode_cc13x0.aem3 : RFCC26XX_multiMode.oem3 (.text:RF_TxPowerTable_findValue)
                  0001444c    00000058                              : RFCC26XX_multiMode.oem3 (.text:RF_cmdDispatchTime)
                  000144a4    00000058     mac_user_config.obj (.text:applyGenfskPatch$37)
                  000144fc    00000058     maclib_secure.a : mac_beacon_coord.obj (.text:macBeaconPeriodCallback)
                  00014554    00000058                     : mac_rx_onoff.obj (.text:macRxOffRequest)
                  000145ac    00000058                     : mac_timer.obj (.text:macTimerAddTimer)
                  00014604    00000058                     : mac_timer.obj (.text:macTimerUpdateSymbolTimer)
                  0001465c    00000056                     : mac_data.obj (.text:macFrameDurationSubG)
                  000146b2    00000054     drivers_cc13x0.aem3 : CryptoCC26XX.oem3 (.text:CryptoCC26XX_close)
                  00014706    00000002     app_pem3.oem3 (.text:ti_sysbios_BIOS_nullFunc__I)
                  00014708    00000054     maclib_secure.a : fh_sm.obj (.text:FHSM_event)
                  0001475c    00000054     uart_printf.obj (.text:UartPrintf_flush)
                  000147b0    00000054     maclib_secure.a : mac_beacon_coord.obj (.text:macBeaconTxCallback)
                  00014804    00000054                     : mac_beacon_device.obj (.text:macSyncTimeoutCallback)
                  00014858    00000054                     : mac_beacon_device.obj (.text:macTrackStartCallback)
                  000148ac    00000054                     : mac_ie_parse.obj (.text:macUpdatePayloadIEPtr)
                  00014900    00000054     api_mac.obj (.text:processScanCnf$32)
                  00014954    00000054     collector.obj (.text:sendTrackingRequest$35)
                  000149a8    00000052     maclib_secure.a : fh_ie.obj (.text:FHIE_genExcludedChannelMask)
                  000149fa    00000052                     : fh_ie.obj (.text:FHIE_getSubPie)
                  00014a4c    00000050                     : fh_mgr.obj (.text:FHMGR_macStartFHTimer)
                  00014a9c    00000050                     : fh_mgr.obj (.text:FHMGR_ucTimerIsrCb)
                  00014aec    00000050                     : fh_nt.obj (.text:FHNT_getEUI)
                  00014b3c    00000050     driverlib.lib : crypto.obj (.text:NOROM_CRYPTOCcmAuthEncryptResultGet)
                  00014b8c    00000050     rf_multiMode_cc13x0.aem3 : RFCC26XX_multiMode.oem3 (.text:RF_applyRfCorePatch)
                  00014bdc    00000050                              : RFCC26XX_multiMode.oem3 (.text:RF_fsmXOSCState)
                  00014c2c    00000050                              : RFCC26XX_multiMode.oem3 (.text:RF_wakeupNotification)
                  00014c7c    00000050     maclib_secure.a : mac_beacon_coord.obj (.text:macBeaconPrepareCallback)
                  00014ccc    00000050                     : mac_radio.obj (.text:macRadioSetChannel)
                  00014d1c    00000050                     : mac_symbol_timer.obj (.text:macSymbolTimerSetRollover)
                  00014d6c    00000050     drivers_cc13x0.aem3 : UARTCC26XX.oem3 (.text:startTxFifoEmptyClk)
                  00014dbc    0000004e     maclib_secure.a : fh_dh1cf.obj (.text:FHDH1CF_mapChIdxChannel)
                  00014e0a    00000002     rom_sysbios.aem3 : rom_sysbios.obj (.text:ti_sysbios_knl_Clock_triggerFunc__I)
                  00014e0c    0000004c     maclib_secure.a : fh_pib.obj (.text:FHPIB_get)
                  00014e58    0000004c     rtsv7M3_T_le_eabi.lib : cpy_tbl.c.obj (.text:copy_in)
                  00014ea4    0000004c     maclib_secure.a : mac.obj (.text:macFsCb$76)
                  00014ef0    0000004c                     : mac_radio.obj (.text:macGetRadioTxPowerReg)
                  00014f3c    0000004c                     : mac_coord.obj (.text:macIndirectRequeueFrame)
                  00014f88    0000004c                     : mac_radio.obj (.text:macRadioWakeupCb)
                  00014fd4    0000004c                     : mac_rx.obj (.text:macRxNokIsr)
                  00015020    0000004c                     : mac_symbol_timer.obj (.text:macSymbolTimerEventHandler$84)
                  0001506c    0000004c                     : mac_tx.obj (.text:macTxAckNotReceivedCallback)
                  000150b8    0000004a     macstack.obj (.text:icall_slimMsgParser)
                  00015102    00000002     app_pem3.oem3 (.text:ti_sysbios_rom_cortexm_cc13xx_CC13xx_badRomRevision__E)
                  00015104    00000048     board_lcd.obj (.text:Board_Lcd_writeStringValue)
                  0001514c    00000048     dpl_cc13x0.aem3 : ClockP_tirtos.oem3 (.text:ClockP_construct)
                  00015194    00000048     csf.obj (.text:Csf_getNumDeviceListEntries)
                  000151dc    00000048     drivers_cc13x0.aem3 : PINCC26XX.oem3 (.text:PIN_setOutputEnable)
                  00015224    00000048     timer.obj (.text:Timer_construct)
                  0001526c    00000048     util.obj (.text:Util_itoa)
                  000152b4    00000048     csf.obj (.text:getNumBlackListEntries$36)
                  000152fc    00000048     maclib_secure.a : mac_beacon_device.obj (.text:macBeaconStartFrameResponseTimer)
                  00015344    00000048                     : mac_coord.obj (.text:macRxAssociateReq)
                  0001538c    00000048                     : mac.obj (.text:macSetupFsCmd)
                  000153d4    00000048     drivers_cc13x0.aem3 : UARTCC26XX.oem3 (.text:writeFinishedDoCallback)
                  0001541c    00000046     maclib_secure.a : fh_dh1cf.obj (.text:FHDH1CF_getCh)
                  00015462    00000046                     : fh_ie.obj (.text:FHIE_getCommonInformationLen)
                  000154a8    00000044                     : fh_api.obj (.text:FHAPI_getRemDT)
                  000154ec    00000044                     : mac_pib.obj (.text:MAC_MlmeGetReq)
                  00015530    00000044     drivers_cc13x0.aem3 : RingBuf.oem3 (.text:RingBuf_put)
                  00015574    00000044     boot.aem3 : boot.oem3 (.text)
                  000155b8    00000044     nvocop.obj (.text:erasePage$29)
                  000155fc    00000044     maclib_secure.a : mac.obj (.text:macSetupReceiveCmd)
                  00015640    00000044                     : mac.obj (.text:macStopCmd)
                  00015684    00000044                     : mac_main.obj (.text:mac_msg_deallocate)
                  000156c8    00000044     rom_sysbios.aem3 : rom_sysbios.obj (.text:xdc_runtime_Text_xprintf__I)
                  0001570c    00000042     api_mac.obj (.text:copyMacPanDescToApiMacPanDesc$32)
                  0001574e    00000002     rom_sysbios.aem3 : rom_sysbios.obj (.text:xdc_runtime_SysCallback_defaultAbort)
                  00015750    00000040     maclib_secure.a : fh_dh1cf.obj (.text:FHDH1CF_hashword)
                  00015790    00000040                     : fh_nt.obj (.text:FHNT_delTempIndex)
                  000157d0    00000040                     : fh_util.obj (.text:FHUTIL_getCurUfsi)
                  00015810    00000040     hal_trng_wrapper.obj (.text:HalTRNG_GetTRNG)
                  00015850    00000040     osal.obj (.text:ICall_setTimer$19)
                  00015890    00000040     maclib_secure.a : mac_symbol_timer.obj (.text:ICall_setTimer$84)
                  000158d0    00000040                     : mac_tx.obj (.text:ICall_setTimer$85)
                  00015910    00000040     driverlib.lib : chipinfo.obj (.text:NOROM_ChipInfo_GetHwRevision)
                  00015950    00000040     nvocop.obj (.text:NVOCOP_initNV)
                  00015990    00000040     drivers_cc13x0.aem3 : PINCC26XX.oem3 (.text:PIN_swi)
                  000159d0    00000040     rf_multiMode_cc13x0.aem3 : RFCC26XX_multiMode.oem3 (.text:RF_setTxPower)
                  00015a10    00000040     drivers_cc13x0.aem3 : UART.oem3 (.text:UART_init)
                  00015a50    00000040                         : UART.oem3 (.text:UART_open)
                  00015a90    00000040     rtsv7M3_T_le_eabi.lib : u_divt2.asm.obj (.text)
                  00015ad0    00000040     rom_sysbios.aem3 : rom_sysbios.obj (.text:ti_sysbios_family_arm_cc26xx_Timer_setThreshold__I)
                  00015b10    0000003e     dpl_cc13x0.aem3 : HwiP_tirtos.oem3 (.text:HwiP_construct)
                  00015b4e    0000003e     drivers_cc13x0.aem3 : RingBuf.oem3 (.text:RingBuf_get)
                  00015b8c    0000003c     maclib_secure.a : fh_mgr.obj (.text:FHMGR_updateHopping)
                  00015bc8    0000003c     icall_cc2650.obj (.text:ICallPlatform_pwrConfigACAction)
                  00015c04    0000003c     api_mac.obj (.text:ICall_sendServiceMsg$32)
                  00015c40    0000003c     osal.obj (.text:ICall_setTimerMSecs$19)
                  00015c7c    0000003c     driverlib.lib : osc.obj (.text:NOROM_OSC_HPOSCRelativeFrequencyOffsetGet)
                  00015cb8    0000003c                   : rfc.obj (.text:NOROM_RFCSynthPowerDown)
                  00015cf4    0000003c     nvocop.obj (.text:NVOCOP_compactNV)
                  00015d30    0000003c     drivers_cc13x0.aem3 : PowerCC26XX.oem3 (.text:PowerCC26XX_isStableXOSC_HF)
                  00015d6c    0000003c     rf_multiMode_cc13x0.aem3 : RFCC26XX_multiMode.oem3 (.text:RF_cmdGet)
                  00015da8    0000003c     dpl_cc13x0.aem3 : SwiP_tirtos.oem3 (.text:SwiP_construct)
                  00015de4    0000003c     collector.obj (.text:cllcDeviceJoiningCB$35)
                  00015e20    0000003c     drivers_cc13x0.aem3 : PowerCC26XX.oem3 (.text:disableLfClkQualifiersEnableClkLoss)
                  00015e5c    0000003c     maclib_secure.a : mac_beacon.obj (.text:macBeaconRequeue)
                  00015e98    0000003c                     : mac_hl_patch.obj (.text:macCheckPhyRate)
                  00015ed4    0000003c                     : mac_rx_onoff.obj (.text:macRxDisable)
                  00015f10    0000003c                     : mac_coord.obj (.text:macStartContinue)
                  00015f4c    0000003c                     : mac_symbol_timer.obj (.text:macSymbolTimerRealignSubG)
                  00015f88    0000003c                     : mac_symbol_timer.obj (.text:macSymbolTimerSetTrigger)
                  00015fc4    0000003c     osal.obj (.text:osal_msg_extract)
                  00016000    0000003c     rom_sysbios.aem3 : rom_sysbios.obj (.text:ti_sysbios_family_arm_m3_Hwi_construct2__E)
                  0001603c    0000003a     maclib_secure.a : fh_dh1cf.obj (.text:FHDH1CF_getChannelNum)
                  00016076    00000002     rom_sysbios.aem3 : rom_sysbios.obj (.text:xdc_runtime_SysCallback_defaultExit)
                  00016078    00000038     collector.obj (.text:Collector_sendToggleLedRequest)
                  000160b0    00000038     maclib_secure.a : fh_api.obj (.text:FHAPI_stopAsync)
                  000160e8    00000038     hal_trng_wrapper.obj (.text:HalTRNG_InitTRNG)
                  00016120    00000038     macstack.obj (.text:ICall_enrollService$26)
                  00016158    00000038     nvocop.obj (.text:NVOCOP_readItem)
                  00016190    00000038     drivers_cc13x0.aem3 : PINCC26XX.oem3 (.text:PIN_setOutputValue)
                  000161c8    00000038     rf_multiMode_cc13x0.aem3 : RFCC26XX_multiMode.oem3 (.text:RF_checkCmdFsError)
                  00016200    00000038     board_key.obj (.text:board_key_keyFxn$5)
                  00016238    00000038     collector.obj (.text:findDevice$35)
                  00016270    00000038     maclib_secure.a : mac.obj (.text:macSetUserConfig)
                  000162a8    00000038                     : mac_symbol_timer.obj (.text:macSymbolTimerCount)
                  000162e0    00000038     osal.obj (.text:osal_msg_dequeue)
                  00016318    00000038     drivers_cc13x0.aem3 : UARTCC26XX.oem3 (.text:readData)
                  00016350    00000038     rom_sysbios.aem3 : rom_sysbios.obj (.text:ti_sysbios_family_arm_cc26xx_Timer_getCurrentTick__E)
                  00016388    00000038     drivers_cc13x0.aem3 : UARTCC26XX.oem3 (.text:writeData)
                  000163c0    00000036     maclib_secure.a : fh_ie.obj (.text:FHIE_getPie)
                  000163f6    00000002     --HOLE-- [fill = 0]
                  000163f8    00000034     osal.obj (.text:ICall_send$19)
                  0001642c    00000034     maclib_secure.a : fh_mgr.obj (.text:ICall_setTimer$56)
                  00016460    00000034     driverlib.lib : ddi.obj (.text:NOROM_DDI32RegWrite)
                  00016494    00000034                   : osc.obj (.text:NOROM_OSCHF_SwitchToRcOscTurnOffXosc)
                  000164c8    00000034     drivers_cc13x0.aem3 : PINCC26XX.oem3 (.text:PIN_setConfig)
                  000164fc    00000034                         : PowerCC26XX.oem3 (.text:Power_releaseConstraint)
                  00016530    00000034     rf_multiMode_cc13x0.aem3 : RFCC26XX_multiMode.oem3 (.text:RF_powerConstraintRelease)
                  00016564    00000034                              : RFCC26XX_multiMode.oem3 (.text:RF_queueEnd)
                  00016598    00000034                              : RFCC26XX_multiMode.oem3 (.text:RF_runDirectImmediateCmd)
                  000165cc    00000034     nvocop.obj (.text:disableCache$29)
                  00016600    00000034     maclib_secure.a : mac_beacon_device.obj (.text:macBeaconStopTrack)
                  00016634    00000034                     : mac_data.obj (.text:macDataRxInd)
                  00016668    00000034                     : mac_beacon_coord.obj (.text:macStartBeaconPrepareCallback)
                  0001669c    00000034                     : mac_beacon_device.obj (.text:macStartBroadcastPendTimer)
                  000166d0    00000034                     : mac_timer.obj (.text:macTimerRecalcUnaligned)
                  00016704    00000034                     : mac_tx.obj (.text:macTxDecrypt)
                  00016738    00000034                     : mac_tx.obj (.text:macTxUpdateIE)
                  0001676c    00000034     drivers_cc13x0.aem3 : PowerCC26XX.oem3 (.text:notify)
                  000167a0    00000034     osal.obj (.text:osal_msg_enqueue)
                  000167d4    00000034     csf.obj (.text:saveNumDeviceListEntries$36)
                  00016808    00000034     rom_sysbios.aem3 : rom_sysbios.obj (.text:ti_sysbios_family_arm_cc26xx_Timer_initDevice__I)
                  0001683c    00000034                      : rom_sysbios.obj (.text:ti_sysbios_knl_Swi_setPri__E)
                  00016870    00000032     maclib_secure.a : fh_ie.obj (.text:FHIE_getHie)
                  000168a2    00000032     icall_cc2650.obj (.text:ICallPlatform_pwrNotify$1)
                  000168d4    00000032     maclib_secure.a : mac_scan.obj (.text:macScanCnfInit)
                  00016906    00000032     rom_sysbios.aem3 : rom_sysbios.obj (.text:ti_sysbios_family_arm_cc26xx_Timer_setNextTick__E)
                  00016938    00000030     csf.obj (.text:Csf_setConfigClock)
                  00016968    00000030     csf.obj (.text:Csf_setTrackingClock)
                  00016998    00000030     maclib_secure.a : fh_api.obj (.text:FHAPI_SFDRxCb)
                  000169c8    00000030                     : fh_sm.obj (.text:FSM_transaction_debug)
                  000169f8    00000030     hal_flash_wrapper.obj (.text:HalFlashRead)
                  00016a28    00000030     icall_cc2650.obj (.text:ICallPlatform_pwrRegisterNotify)
                  00016a58    00000030     driverlib.lib : crypto.obj (.text:NOROM_CRYPTOAesEcbStatus)
                  00016a88    00000030                   : crypto.obj (.text:NOROM_CRYPTOCcmAuthEncryptStatus)
                  00016ab8    00000030                   : crypto.obj (.text:NOROM_CRYPTOCcmInvAuthDecryptStatus)
                  00016ae8    00000030                   : chipinfo.obj (.text:NOROM_ChipInfo_GetChipType)
                  00016b18    00000030                   : setup_rom.obj (.text:NOROM_SetupSetAonRtcSubSecInc)
                  00016b48    00000030     drivers_cc13x0.aem3 : PowerCC26XX.oem3 (.text:Power_setConstraint)
                  00016b78    00000030     collector.obj (.text:cllcStateChangedCB$35)
                  00016ba8    00000030     maclib_secure.a : mac_mgmt.obj (.text:macBcTimerHandler)
                  00016bd8    00000030                     : mac_pib.obj (.text:macMRFSKGetPhyDesc)
                  00016c08    00000030                     : mac_coord.obj (.text:macRxOrphan)
                  00016c38    00000030                     : mac_symbol_timer.obj (.text:macSymbolTimerICallTimerCback$84)
                  00016c68    00000030                     : mac_timer.obj (.text:macTimerSetRollover)
                  00016c98    00000030     osal.obj (.text:osal_alien2proxy)
                  00016cc8    00000030     drivers_cc13x0.aem3 : UARTCC26XX.oem3 (.text:readData2RingBuf)
                  00016cf8    00000030     app_pem3.oem3 (.text:ti_sysbios_BIOS_atExitFunc__I)
                  00016d28    00000030     app_pem3.oem3 (.text:ti_sysbios_BIOS_startFunc__I)
                  00016d58    0000002e     csf.obj (.text:Csf_getDeviceShort)
                  00016d86    0000002e     icall_cc2650.obj (.text:ICallPlatform_pwrDispenseImpl$1)
                  00016db4    0000002e     icall_cc2650.obj (.text:ICallPlatform_pwrRequireImpl$1)
                  00016de2    0000002e     drivers_cc13x0.aem3 : CryptoCC26XX.oem3 (.text:cryptoTransactionPend)
                  00016e10    0000002c     CC13X0_LAUNCHXL.obj (.text:CC1350_LAUNCHXL_rfDriverCallback$3)
                  00016e3c    0000002c     maclib_secure.a : fh_ie.obj (.text:FHIE_getExcludedChannelControl)
                  00016e68    0000002c     driverlib.lib : osc.obj (.text:NOROM_OSCClockSourceGet)
                  00016e94    0000002c                   : rfc.obj (.text:NOROM_RFCCpePatchReset)
                  00016ec0    0000002c     drivers_cc13x0.aem3 : PINCC26XX.oem3 (.text:PINCC26XX_setMux)
                  00016eec    0000002c     rf_multiMode_cc13x0.aem3 : RFCC26XX_multiMode.oem3 (.text:RF_calculateDeltaTimeUs)
                  00016f18    0000002c                              : RFCC26XX_multiMode.oem3 (.text:RF_executeDirectImmediateCmd)
                  00016f44    0000002c     dpl_cc13x0.aem3 : SemaphoreP_tirtos.oem3 (.text:SemaphoreP_constructBinary)
                  00016f70    0000002c     uart_printf.obj (.text:UartPrintf_putch)
                  00016f9c    0000002c     collector.obj (.text:findDeviceStatusBit$35)
                  00016fc8    0000002c     nvocop.obj (.text:findOffset$29)
                  00016ff4    0000002c     collector.obj (.text:getMsduHandle$35)
                  00017020    0000002c     maclib_secure.a : mac_beacon.obj (.text:macBeaconInit)
                  0001704c    0000002c                     : mac_pib.obj (.text:macPibReset)
                  00017078    0000002c                     : mac_radio.obj (.text:macRadioSetPanCoordinator)
                  000170a4    0000002c     osal.obj (.text:osal_msec_timer_cback$19)
                  000170d0    0000002c     saddr.obj (.text:sAddrCmp)
                  000170fc    0000002c     rom_sysbios.aem3 : rom_sysbios.obj (.text:ti_sysbios_knl_Clock_getTicksUntilInterrupt__E)
                  00017128    0000002b                      : rom_sysbios.obj (.text:xdc_runtime_Text_printVisFxn__I)
                  00017153    00000001     --HOLE-- [fill = 0]
                  00017154    0000002a                      : rom_sysbios.obj (.text:ti_sysbios_knl_Clock_getTimeout__E)
                  0001717e    0000002a                      : rom_sysbios.obj (.text:xdc_runtime_System_putchar__I)
                  000171a8    00000028     drivers_cc13x0.aem3 : CryptoCC26XX.oem3 (.text:CryptoCC26XX_releaseKey)
                  000171d0    00000028     maclib_secure.a : fh_mgr.obj (.text:FHMGR_macCancelFHTimer)
                  000171f8    00000028     csf.obj (.text:ICall_malloc$36)
                  00017220    00000028     maclib_secure.a : mac_security_pib.obj (.text:MAC_MlmeGetPointerSecurityReq)
                  00017248    00000028     driverlib.lib : aon_batmon.obj (.text:NOROM_AONBatMonTemperatureGetDegC)
                  00017270    00000028                   : rfc.obj (.text:NOROM_RFCDoorbellSendTo)
                  00017298    00000028     drivers_cc13x0.aem3 : PowerCC26XX.oem3 (.text:Power_registerNotify)
                  000172c0    00000028     rf_multiMode_cc13x0.aem3 : RFCC26XX_multiMode.oem3 (.text:RF_getTxPower)
                  000172e8    00000028     driverlib.lib : adi.obj (.text:SafeHapiVoid)
                  00017310    00000028     board_led.obj (.text:board_led_anyBlinking$7)
                  00017338    00000028     nvocop.obj (.text:findItem$29)
                  00017360    00000028     maclib_secure.a : mac_mgmt.obj (.text:macApiPending)
                  00017388    00000028                     : mac_beacon.obj (.text:macBeaconCheckSched)
                  000173b0    00000028                     : mac_beacon_coord.obj (.text:macBeaconSetPrepareTime)
                  000173d8    00000028                     : mac_mgmt.obj (.text:macCoordAddrCmp)
                  00017400    00000028                     : mac_mgmt.obj (.text:macGetCoordAddress)
                  00017428    00000028                     : mac_radio.obj (.text:macRadioStopScan)
                  00017450    00000028                     : mac_rx_onoff.obj (.text:macRxHardDisable)
                  00017478    00000028                     : mac_coord.obj (.text:macStartComplete)
                  000174a0    00000028                     : mac_tx.obj (.text:macTxRequestCsmaRtcDelay)
                  000174c8    00000028     osal_memory_icall.obj (.text:osal_mem_alloc)
                  000174f0    00000028     osal_timers.obj (.text:osal_next_timeout)
                  00017518    00000028     collector.obj (.text:processConfigRetry$35)
                  00017540    00000026     maclib_secure.a : fh_util.obj (.text:FHUTIL_getMaxChannels)
                  00017566    00000026                     : fh_util.obj (.text:FHUTIL_getTxUfsi)
                  0001758c    00000026                     : mac_radio.obj (.text:radioComputeED$79)
                  000175b2    00000026     rom_sysbios.aem3 : rom_sysbios.obj (.text:xdc_runtime_System_vprintf__E)
                  000175d8    00000024     drivers_cc13x0.aem3 : CryptoCC26XX.oem3 (.text:CryptoCC26XX_hwiIntFxn)
                  000175fc    00000024     maclib_secure.a : fh_api.obj (.text:FHAPI_getTxChHoppingFunc)
                  00017620    00000024                     : fh_pib.obj (.text:FHPIB_getLen)
                  00017644    00000024     osal_pwrmgr.obj (.text:ICall_pwrUpdActivityCounter$23)
                  00017668    00000024     drivers_cc13x0.aem3 : List.oem3 (.text:List_remove)
                  0001768c    00000024     rf_multiMode_cc13x0.aem3 : RFCC26XX_multiMode.oem3 (.text:RF_cmdAlloc)
                  000176b0    00000024                              : RFCC26XX_multiMode.oem3 (.text:RF_invokeGlobalCallback)
                  000176d4    00000024     maclib_secure.a : mac_beacon.obj (.text:macBeaconReset)
                  000176f8    00000024                     : mac_radio.obj (.text:macGetRadioState)
                  0001771c    00000024                     : mac_radio_tx.obj (.text:macRadioTxRequestTxAck)
                  00017740    00000024                     : mac_rx_onoff.obj (.text:macRxSoftDisable)
                  00017764    00000024                     : mac_timer.obj (.text:macTimerAligned)
                  00017788    00000024     rtsv7M3_T_le_eabi.lib : memcmp.c.obj (.text:memcmp)
                  000177ac    00000024     osal.obj (.text:osal_msg_allocate)
                  000177d0    00000024     cllc.obj (.text:startCnfCb$34)
                  000177f4    00000024     app_pem3.oem3 (.text:ti_sysbios_BIOS_registerRTSLock__I)
                  00017818    00000024     app_pem3.oem3 (.text:ti_sysbios_BIOS_removeRTSLock__I)
                  0001783c    00000024     rom_sysbios.aem3 : rom_sysbios.obj (.text:ti_sysbios_family_arm_cc26xx_Timer_getMaxTicks__E)
                  00017860    00000022     drivers_cc13x0.aem3 : List.oem3 (.text:List_get)
                  00017882    00000022                         : List.oem3 (.text:List_insert)
                  000178a4    00000022                         : List.oem3 (.text:List_put)
                  000178c6    00000022                         : List.oem3 (.text:List_putHead)
                  000178e8    00000022     collector.obj (.text:pollIndCB$35)
                  0001790a    00000002     --HOLE-- [fill = 0]
                  0001790c    00000020     maclib_secure.a : fh_data.obj (.text:FHDATA_updateCCA)
                  0001792c    00000020                     : fh_util.obj (.text:FHUTIL_updateUcNumChannels)
                  0001794c    00000020     hal_flash_wrapper.obj (.text:HalFlashGetAddress)
                  0001796c    00000020     osal_memory_icall.obj (.text:ICall_free$22)
                  0001798c    00000020     api_mac.obj (.text:ICall_free$32)
                  000179ac    00000020     osal.obj (.text:ICall_getTicks$19)
                  000179cc    00000020     maclib_secure.a : fh_data.obj (.text:ICall_getTicks$55)
                  000179ec    00000020                     : fh_mgr.obj (.text:ICall_getTicks$56)
                  00017a0c    00000020                     : fh_util.obj (.text:ICall_getTicks$59)
                  00017a2c    00000020                     : fh_api.obj (.text:ICall_getTicks$86)
                  00017a4c    00000020                     : fh_nt.obj (.text:ICall_getTicks$89)
                  00017a6c    00000020     osal.obj (.text:ICall_signal$19)
                  00017a8c    00000020     maclib_secure.a : mac_symbol_timer.obj (.text:ICall_signal$84)
                  00017aac    00000020                     : mac_pib.obj (.text:MAC_GetPHYParamReq)
                  00017acc    00000020     driverlib.lib : rfc.obj (.text:NOROM_RFCAdi3VcoLdoVoltageMode)
                  00017aec    00000020     dpl_cc13x0.aem3 : PowerCC26XX_tirtos.oem3 (.text:PowerCC26XX_schedulerDisable)
                  00017b0c    00000020                     : PowerCC26XX_tirtos.oem3 (.text:PowerCC26XX_schedulerRestore)
                  00017b2c    00000020     drivers_cc13x0.aem3 : PowerCC26XX.oem3 (.text:Power_unregisterNotify)
                  00017b4c    00000020     rf_multiMode_cc13x0.aem3 : RFCC26XX_multiMode.oem3 (.text:RF_clkPowerUp)
                  00017b6c    00000020                              : RFCC26XX_multiMode.oem3 (.text:RF_hwiCpe0ChangePhy)
                  00017b8c    00000020                              : RFCC26XX_multiMode.oem3 (.text:RF_ratIsRunning)
                  00017bac    00000020     maclib_secure.a : mac_beacon_coord.obj (.text:macBeaconCoordReset)
                  00017bcc    00000020                     : mac_data.obj (.text:macDataRxMemAlloc)
                  00017bec    00000020                     : mac_data.obj (.text:macDataSend)
                  00017c0c    00000020                     : mac_radio.obj (.text:macRadioSwInit)
                  00017c2c    00000020                     : mac_coord.obj (.text:macRxBeaconReq)
                  00017c4c    00000020                     : mac_rx_onoff.obj (.text:macRxOff)
                  00017c6c    00000020                     : mac_rx_onoff.obj (.text:macRxSoftEnable)
                  00017c8c    00000020     osal.obj (.text:osal_memcmp)
                  00017cac    00000020     osal.obj (.text:osal_msg_push)
                  00017ccc    00000020     app_pem3.oem3 (.text:ti_sysbios_BIOS_rtsLock__I)
                  00017cec    00000020     rom_sysbios.aem3 : rom_sysbios.obj (.text:ti_sysbios_family_arm_cc26xx_Timer_dynamicStub__E)
                  00017d0c    00000020                      : rom_sysbios.obj (.text:ti_sysbios_knl_Clock_stop__E)
                  00017d2c    00000020                      : rom_sysbios.obj (.text:xdc_runtime_Registry_findById__E)
                  00017d4c    0000001e     drivers_cc13x0.aem3 : PINCC26XX.oem3 (.text:PIN_close)
                  00017d6a    0000001e                         : PowerCC26XX.oem3 (.text:Power_getTransitionLatency)
[...]
1001b899  ti_sysbios_knl_Mailbox_Object__get__S
1001b8c5  ti_sysbios_knl_Mailbox_postInit__I
1001b8f1  ti_sysbios_knl_Queue_construct
1001b91d  ti_sysbios_knl_Queue_create
1001b949  ti_sysbios_knl_Semaphore_pendTimeout__I
1001b975  ti_sysbios_knl_Swi_Object__get__S
1001b9a1  ti_sysbios_knl_Task_unblockI__E
1001b9cd  ti_sysbios_family_arm_cc26xx_TimestampProvider_get64__E
1001b9cd  xdc_runtime_Timestamp_SupportProxy_get64__E
1001b9cd  xdc_runtime_Timestamp_SupportProxy_get64__E__mangled__
1001b9cd  xdc_runtime_Timestamp_get64__E
1001b9cd  xdc_runtime_Timestamp_get64__E
1001b9f5  ti_sysbios_hal_Hwi_Instance_init__E
1001ba1d  ti_sysbios_knl_Clock_addI__E
1001ba45  ti_sysbios_knl_Task_restore__E
1001ba6d  ti_sysbios_family_arm_cc26xx_Timer_Module_startup__E
1001ba91  ti_sysbios_gates_GateHwi_Object__create__S
1001bab5  ti_sysbios_BIOS_RtsGateProxy_Object__delete__S
1001bab5  ti_sysbios_gates_GateMutex_Object__delete__S
1001bab5  ti_sysbios_heaps_HeapMem_Module_GateProxy_Object__delete__S
1001bad9  ti_sysbios_knl_Clock_Object__delete__S
1001bafd  ti_sysbios_knl_Semaphore_Instance_init__E
1001bb21  ti_sysbios_knl_Semaphore_Object__delete__S
1001bb45  ti_sysbios_family_arm_cc26xx_Timer_Module__startupDone__S
1001bb45  ti_sysbios_knl_Clock_TimerProxy_Module__startupDone__S__mangled__
1001bb65  ti_sysbios_family_arm_cc26xx_TimestampProvider_Module_startup__E
1001bb85  ti_sysbios_family_arm_m3_Hwi_Module__startupDone__S
1001bb85  ti_sysbios_hal_Hwi_HwiProxy_Module__startupDone__S__mangled__
1001bba5  ti_sysbios_family_arm_m3_Hwi_Object__delete__S
1001bba5  ti_sysbios_hal_Hwi_HwiProxy_Object__delete__S
1001bbc5  ti_sysbios_family_arm_m3_Hwi_excHandler__I
1001bbe5  ti_sysbios_gates_GateHwi_Handle__label__S
1001bbe5  xdc_runtime_Main_Module_GateProxy_Handle__label__S
1001bbe5  xdc_runtime_System_Module_GateProxy_Handle__label__S
1001bbe5  xdc_runtime_System_Module_GateProxy_Handle__label__S__mangled__
1001bc05  ti_sysbios_gates_GateHwi_Object__delete__S
1001bc05  xdc_runtime_System_Module_GateProxy_Object__delete__S
1001bc25  ti_sysbios_BIOS_RtsGateProxy_Handle__label__S
1001bc25  ti_sysbios_BIOS_RtsGateProxy_Handle__label__S__mangled__
1001bc25  ti_sysbios_gates_GateMutex_Handle__label__S
1001bc25  ti_sysbios_heaps_HeapMem_Module_GateProxy_Handle__label__S
1001bc25  ti_sysbios_heaps_HeapMem_Module_GateProxy_Handle__label__S__mangled__
1001bc45  ti_sysbios_gates_GateMutex_Object__destruct__S
1001bc65  ti_sysbios_hal_Hwi_Object__delete__S
1001bc85  ti_sysbios_heaps_HeapMem_Handle__label__S
1001bc85  xdc_runtime_Memory_HeapProxy_Handle__label__S
1001bc85  xdc_runtime_Memory_HeapProxy_Handle__label__S__mangled__
1001bca5  ti_sysbios_heaps_HeapMem_Object__delete__S
1001bca5  xdc_runtime_Memory_HeapProxy_Object__delete__S
1001bcc5  ti_sysbios_knl_Clock_Module_startup__E
1001bce5  ti_sysbios_knl_Clock_Object__destruct__S
1001bd05  ti_sysbios_knl_Idle_run__E
1001bd25  ti_sysbios_knl_Mailbox_Object__delete__S
1001bd45  ti_sysbios_knl_Queue_Object__delete__S
1001bd65  ti_sysbios_knl_Queue_Object__get__S
1001bd85  ti_sysbios_knl_Semaphore_Object__destruct__S
1001bda5  ti_sysbios_knl_Swi_Object__delete__S
1001bdc5  ti_sysbios_knl_Task_Object__delete__S
1001bde5  ti_sysbios_knl_Task_Object__get__S
1001be05  ti_sysbios_knl_Task_enter__I
1001be25  ti_sysbios_knl_Task_restoreHwi__E
1001be45  ti_sysbios_hal_Hwi_HwiProxy_create
1001be63  ti_sysbios_knl_Clock_logTick__E
1001be65  ti_sysbios_family_arm_m3_Hwi_Object__destruct__S
1001be81  ti_sysbios_family_arm_m3_Hwi_setPriority__E
1001be9d  ti_sysbios_gates_GateMutex_Instance_init__E
1001beb9  ti_sysbios_knl_Clock_scheduleNextTick__E
1001bed5  ti_sysbios_knl_Mailbox_Object__destruct__S
1001bef1  ti_sysbios_knl_Queue_Object__destruct__S
1001bf0d  ti_sysbios_knl_Queue_get__E
1001bf29  ti_sysbios_knl_Queue_put__E
1001bf45  ti_sysbios_knl_Swi_Object__destruct__S
1001bf61  ti_sysbios_knl_Task_Object__destruct__S
1001bf7d  ti_sysbios_knl_Task_sleepTimeout__I
1001bf97  ti_sysbios_knl_Swi_Instance_finalize__E
1001bf99  ti_sysbios_gates_GateMutex_leave__E
1001bfb1  ti_sysbios_knl_Task_unblock__E
1001bfc9  ti_sysbios_knl_Clock_Instance_finalize__E
1001bfdf  ti_sysbios_knl_Clock_start__E
1001bff5  ti_sysbios_BIOS_getCpuFreq__E
1001c009  ti_sysbios_family_arm_m3_Hwi_switchFromBootStack__E
1001c009  ti_sysbios_hal_Hwi_HwiProxy_switchFromBootStack__E__mangled__
1001c01d  ti_sysbios_hal_Hwi_Module_startup__E
1001c031  ti_sysbios_BIOS_exit__E
1001c041  ti_sysbios_BIOS_setThreadType__E
1001c051  ti_sysbios_BIOS_start__E
1001c061  ti_sysbios_family_arm_m3_Hwi_plug__E
1001c071  ti_sysbios_gates_GateMutex_Instance_finalize__E
1001c081  ti_sysbios_hal_Hwi_HwiProxy_Object__create__S
1001c091  ti_sysbios_knl_Clock_TimerProxy_getCurrentTick__E
1001c0a1  ti_sysbios_knl_Clock_TimerProxy_getMaxTicks__E
1001c0b1  ti_sysbios_knl_Clock_TimerProxy_setNextTick__E
1001c0c1  ti_sysbios_knl_Semaphore_Instance_finalize__E
1001c0d1  ti_sysbios_knl_Swi_disable__E
1001c0e1  ti_sysbios_knl_Swi_enabled__E
1001c0f1  ti_sysbios_knl_Task_disable__E
1001c101  ti_sysbios_heaps_HeapMem_restore__E
1001c10f  ti_sysbios_knl_Queue_empty__E
1001c11d  ti_sysbios_knl_Queue_remove__E
1001c12b  ti_sysbios_family_arm_cc26xx_TimestampProvider_getFreq__E
1001c12b  xdc_runtime_Timestamp_SupportProxy_getFreq__E
1001c12b  xdc_runtime_Timestamp_SupportProxy_getFreq__E__mangled__
1001c12b  xdc_runtime_Timestamp_getFreq__E
1001c12b  xdc_runtime_Timestamp_getFreq__E
1001c139  ti_sysbios_family_arm_m3_Hwi_Params__init__S
1001c139  ti_sysbios_hal_Hwi_HwiProxy_Params__init__S
1001c139  ti_sysbios_hal_Hwi_HwiProxy_Params__init__S__mangled__
1001c145  ti_sysbios_family_arm_m3_Hwi_disableFxn__E
1001c151  ti_sysbios_family_arm_m3_Hwi_enableFxn__E
1001c15d  ti_sysbios_family_arm_m3_TaskSupport_getStackAlignment__E
1001c15d  ti_sysbios_knl_Task_SupportProxy_getStackAlignment__E__mangled__
1001c169  ti_sysbios_gates_GateHwi_enter__E
1001c175  ti_sysbios_BIOS_RtsGateProxy_Params__init__S
1001c175  ti_sysbios_BIOS_RtsGateProxy_Params__init__S__mangled__
1001c175  ti_sysbios_gates_GateMutex_Params__init__S
1001c175  ti_sysbios_heaps_HeapMem_Module_GateProxy_Params__init__S
1001c175  ti_sysbios_heaps_HeapMem_Module_GateProxy_Params__init__S__mangled__
1001c181  ti_sysbios_knl_Clock_Params__init__S
1001c18d  ti_sysbios_knl_Clock_getTimerHandle__E
1001c199  ti_sysbios_knl_Mailbox_Params__init__S
1001c1a5  ti_sysbios_knl_Queue_dequeue__E
1001c1b1  ti_sysbios_knl_Queue_enqueue__E
1001c1bd  ti_sysbios_knl_Semaphore_Params__init__S
1001c1c9  ti_sysbios_knl_Swi_Params__init__S
1001c1d5  ti_sysbios_knl_Task_Params__init__S
1001c1e1  ti_sysbios_knl_Task_self__E
1001c1ed  ti_sysbios_hal_Hwi_Instance_finalize__E
1001c1f7  ti_sysbios_family_arm_m3_Hwi_doSwiRestore__I
1001c1ff  ti_sysbios_family_arm_m3_Hwi_startup__E
1001c1ff  ti_sysbios_hal_Hwi_HwiProxy_startup__E__mangled__
1001c207  ti_sysbios_knl_Idle_loop__E
1001c20f  ti_sysbios_family_arm_m3_Hwi_doTaskRestore__I
1001c215  HwiP_restore
1001c215  ti_sysbios_family_arm_m3_Hwi_restoreFxn__E
1001c21b  ti_sysbios_gates_GateHwi_leave__E
1001c227  ti_sysbios_knl_Queue_Instance_init__E
1001c22d  ti_sysbios_knl_Queue_elemClear__E
1001c233  ti_sysbios_knl_Swi_Module_startup__E
1001c239  ti_sysbios_knl_Swi_startup__E
1001c23f  ti_sysbios_knl_Task_enable__E
1001c245  ti_sysbios_BIOS_RtsGateProxy_enter__E
1001c249  ti_sysbios_BIOS_RtsGateProxy_leave__E
1001c24d  ti_sysbios_family_arm_cc26xx_Timer_getExpiredTicks__E
1001c251  ti_sysbios_family_arm_cc26xx_Timer_getPeriod__E
1001c255  ti_sysbios_family_arm_cc26xx_Timer_setPeriod__E
1001c259  ti_sysbios_family_arm_m3_Hwi_delete
1001c25d  ti_sysbios_family_arm_m3_Hwi_destruct
1001c261  ti_sysbios_family_arm_m3_TaskSupport_Module__startupDone__S
1001c261  ti_sysbios_knl_Task_SupportProxy_Module__startupDone__S__mangled__
1001c265  ti_sysbios_gates_GateHwi_query__E
1001c265  xdc_runtime_Main_Module_GateProxy_query__E
1001c265  xdc_runtime_System_Module_GateProxy_query__E
1001c265  xdc_runtime_System_Module_GateProxy_query__E__mangled__
1001c269  ti_sysbios_gates_GateMutex_delete
1001c26d  ti_sysbios_gates_GateMutex_destruct
1001c271  ti_sysbios_BIOS_RtsGateProxy_query__E
1001c271  ti_sysbios_BIOS_RtsGateProxy_query__E__mangled__
1001c271  ti_sysbios_gates_GateMutex_query__E
1001c271  ti_sysbios_heaps_HeapMem_Module_GateProxy_query__E
1001c271  ti_sysbios_heaps_HeapMem_Module_GateProxy_query__E__mangled__
1001c275  ti_sysbios_hal_Hwi_HwiProxy_Module__startupDone__S
1001c279  ti_sysbios_hal_Hwi_HwiProxy_delete
1001c27d  ti_sysbios_hal_Hwi_HwiProxy_disableInterrupt__E
1001c27d  ti_sysbios_hal_Hwi_disableInterrupt__E
1001c27d  ti_sysbios_hal_Hwi_disableInterrupt__E
1001c281  ti_sysbios_hal_Hwi_HwiProxy_enableInterrupt__E
1001c281  ti_sysbios_hal_Hwi_enableInterrupt__E
1001c281  ti_sysbios_hal_Hwi_enableInterrupt__E
1001c285  ti_sysbios_hal_Hwi_HwiProxy_getStackInfo__E
1001c285  ti_sysbios_hal_Hwi_getStackInfo__E
1001c285  ti_sysbios_hal_Hwi_getStackInfo__E
1001c289  ti_sysbios_hal_Hwi_HwiProxy_startup__E
1001c289  ti_sysbios_hal_Hwi_startup__E
1001c289  ti_sysbios_hal_Hwi_startup__E
1001c28d  ti_sysbios_hal_Hwi_HwiProxy_switchFromBootStack__E
1001c291  ti_sysbios_hal_Hwi_delete
1001c295  ti_sysbios_hal_Hwi_switchFromBootStack__E
1001c295  ti_sysbios_hal_Hwi_switchFromBootStack__E
1001c299  ti_sysbios_heaps_HeapMem_Module_GateProxy_enter__E
1001c29d  ti_sysbios_heaps_HeapMem_Module_GateProxy_leave__E
1001c2a1  ti_sysbios_heaps_HeapMem_isBlocking__E
1001c2a5  ti_sysbios_knl_Clock_TimerProxy_Module__startupDone__S
1001c2a9  ti_sysbios_knl_Clock_TimerProxy_getExpiredTicks__E
1001c2ad  ti_sysbios_knl_Clock_TimerProxy_getPeriod__E
1001c2b1  ti_sysbios_knl_Clock_delete
1001c2b5  ti_sysbios_knl_Clock_destruct
1001c2b9  ti_sysbios_knl_Clock_removeI__E
1001c2bd  ti_sysbios_knl_Clock_setTimeout__E
1001c2c1  ti_sysbios_knl_Mailbox_delete
1001c2c5  ti_sysbios_knl_Mailbox_destruct
1001c2c9  ti_sysbios_knl_Queue_delete
1001c2cd  ti_sysbios_knl_Queue_destruct
1001c2d1  ti_sysbios_knl_Queue_head__E
1001c2d5  ti_sysbios_knl_Queue_next__E
1001c2d9  ti_sysbios_knl_Semaphore_delete
1001c2dd  ti_sysbios_knl_Semaphore_destruct
1001c2e1  ti_sysbios_knl_Swi_delete
1001c2e5  ti_sysbios_knl_Swi_destruct
1001c2e9  ti_sysbios_knl_Swi_postInit__I
1001c2ed  ti_sysbios_knl_Task_SupportProxy_Module__startupDone__S
1001c2f1  ti_sysbios_knl_Task_SupportProxy_getStackAlignment__E
1001c2f5  ti_sysbios_knl_Task_SupportProxy_start__E
1001c2f9  ti_sysbios_knl_Task_SupportProxy_swap__E
1001c2fd  ti_sysbios_knl_Task_delete
1001c301  ti_sysbios_knl_Task_destruct
1001c305  ti_sysbios_knl_Task_startup__E
1001c309  xdc_runtime_Startup_startMods__I
1001c401  xdc_runtime_Core_createObject__I
1001c483  xdc_runtime_Error_policySpin__E
1001c485  xdc_runtime_Memory_alloc__E
1001c4f5  xdc_runtime_Core_deleteObject__I
1001c555  xdc_runtime_Startup_exec__E
1001c5a5  xdc_runtime_Assert_raise__I
1001c5ed  xdc_runtime_Core_assignParams__I
1001c635  xdc_runtime_Core_constructObject__I
1001c67d  xdc_runtime_System_atexit__E
1001c6b5  xdc_runtime_System_processAtExit__E
1001c6e9  xdc_runtime_Core_assignLabel__I
1001c719  xdc_runtime_Text_cordText__E
1001c745  xdc_runtime_System_abort__E
1001c765  xdc_runtime_Error_raiseX__E
1001c781  xdc_runtime_Memory_valloc__E
1001c79d  xdc_runtime_Core_destructObject__I
1001c7b5  xdc_runtime_Error_check__E
1001c7cd  xdc_runtime_System_exit__E
1001c7e5  xdc_runtime_Text_ropeText__E
1001c7fd  xdc_runtime_Memory_free__E
1001c80d  xdc_runtime_SysCallback_abort__E
1001c80d  xdc_runtime_System_SupportProxy_abort__E
1001c81d  xdc_runtime_SysCallback_exit__E
1001c81d  xdc_runtime_System_SupportProxy_exit__E
1001c82d  xdc_runtime_Timestamp_SupportProxy_get32__E
1001c82d  xdc_runtime_Timestamp_get32__E
1001c82d  xdc_runtime_Timestamp_get32__E
1001c849  xdc_runtime_Memory_calloc__E
1001c855  xdc_runtime_Memory_getMaxDefaultTypeAlign__E
1001c875  xdc_runtime_Gate_leaveSystem__E
1001c87b  xdc_runtime_System_Module_startup__E
1001c881  xdc_runtime_Gate_enterSystem__E
1001c885  xdc_runtime_Memory_HeapProxy_alloc__E
1001c889  xdc_runtime_Memory_HeapProxy_free__E
1001c88d  xdc_runtime_System_Module_GateProxy_enter__E
1001c891  xdc_runtime_System_Module_GateProxy_leave__E
1001c895  xdc_runtime_System_abortSpin__E
1001c897  xdc_runtime_System_exitSpin__E
1001c899  ti_sysbios_family_arm_m3_Hwi_dispatch__I
1001c969  ti_sysbios_family_arm_m3_TaskSupport_buildTaskStack
1001c9b5  ti_sysbios_family_arm_m3_Hwi_initStacks__E
1001c9fd  ti_sysbios_family_arm_m3_Hwi_excHandlerAsm__I
1001ca1d  ti_sysbios_family_xxx_Hwi_switchAndRunFunc
1001ca3b  ti_sysbios_family_arm_m3_Hwi_pendSV__I
1001ca53  ti_sysbios_family_arm_m3_Hwi_return
1001ca55  ti_sysbios_family_arm_m3_TaskSupport_glue
1001ca65  ti_sysbios_family_arm_m3_TaskSupport_swap__E
1001ca65  ti_sysbios_knl_Task_SupportProxy_swap__E__mangled__
1001ca6d  ti_sysbios_knl_Task_swapReturn
1001ca97  ti_sysbios_rom_cortexm_cc13xx_CC13xx_getRevision__E
20000000  ti_sysbios_family_arm_m3_Hwi_ramVectors
20000100  ti_sysbios_knl_Task_Module__state__V
20000144  ti_sysbios_family_arm_m3_Hwi_Module__state__V
20000178  ti_sysbios_knl_Clock_Module__state__V
200001a4  ti_sysbios_BIOS_Module__state__V
200001c8  ti_sysbios_knl_Swi_Module__state__V
200001e4  ti_sysbios_family_arm_cc26xx_Timer_Module__state__V
200001ec  ti_sysbios_family_arm_cc26xx_TimestampProvider_Module__state__V
200001f0  xdc_runtime_Startup_Module__state__V
200001f8  xdc_runtime_System_Module__state__V
20000200  xdc_runtime_Memory_Module__state__V
20000208  macTaskId
20000209  macMgmt
2000020a  macPanCoordinator
2000020b  csmPhy
2000020c  pMacDataTx
20000210  macDataTxIndirect
20000214  macDataRequeueIndirect
20000218  macDataRxBeaconCritical
2000021c  macDataTxBeaconComplete
20000220  macDataSetSched
20000224  macDataCheckSched
20000228  macDataCheckTxTime
2000022c  macDataBeaconRequeue
20000230  timerUnalignedQ
20000234  timerAlignedQ
20000238  macTimerRollover
2000023c  macTimerNewRollover
20000240  macTimerActive
20000244  Crypto_handle
20000248  cryptoDrvTblPtr
2000024c  macBeaconCoordAction1
20000254  macCoordAction1
2000025c  macMain
20000268  macBeaconDeviceAction
20000278  macCoordAction3
20000288  macData
20000298  macDataTxDelay
200002a8  macDeviceAction2
200002bc  macStateTbl
200002d0  macMgmtAction2
200002e4  macScanAction
200002fc  macCoordAction2
20000318  macReset
20000334  macBeaconMargin
20000354  macBeacon
20000374  macActionSet
20000398  macMgmtAction1
200003c0  macCoord
200003ec  macDevice
20000418  macBeaconDevice
2000044c  macBeaconPayload
20000480  macDeviceAction1
200004b8  macBeaconCoord
200004f4  macSecurityPib
20000534  macScan
20000588  fhObject
200005f4  macPib
2000067c  macMRFSKGenPhyTable
2000071c  enhancedAckBuf
20000818  Main_assertReason
2000081c  uartParams
20000840  user0Cfg
20000870  myTask
200008c0  Main_user1Cfg
2000091c  myTaskStack
20000ce0  hUart
200010e8  Cllc_events
20001128  Cllc_statistics
20001184  Cllc_associatedDevList
200013dc  macAddrSize
200013e0  FHNT_Dbg
200013e8  FH_txTiming
200013f0  FHNT_tempTable
200013f8  FH_FSM
20001404  FHNT_hnd
2000143c  FHFSM_Dbg
20001480  FHIE_channelPlan
200014d4  FHNT_tableOpt
20001550  FH_hnd
200015d8  FHPIB_db
20001664  pinUpperBound
20001668  pinLowerBound
200016fc  pinHandleTable
20001778  PowerCC26XX_module
2000188e  Csf_keys
2000188f  savedCllcState
20001890  Csf_events
20001990  RF_cmdNop
200019a0  RF_cmdFs
200019b8  RF_cmdPropCs
200019d4  RF_cmdPropCsSlotted
200019f0  RF_cmdPropTxAdv
20001a10  RF_cmdPropRadioDivSetup
20001a38  RF_cmdPropRxAdv
20001a6c  Collector_events
20001a80  Collector_statistics
20001abc  Collector_macCallbacks
20001b08  ICall_enterCriticalSection
20001b0c  ICall_leaveCriticalSection
20001b24  HEAPMGR_SIZE
20001b28  ICall_dispatcher
20001bf0  macReqAccessTimeCnt
20001bf1  reqAccessAlloc
20001bf4  rxCmdHandle
20001bf6  fsCmdHandle
20001bfc  lastPostCmd
20001c00  macSfdDetectCback
20001c08  macTxTimestamp
20001c0c  pMacRadioConfig
20001c10  rfDrvTblPtr
20001c14  pRfPropTable
20001c18  pRfPropTableOld
20001c1c  pMacRfAntSwitchSel
20001c20  pMacRfAntPwrSel
20001c30  macRxOutputSubG
20001c3c  macFrmFilter
20001c50  ti_sysbios_knl_Task_Object__table__V
20001ce4  macTxSlottedDelay
20001ce5  macUnitBackoffPeriod
20001ce6  rxFhRsl
20001ce7  macPhyChannel
20001ce8  ti_sysbios_family_arm_cc26xx_Timer_Object__table__V
20001d74  ti_sysbios_gates_GateMutex_Object__table__V
20001db4  RF_handle
20001db8  macPhyTxPower
20001dc4  RF_params
20001de1  osal_entity
20001de8  osal_qHead
20001dec  osal_eventloop_hook
20001df0  osal_icallMsg_hook
20001df4  osal_semaphore
20001df8  osal_last_timestamp
20001dfc  osal_tickperiod
20001e00  osal_max_msecs
20001e10  txCmdHandle
20001e14  pMacEnhancedAck
20001e18  macRadioAckFrame
20001e20  macAckTimer
20001e40  ti_sysbios_knl_Swi_Module_State_0_readyQ__A
20001e70  ti_sysbios_knl_Swi_Object__table__V
20001ea0  ti_sysbios_knl_Task_Module_State_0_readyQ__A
20001ed0  macTxSlottedDelayFactor
20001ed1  macTxType
20001ed2  macTxBe
20001ed3  txAckReq
20001ed8  macTxCsmaBackoffDelay
20001edc  macCsmaRtcTimerId
20001ee0  macAckDbg
20001ef4  ti_sysbios_knl_Clock_Object__table__V
20001f14  xdc_runtime_Error_IgnoreBlock
20001f50  macSpecUsecsPerSymbol
20001f54  macPrevPeriodRatCount
20001f58  macSymbolTimerRollover
20001f5c  macSymbolTimerTrigger
20001f68  ti_sysbios_family_arm_m3_Hwi_Object__table__V
20001f80  ti_sysbios_heaps_HeapMem_Object__table__V
20001f98  ApiMac_appEntity
20001fa4  ApiMac_extAddr
20001fac  macCfg
20001fbc  lastRatChanA
20001fbd  lastRatChanB
20001fbe  macRxCmdActive
20001fbf  macTxCmdActive
20001fc0  macFsCmdActive
20001fc2  macReqAccessCnt
20001fc4  macReqAccErrCnt
20001fc6  numRfCmd
20001fc7  numRxCmd
20001fc8  numRxPostCmd
20001fc9  bInSwi
20001fca  macRadioYielded
20001fcc  AppTaskId
20001fd0  pMacCbackQueryRetransmit
20001fd4  pMacCbackCheckPending
20001fd8  RFCC26XX_hwAttrs
20001fe8  OSAL_timeSeconds
20001ff0  sector_addr
20001ffc  _lock
20002000  _unlock
20002004  pOverridesTable
2000200c  ti_sysbios_family_arm_m3_Hwi_Module__root__V
20002014  ti_sysbios_gates_GateHwi_Module__root__V
2000201c  ti_sysbios_gates_GateMutex_Module__root__V
20002024  ti_sysbios_hal_Hwi_Module__root__V
2000202c  ti_sysbios_heaps_HeapMem_Module__root__V
20002034  ti_sysbios_knl_Clock_Module__root__V
2000203c  ti_sysbios_knl_Mailbox_Module__root__V
20002044  ti_sysbios_knl_Queue_Module__root__V
2000204c  ti_sysbios_knl_Semaphore_Module__root__V
20002054  ti_sysbios_knl_Swi_Module__root__V
2000205c  ti_sysbios_knl_Task_Module__root__V
20002064  xdc_runtime_Registry_Module__state__V
2000206c  pwrmgr_initialized
2000206e  pwrmgr_attribute
20002074  main_func_sp
20002078  ti_sysbios_family_arm_m3_Hwi_Module_State_0_excContext__A
2000207c  ti_sysbios_family_arm_m3_Hwi_Module_State_0_excStack__A
20002080  ti_sysbios_knl_Task_Module_State_0_idleTask__A
20002084  ti_sysbios_family_arm_m3_Hwi_Module_State_0_excActive__A
20002088  ti_sysbios_heaps_HeapMem_Instance_State_0_buf__A
20002ac0  ti_sysbios_knl_Task_Instance_State_0_stack__A
20002cc0  uartCC26XXObjects
20002eb0  ti_sysbios_family_arm_m3_Hwi_dispatchTable
20002f78  cryptoCC26XXObjects
20002ff8  macRxFilter
20002ff9  rxPromiscuousMode
20003004  macRxDataEntryOffset
2000300c  rxRadioBufferPtr
20003018  macRxDataEntryQueue
20003048  uartCC26XXRingBuffer
200030bc  PowerCC26XX_taskKey
200030c0  PowerCC26XX_swiKey
200030c4  timerHead
200030d8  ClockP_tickPeriod
200030dc  tasksEvents
200030e4  driverlib_release_0_51635
200030e5  g_hwiInt
200030e6  macPwr
200030e7  macRxActive
200030e8  macRxEnableFlags
200030e9  macRxOutgoingAckFlag
200030ea  macSymbolTimerImpending
200030eb  macTxActive
200030ec  heapStart
20004b00  __stack
20004b00  heapEnd
20005000  __STACK_END
20005000  __STACK_TOP
e000e000  ti_sysbios_family_arm_m3_Hwi_nvic
ffffffff  __TI_pprof_out_hndl
ffffffff  __TI_prof_data_size
ffffffff  __TI_prof_data_start
ffffffff  __binit__
ffffffff  __c_args__
ffffffff  binit
UNDEFED   SHT$$INIT_ARRAY$$Base
UNDEFED   SHT$$INIT_ARRAY$$Limit

[1478 symbols]
