******************************************************************************
                  TI ARM Linker Unix v18.1.1
******************************************************************************
>> Linked Mon Apr  9 00:25:49 2018

OUTPUT FILE NAME:   <sensor_cc1350lp.out>
ENTRY POINT SYMBOL: "ResetISR"  address: 000110f1


MEMORY CONFIGURATION

         name            origin    length      used     unused   attr    fill
----------------------  --------  ---------  --------  --------  ----  --------
  FLASH                 00000000   0001e000  000151bc  00008e44  R  X
  FLASH_NV              0001e000   00001000  00001000  00000000  RW X
  FLASH_LAST            0001f000   00001000  00000b38  000004c8  R  X
  SRAM                  20000000   00005000  00003090  00001f70  RW X


SEGMENT ALLOCATION MAP

run origin  load origin   length   init length attrs members
----------  ----------- ---------- ----------- ----- -------
00000000    00000000    00000ef4   00000ef4    r--
  00000000    00000000    0000003c   0000003c    r-- .resetVecs
  0000003c    0000003c    00000eb8   00000eb8    r-- config_const
00001000    00001000    000142d8   000142d8    r-x
  00001000    00001000    0000003c   0000003c    r-- .const:ti_sysbios_knl_Task_Object__PARAMS__C
  0000103c    0000103c    00000034   00000034    r-- .const:ti_sysbios_knl_Mailbox_Object__PARAMS__C
  00001070    00001070    00000030   00000030    r-- .const:ti_sysbios_family_arm_m3_Hwi_Object__PARAMS__C
  000010a0    000010a0    0000002c   0000002c    r-- .const:ti_sysbios_hal_Hwi_Object__PARAMS__C
  000010cc    000010cc    00000028   00000028    r-- .const:ti_sysbios_heaps_HeapMem_Module__FXNS__C
  000010f4    000010f4    00000028   00000028    r-- .const:ti_sysbios_knl_Swi_Object__PARAMS__C
  0000111c    0000111c    00000024   00000024    r-- .const:ti_sysbios_gates_GateHwi_Module__FXNS__C
  00001140    00001140    00000024   00000024    r-- .const:ti_sysbios_gates_GateMutex_Module__FXNS__C
  00001164    00001164    00000024   00000024    r-- .const:ti_sysbios_heaps_HeapMem_Object__PARAMS__C
  00001188    00001188    00000024   00000024    r-- .const:ti_sysbios_knl_Clock_Object__PARAMS__C
  000011ac    000011ac    00000024   00000024    r-- .const:ti_sysbios_knl_Semaphore_Object__PARAMS__C
  000011d0    000011d0    00000020   00000020    r-- .const:ti_sysbios_family_arm_m3_Hwi_Object__DESC__C
  000011f0    000011f0    00000020   00000020    r-- .const:ti_sysbios_gates_GateHwi_Object__DESC__C
  00001210    00001210    00000020   00000020    r-- .const:ti_sysbios_gates_GateMutex_Object__DESC__C
  00001230    00001230    00000020   00000020    r-- .const:ti_sysbios_hal_Hwi_Object__DESC__C
  00001250    00001250    00000020   00000020    r-- .const:ti_sysbios_heaps_HeapMem_Object__DESC__C
  00001270    00001270    00000020   00000020    r-- .const:ti_sysbios_knl_Clock_Object__DESC__C
  00001290    00001290    00000020   00000020    r-- .const:ti_sysbios_knl_Mailbox_Object__DESC__C
  000012b0    000012b0    00000020   00000020    r-- .const:ti_sysbios_knl_Queue_Object__DESC__C
  000012d0    000012d0    00000020   00000020    r-- .const:ti_sysbios_knl_Semaphore_Object__DESC__C
  000012f0    000012f0    00000020   00000020    r-- .const:ti_sysbios_knl_Swi_Object__DESC__C
  00001310    00001310    00000020   00000020    r-- .const:ti_sysbios_knl_Task_Object__DESC__C
  00001330    00001330    00000018   00000018    r-- .const:ti_sysbios_gates_GateHwi_Object__PARAMS__C
  00001348    00001348    00000018   00000018    r-- .const:ti_sysbios_gates_GateMutex_Object__PARAMS__C
  00001360    00001360    00000018   00000018    r-- .const:ti_sysbios_knl_Queue_Object__PARAMS__C
  00001378    00001378    00000008   00000008    r-- .const:ti_sysbios_knl_Idle_funcList__C
  00001384    00001384    00000004   00000004    r-- .const:ti_sysbios_family_arm_cc26xx_Timer_startupNeeded__C
  00001388    00001388    00000004   00000004    r-- .const:ti_sysbios_family_arm_m3_Hwi_E_alreadyDefined__C
  0000138c    0000138c    00000004   00000004    r-- .const:ti_sysbios_family_arm_m3_Hwi_E_hwiLimitExceeded__C
  00001390    00001390    00000004   00000004    r-- .const:ti_sysbios_family_arm_m3_Hwi_NUM_INTERRUPTS__C
  00001394    00001394    00000004   00000004    r-- .const:ti_sysbios_family_arm_m3_Hwi_Object__count__C
  00001398    00001398    00000004   00000004    r-- .const:ti_sysbios_family_arm_m3_Hwi_Object__table__C
  0000139c    0000139c    00000004   00000004    r-- .const:ti_sysbios_family_arm_m3_Hwi_ccr__C
  000013a0    000013a0    00000004   00000004    r-- .const:ti_sysbios_family_arm_m3_Hwi_excHandlerFunc__C
  000013a4    000013a4    00000004   00000004    r-- .const:ti_sysbios_family_arm_m3_Hwi_nullIsrFunc__C
  000013a8    000013a8    00000004   00000004    r-- .const:ti_sysbios_family_arm_m3_Hwi_numSparseInterrupts__C
  000013ac    000013ac    00000004   00000004    r-- .const:ti_sysbios_family_arm_m3_Hwi_priGroup__C
  000013b0    000013b0    00000004   00000004    r-- .const:ti_sysbios_family_arm_m3_TaskSupport_stackAlignment__C
  000013b4    000013b4    00000004   00000004    r-- .const:ti_sysbios_heaps_HeapMem_E_memory__C
  000013b8    000013b8    00000004   00000004    r-- .const:ti_sysbios_heaps_HeapMem_Module__gateObj__C
  000013bc    000013bc    00000004   00000004    r-- .const:ti_sysbios_heaps_HeapMem_Object__count__C
  000013c0    000013c0    00000004   00000004    r-- .const:ti_sysbios_heaps_HeapMem_Object__table__C
  000013c4    000013c4    00000004   00000004    r-- .const:ti_sysbios_heaps_HeapMem_reqAlign__C
  000013c8    000013c8    00000004   00000004    r-- .const:ti_sysbios_knl_Clock_serviceMargin__C
  000013cc    000013cc    00000004   00000004    r-- .const:ti_sysbios_knl_Mailbox_Object__count__C
  000013d0    000013d0    00000004   00000004    r-- .const:ti_sysbios_knl_Mailbox_Object__table__C
  000013d4    000013d4    00000004   00000004    r-- .const:ti_sysbios_knl_Mailbox_maxTypeAlign__C
  000013d8    000013d8    00000004   00000004    r-- .const:ti_sysbios_knl_Queue_Object__count__C
  000013dc    000013dc    00000004   00000004    r-- .const:ti_sysbios_knl_Queue_Object__table__C
  000013e0    000013e0    00000004   00000004    r-- .const:ti_sysbios_knl_Swi_Object__count__C
  000013e4    000013e4    00000004   00000004    r-- .const:ti_sysbios_knl_Swi_Object__table__C
  000013e8    000013e8    00000004   00000004    r-- .const:ti_sysbios_knl_Swi_numPriorities__C
  000013ec    000013ec    00000004   00000004    r-- .const:ti_sysbios_knl_Task_Object__count__C
  000013f0    000013f0    00000004   00000004    r-- .const:ti_sysbios_knl_Task_Object__table__C
  000013f4    000013f4    00000004   00000004    r-- .const:ti_sysbios_knl_Task_allBlockedFunc__C
  000013f8    000013f8    00000004   00000004    r-- .const:ti_sysbios_knl_Task_defaultStackHeap__C
  000013fc    000013fc    00000004   00000004    r-- .const:ti_sysbios_knl_Task_defaultStackSize__C
  00001400    00001400    00000004   00000004    r-- .const:ti_sysbios_knl_Task_numConstructedTasks__C
  00001406    00001406    00000002   00000002    r-- .const:ti_sysbios_family_arm_cc26xx_Timer_Module__id__C
  00001408    00001408    00000002   00000002    r-- .const:ti_sysbios_family_arm_cc26xx_TimestampProvider_useClockTimer__C
  0000140a    0000140a    00000002   00000002    r-- .const:ti_sysbios_family_arm_m3_Hwi_Module__id__C
  0000140c    0000140c    00000002   00000002    r-- .const:ti_sysbios_gates_GateHwi_Module__id__C
  0000140e    0000140e    00000002   00000002    r-- .const:ti_sysbios_gates_GateMutex_Module__id__C
  00001410    00001410    00000002   00000002    r-- .const:ti_sysbios_heaps_HeapMem_Module__id__C
  00001412    00001412    00000002   00000002    r-- .const:ti_sysbios_knl_Task_initStackFlag__C
  00001414    00001414    00000001   00000001    r-- .const:ti_sysbios_knl_Clock_tickMode__C
  00001418    00001418    00000008   00000008    r-- .const:xdc_runtime_Startup_firstFxns__C
  00001420    00001420    00000008   00000008    r-- .const:xdc_runtime_Startup_lastFxns__C
  00001428    00001428    00000004   00000004    r-- .const:xdc_runtime_Assert_E_assertFailed__C
  0000142c    0000142c    00000004   00000004    r-- .const:xdc_runtime_Error_E_memory__C
  00001430    00001430    00000004   00000004    r-- .const:xdc_runtime_Error_policyFxn__C
  00001434    00001434    00000004   00000004    r-- .const:xdc_runtime_IGateProvider_Interface__BASE__C
  00001438    00001438    00000004   00000004    r-- .const:xdc_runtime_IHeap_Interface__BASE__C
  0000143c    0000143c    00000004   00000004    r-- .const:xdc_runtime_IModule_Interface__BASE__C
  00001440    00001440    00000004   00000004    r-- .const:xdc_runtime_Main_Module__diagsEnabled__C
  00001444    00001444    00000004   00000004    r-- .const:xdc_runtime_Main_Module__diagsIncluded__C
  00001448    00001448    00000004   00000004    r-- .const:xdc_runtime_Main_Module__diagsMask__C
  0000144c    0000144c    00000004   00000004    r-- .const:xdc_runtime_Memory_defaultHeapInstance__C
  00001450    00001450    00000004   00000004    r-- .const:xdc_runtime_Startup_execImpl__C
  00001454    00001454    00000004   00000004    r-- .const:xdc_runtime_Startup_maxPasses__C
  00001458    00001458    00000004   00000004    r-- .const:xdc_runtime_Startup_sfxnRts__C
  0000145c    0000145c    00000004   00000004    r-- .const:xdc_runtime_Startup_sfxnTab__C
  00001460    00001460    00000004   00000004    r-- .const:xdc_runtime_Startup_startModsFxn__C
  00001464    00001464    00000004   00000004    r-- .const:xdc_runtime_SysCallback_abortFxn__C
  00001468    00001468    00000004   00000004    r-- .const:xdc_runtime_SysCallback_exitFxn__C
  0000146c    0000146c    00000004   00000004    r-- .const:xdc_runtime_System_abortFxn__C
  00001470    00001470    00000004   00000004    r-- .const:xdc_runtime_System_exitFxn__C
  00001474    00001474    00000004   00000004    r-- .const:xdc_runtime_System_maxAtexitHandlers__C
  00001478    00001478    00000004   00000004    r-- .const:xdc_runtime_Text_charTab__C
  0000147c    0000147c    00000004   00000004    r-- .const:xdc_runtime_Text_nameEmpty__C
  00001480    00001480    00000004   00000004    r-- .const:xdc_runtime_Text_nameStatic__C
  00001484    00001484    00000004   00000004    r-- .const:xdc_runtime_Text_nameUnknown__C
  00001488    00001488    00000002   00000002    r-- .const:xdc_runtime_Main_Module__id__C
  0000148a    0000148a    00000002   00000002    r-- .const:xdc_runtime_Memory_Module__id__C
  0000148c    0000148c    00000002   00000002    r-- .const:xdc_runtime_Text_charCnt__C
  0000148e    0000148e    00000002   00000002    r-- .const:xdc_runtime_Text_isLoaded__C
  00001490    00001490    00000001   00000001    r-- .const:xdc_runtime_Error_policy__C
  00001494    00001494    00000004   00000004    r-- .const:ti_sysbios_rom_ROM_AONRTCChannelEnable
  00001498    00001498    00000004   00000004    r-- .const:ti_sysbios_rom_ROM_AONRTCCompareValueSet
  0000149c    0000149c    00000004   00000004    r-- .const:ti_sysbios_rom_ROM_AONRTCCurrentCompareValueGet
  000014a0    000014a0    00000004   00000004    r-- .const:ti_sysbios_rom_ROM_AONRTCEventClear
  000014a4    000014a4    00000004   00000004    r-- .const:ti_sysbios_rom_ROM_ti_sysbios_family_arm_cc26xx_Timer_getCount64__E
  000014a8    000014a8    00000004   00000004    r-- .const:ti_sysbios_rom_ROM_ti_sysbios_family_arm_cc26xx_Timer_getCurrentTick__E
  000014ac    000014ac    00000004   00000004    r-- .const:ti_sysbios_rom_ROM_ti_sysbios_family_arm_cc26xx_Timer_getMaxTicks__E
  000014b0    000014b0    00000004   00000004    r-- .const:ti_sysbios_rom_ROM_ti_sysbios_family_arm_cc26xx_Timer_initDevice__I
  000014b4    000014b4    00000004   00000004    r-- .const:ti_sysbios_rom_ROM_ti_sysbios_family_arm_cc26xx_Timer_setNextTick__E
  000014b8    000014b8    00000004   00000004    r-- .const:ti_sysbios_rom_ROM_ti_sysbios_family_arm_cc26xx_Timer_setThreshold__I
  000014bc    000014bc    00000004   00000004    r-- .const:ti_sysbios_rom_ROM_ti_sysbios_family_arm_cc26xx_Timer_start__E
  000014c0    000014c0    00000004   00000004    r-- .const:ti_sysbios_rom_ROM_ti_sysbios_family_arm_cc26xx_TimestampProvider_get32__E
  000014c4    000014c4    00000004   00000004    r-- .const:ti_sysbios_rom_ROM_xdc_runtime_Startup_getState__I
  000014c8    000014c8    00000004   00000004    r-- .const:ti_sysbios_rom_ROM_xdc_runtime_System_SupportProxy_abort__E
  000014cc    000014cc    00000004   00000004    r-- .const:ti_sysbios_rom_ROM_xdc_runtime_System_SupportProxy_exit__E
  000014d0    000014d0    00000004   00000004    r-- .const:ti_sysbios_gates_GateMutex_Instance_State_sem__O
  000014d4    000014d4    00000004   00000004    r-- .const:ti_sysbios_knl_Clock_Module_State_clockQ__O
  000014d8    000014d8    00000004   00000004    r-- .const:ti_sysbios_knl_Mailbox_Instance_State_dataQue__O
  000014dc    000014dc    00000004   00000004    r-- .const:ti_sysbios_knl_Mailbox_Instance_State_dataSem__O
  000014e0    000014e0    00000004   00000004    r-- .const:ti_sysbios_knl_Mailbox_Instance_State_freeQue__O
  000014e4    000014e4    00000004   00000004    r-- .const:ti_sysbios_knl_Mailbox_Instance_State_freeSem__O
  000014e8    000014e8    00000004   00000004    r-- .const:ti_sysbios_knl_Semaphore_Instance_State_pendQ__O
  000014ec    000014ec    00000004   00000004    r-- .const:ti_sysbios_knl_Task_Module_State_inactiveQ__O
  000014f0    000014f0    00012ff0   00012ff0    r-x .text
  000144e0    000144e0    00000974   00000974    r-- .const
  00014e58    00014e58    00000480   00000480    r-- .cinit
0001e000    0001e000    00001ae0   00001ae0    r-x
  0001e000    0001e000    00001000   00001000    r-- .TI.bound:NV_FLASH
  0001f000    0001f000    00000ae0   00000ae0    r-x flash_last_text
0001ffa8    0001ffa8    00000058   00000058    r--
  0001ffa8    0001ffa8    00000058   00000058    r-- .ccfg
20000100    20000100    00002acc   00000000    rw-
  20000100    20000100    00000044   00000000    rw- .data:ti_sysbios_knl_Task_Module__state__V
  20000144    20000144    00000034   00000000    rw- .data:ti_sysbios_family_arm_m3_Hwi_Module__state__V
  20000178    20000178    0000002c   00000000    rw- .data:ti_sysbios_knl_Clock_Module__state__V
  200001a4    200001a4    00000024   00000000    rw- .data:ti_sysbios_BIOS_Module__state__V
  200001c8    200001c8    0000001c   00000000    rw- .data:ti_sysbios_knl_Swi_Module__state__V
  200001e4    200001e4    00000008   00000000    rw- .data:ti_sysbios_family_arm_cc26xx_Timer_Module__state__V
  200001ec    200001ec    00000004   00000000    rw- .data:ti_sysbios_family_arm_cc26xx_TimestampProvider_Module__state__V
  200001f0    200001f0    00000008   00000000    rw- .data:xdc_runtime_Startup_Module__state__V
  200001f8    200001f8    00000008   00000000    rw- .data:xdc_runtime_System_Module__state__V
  20000200    20000200    00000004   00000000    rw- .data:xdc_runtime_Memory_Module__state__V
  20000208    20000208    0000195e   00000000    rw- .data
  20001b68    20001b68    00001064   00000000    rw- .bss
20004b00    20004b00    00000500   00000000    rw-
  20004b00    20004b00    00000500   00000000    rw- .stack


SECTION ALLOCATION MAP

 output                                  attributes/
section   page    origin      length       input sections
--------  ----  ----------  ----------   ----------------
config_const
*          0    0000003c    00000eb8
                  0000003c    00000d64     mac_user_config.obj (.const:$O24$$)
                  00000da0    00000068     mac_user_config.obj (.const:rfDriverTable)
                  00000e08    00000055     mac_user_config.obj (.const:txPowerTable_subg_CC1310)
                  00000e5d    00000050     mac_user_config.obj (.const:txPowerTable_subg_CC1350)
                  00000ead    00000001     mac_user_config.obj (.const)
                  00000eae    00000002     --HOLE-- [fill = 0]
                  00000eb0    00000028     mac_user_config.obj (.const:cryptoDriverTable)
                  00000ed8    00000010     mac_user_config.obj (.const:rfPatchTable)
                  00000ee8    0000000c     mac_user_config.obj (.const:txPwrTbl)

.text      0    000014f0    00012ff0
                  000014f0    00000994     maclib_secure.a : mac.obj (.text:macRxCbSubG$69)
                  00001e84    0000064c                     : mac_rx.obj (.text:rxPayloadIsr$74)
                  000024d0    00000494     driverlib.lib : setup.obj (.text:TrimAfterColdResetWakeupFromShutDown$47)
                  00002964    00000444     main.obj (.text:taskFxn)
                  00002da8    00000394     maclib_secure.a : macwrapper.obj (.text:macWrapperAddDevice)
                  0000313c    0000038c                     : mac_mgmt.obj (.text:macBuildHeader)
                  000034c8    00000388                     : mac_radio.obj (.text:macRadioInitSubG)
                  00003850    00000384     sensor.obj (.text:Sensor_process)
                  00003bd4    00000374     rf_multiMode_cc13x0.aem3 : RFCC26XX_multiMode.oem3 (.text:RF_fsmActiveState)
                  00003f48    00000370     maclib_secure.a : mac_mgmt.obj (.text:MAC_MlmeResetReq)
                  000042b8    00000366     api_mac.obj (.text:processIncomingICallMsg$32)
                  0000461e    00000002     rf_multiMode_cc13x0.aem3 : RFCC26XX_multiMode.oem3 (.text:RF_defaultCallback)
                  00004620    0000031c     icall_startup.obj (.text:startup_entry)
                  0000493c    0000030c     drivers_cc13x0.aem3 : PowerCC26XX_calibrateRCOSC.oem3 (.text:PowerCC26XX_auxISR)
                  00004c48    0000030c     rom_sysbios.aem3 : rom_sysbios.obj (.text:xdc_runtime_System_doPrint__I)
                  00004f54    000002dc     maclib_secure.a : mac_radio_tx.obj (.text:macRadioTxGoSubG$73)
                  00005230    000002d8                     : mac_pwr.obj (.text:macPwrVote)
                  00005508    000002b8     osal.obj (.text:osal_start_system)
                  000057c0    00000280     maclib_secure.a : mac_data.obj (.text:MAC_McpsDataReq)
                  00005a40    00000268     sensor.obj (.text:processSensorMsgEvt$37)
                  00005ca8    00000260     maclib_secure.a : mac_security_pib.obj (.text:MAC_MlmeSetSecurityReq)
                  00005f08    0000024c     sensor.obj (.text:dataIndCB$37)
                  00006154    0000023c     driverlib.lib : sys_ctrl.obj (.text:NOROM_SysCtrlSetRechargeBeforePowerDown)
                  00006390    00000224     drivers_cc13x0.aem3 : PowerCC26XX.oem3 (.text:Power_sleep)
                  000065b4    00000222     maclib_secure.a : mac_security.obj (.text:macIncomingFrameSecurityMaterialRetrieval)
                  000067d6    00000002     rtsv7M3_T_le_eabi.lib : _lock.c.obj (.text:_nop)
                  000067d8    00000214     maclib_secure.a : mac_mgmt.obj (.text:macBuildCommonReq)
                  000069ec    00000208     drivers_cc13x0.aem3 : CryptoCC26XX.oem3 (.text:cryptoTransactionExecute)
                  00006bf4    00000200     maclib_secure.a : mac_device.obj (.text:macApiAssociateReq)
                  00006df4    000001e8     rf_multiMode_cc13x0.aem3 : RFCC26XX_multiMode.oem3 (.text:RF_open)
                  00006fdc    000001d4     macstack.obj (.text:macStackEventLoop)
                  000071b0    000001c8     maclib_secure.a : mac_scan.obj (.text:macApiScanReq)
                  00007378    000001c0                     : mac_security_pib.obj (.text:MAC_MlmeGetSecurityReq)
                  00007538    000001b8     drivers_cc13x0.aem3 : PINCC26XX.oem3 (.text:PIN_init)
                  000076f0    000001b4     rf_multiMode_cc13x0.aem3 : RFCC26XX_multiMode.oem3 (.text:RF_scheduleCmd)
                  000078a4    000001b0     maclib_secure.a : mac_data.obj (.text:macApiDataReq)
                  00007a54    00000198                     : macwrapper.obj (.text:macWrapperAddKeyInitFCtr)
                  00007bec    00000194                     : mac_tx.obj (.text:macTxFrame)
                  00007d80    00000190     drivers_cc13x0.aem3 : PowerCC26XX_calibrateRCOSC.oem3 (.text:PowerCC26XX_doCalibrate)
                  00007f10    00000188     maclib_secure.a : mac_pib.obj (.text:MAC_MlmeSetReq)
                  00008098    00000184                     : mac_ie_build.obj (.text:macBuildPayloadIes)
                  0000821c    00000178     driverlib.lib : crypto.obj (.text:NOROM_CRYPTOCcmInvAuthDecrypt)
                  00008394    00000174     rf_multiMode_cc13x0.aem3 : RFCC26XX_multiMode.oem3 (.text:RF_fsmSetupState)
                  00008508    00000170     driverlib.lib : crypto.obj (.text:NOROM_CRYPTOCcmAuthEncrypt)
                  00008678    00000164     maclib_secure.a : mac_mgmt.obj (.text:macTxCsmaDelay)
                  000087dc    0000015c     drivers_cc13x0.aem3 : UARTCC26XX.oem3 (.text:UARTCC26XX_open)
                  00008938    0000015c     maclib_secure.a : mac_data.obj (.text:macTxCompleteCallback)
                  00008a94    00000158                     : mac_radio_tx.obj (.text:macRadioCsmaTxCbSubG$73)
                  00008bec    00000148     drivers_cc13x0.aem3 : UARTCC26XX.oem3 (.text:UARTCC26XX_hwiIntFxn)
                  00008d34    00000148     maclib_secure.a : mac_mgmt.obj (.text:macApiDisassociateReq)
                  00008e7c    00000144     rf_multiMode_cc13x0.aem3 : RFCC26XX_multiMode.oem3 (.text:RF_radioOpDoneCb)
                  00008fc0    00000140     nvocop.obj (.text:compactPage$29)
                  00009100    00000138     rf_multiMode_cc13x0.aem3 : RFCC26XX_multiMode.oem3 (.text:RF_ratSetupChannel)
                  00009238    00000134                              : RFCC26XX_multiMode.oem3 (.text:RF_hwiCpe0Active)
                  0000936c    00000134     maclib_secure.a : mac.obj (.text:macSendReceiveCmdSubG)
                  000094a0    00000130     sensor.obj (.text:Sensor_sendMsg)
                  000095d0    00000124     rf_multiMode_cc13x0.aem3 : RFCC26XX_multiMode.oem3 (.text:RF_fsmChangePhyState)
                  000096f4    00000124     maclib_secure.a : mac_mgmt.obj (.text:macApiWSAsyncReq)
                  00009818    00000120                     : mac_data.obj (.text:macAllocTxBuffer)
                  00009938    0000011c     drivers_cc13x0.aem3 : UARTCC26XX.oem3 (.text:UARTCC26XX_read)
                  00009a54    0000011c     jdllc.obj (.text:assocCnfCb$34)
                  00009b70    0000011c     sensor.obj (.text:dataCnfCB$37)
                  00009c8c    00000114     drivers_cc13x0.aem3 : PowerCC26XX.oem3 (.text:Power_init)
                  00009da0    00000110     maclib_secure.a : mac.obj (.text:macSetupRATChanCompare)
                  00009eb0    00000108     ssf.obj (.text:Ssf_networkUpdate)
                  00009fb8    00000104     maclib_secure.a : mac.obj (.text:macRatCb_B)
                  0000a0bc    00000100     rf_multiMode_cc13x0.aem3 : RFCC26XX_multiMode.oem3 (.text:RF_close)
                  0000a1bc    000000fc     drivers_cc13x0.aem3 : UARTCC26XX.oem3 (.text:UARTCC26XX_write)
                  0000a2b8    000000f8     app_pem3.oem3 (.text:xdc_runtime_System_printfExtend__I)
                  0000a3b0    000000f4     rf_multiMode_cc13x0.aem3 : RFCC26XX_multiMode.oem3 (.text:RF_abortCmd)
                  0000a4a4    000000f4                              : RFCC26XX_multiMode.oem3 (.text:RF_getInfo)
                  0000a598    000000f4     maclib_secure.a : mac_radio_tx.obj (.text:macRadioTxPrepCsmaUnslottedSubG)
                  0000a68c    000000f4                     : mac_mgmt.obj (.text:macSetDefaultsByPhyID)
                  0000a780    000000f0     driverlib.lib : rfc.obj (.text:NOROM_RFCOverrideUpdate)
                  0000a870    000000f0                   : setup.obj (.text:NOROM_SetupTrimDevice)
                  0000a960    000000f0     rf_multiMode_cc13x0.aem3 : RFCC26XX_multiMode.oem3 (.text:RF_pendCmd)
                  0000aa50    000000ec     maclib_secure.a : mac_device.obj (.text:macDeviceReset)
                  0000ab3c    000000ec                     : mac_scan.obj (.text:macScanNextChan)
                  0000ac28    000000e4     dpl_cc13x0.aem3 : PowerCC26XX_tirtos.oem3 (.text:PowerCC26XX_standbyPolicy)
                  0000ad0c    000000e4     maclib_secure.a : mac_radio_tx.obj (.text:macRadioTxAck$73)
                  0000adf0    000000e4                     : mac_radio_tx.obj (.text:macRadioTxPrepCsmaSlottedSubG)
                  0000aed4    000000e0     rf_multiMode_cc13x0.aem3 : RFCC26XX_multiMode.oem3 (.text:RF_fsmPowerUpState)
                  0000afb4    000000e0                              : RFCC26XX_multiMode.oem3 (.text:RF_requestAccess)
                  0000b094    000000e0     maclib_secure.a : mac_coord.obj (.text:macIndirectSend)
                  0000b174    000000dc     drivers_cc13x0.aem3 : PINCC26XX.oem3 (.text:PINCC26XX_setIoCfg)
                  0000b250    000000dc     maclib_secure.a : mac_mgmt.obj (.text:macCommStatusInd)
                  0000b32c    000000d4     drivers_cc13x0.aem3 : CryptoCC26XX.oem3 (.text:CryptoCC26XX_open)
                  0000b400    000000d4     driverlib.lib : rfc.obj (.text:NOROM_RFCRfTrimRead)
                  0000b4d4    000000d4     rf_multiMode_cc13x0.aem3 : RFCC26XX_multiMode.oem3 (.text:RF_howToSchedule)
                  0000b5a8    000000d4     maclib_secure.a : mac_radio_tx.obj (.text:macRadioLbtTxCb)
                  0000b67c    000000d0     macstack.obj (.text:MAC_CbackEvent)
                  0000b74c    000000d0     maclib_secure.a : mac_data.obj (.text:macDataTxSend)
                  0000b81c    000000d0                     : mac.obj (.text:macRatCb_A)
                  0000b8ec    000000d0                     : mac_scan.obj (.text:macScanRxBeacon)
                  0000b9bc    000000d0                     : mac_main.obj (.text:macSendDataMsg)
                  0000ba8c    000000cc     driverlib.lib : crypto.obj (.text:NOROM_CRYPTOAesCbc)
                  0000bb58    000000cc     nvocop.obj (.text:NVOCOP_writeItem)
                  0000bc24    000000cc     rf_multiMode_cc13x0.aem3 : RFCC26XX_multiMode.oem3 (.text:RF_swiHw)
                  0000bcf0    000000cc     maclib_secure.a : mac_security.obj (.text:macOutgoingFrameKeyDescRetrieval)
                  0000bdbc    000000c8     rf_multiMode_cc13x0.aem3 : RFCC26XX_multiMode.oem3 (.text:RF_dispatchNextCmd)
                  0000be84    000000c8     maclib_secure.a : mac_ie_build.obj (.text:macBuildHeaderIes)
                  0000bf4c    000000c8                     : mac_security.obj (.text:macCcmStarTransform)
                  0000c014    000000c8                     : mac_data.obj (.text:macDataTxEnqueue)
                  0000c0dc    000000c4     jdllc.obj (.text:Jdllc_init)
                  0000c1a0    000000c4     maclib_secure.a : mac.obj (.text:macSendFsCmd)
                  0000c264    000000bc                     : mac_scan.obj (.text:MAC_MlmeScanReq)
                  0000c320    000000bc     drivers_cc13x0.aem3 : PowerCC26XX.oem3 (.text:Power_releaseDependency)
                  0000c3dc    000000bc     maclib_secure.a : mac_tx.obj (.text:macTxFrameIsr)
                  0000c498    000000bc     jdllc.obj (.text:pollCnfCb$34)
                  0000c554    000000b8     rf_multiMode_cc13x0.aem3 : RFCC26XX_multiMode.oem3 (.text:RF_ieeeExtension)
                  0000c60c    000000b8     maclib_secure.a : mac_mgmt.obj (.text:macBuildBeaconNotifyInd)
                  0000c6c4    000000b4     drivers_cc13x0.aem3 : PowerCC26XX.oem3 (.text:Power_setDependency)
                  0000c778    000000b4     rf_multiMode_cc13x0.aem3 : RFCC26XX_multiMode.oem3 (.text:RF_control)
                  0000c82c    000000b4     maclib_secure.a : mac_rx.obj (.text:rxPostRxUpdates$74)
                  0000c8e0    000000ac     rf_multiMode_cc13x0.aem3 : RFCC26XX_multiMode.oem3 (.text:RF_schChkCmdInsert)
                  0000c98c    000000ac     maclib_secure.a : mac_tx.obj (.text:macTxChannelBusyCallback)
                  0000ca38    000000ac     api_mac.obj (.text:processBeaconNotifyInd$32)
                  0000cae4    000000ac     jdllc.obj (.text:processCoordRealign$34)
                  0000cb90    000000a6     rom_sysbios.aem3 : rom_sysbios.obj (.text:xdc_runtime_Text_putSite__E)
                  0000cc36    00000002     drivers_cc13x0.aem3 : PowerCC26XX.oem3 (.text:emptyClockFunc)
                  0000cc38    000000a4     driverlib.lib : crypto.obj (.text:NOROM_CRYPTOAesEcb)
                  0000ccdc    000000a4     rf_multiMode_cc13x0.aem3 : RFCC26XX_multiMode.oem3 (.text:RF_ratRestartChannels)
                  0000cd80    000000a4     drivers_cc13x0.aem3 : UARTCC26XX.oem3 (.text:UARTCC26XX_initHw)
                  0000ce24    000000a4     sensor.obj (.text:jdllcJoinedCb$37)
                  0000cec8    000000a4     main.obj (.text:main)
                  0000cf6c    000000a4     osal.obj (.text:osal_set_event)
                  0000d010    000000a4     drivers_cc13x0.aem3 : PowerCC26XX.oem3 (.text:switchXOSCHFclockFunc)
                  0000d0b4    000000a0     ssf.obj (.text:Ssf_findBlackListIndex)
                  0000d154    000000a0     auto_init.aem3 : auto_init.oem3 (.text)
                  0000d1f4    000000a0     jdllc.obj (.text:beaconNotifyIndCb$34)
                  0000d294    000000a0     nvocop.obj (.text:findItemOffset$29)
                  0000d334    000000a0     maclib_secure.a : mac_tx.obj (.text:txCsmaPrep$78)
                  0000d3d4    000000a0     nvocop.obj (.text:writeItem$29)
                  0000d474    0000009c     maclib_secure.a : mac_radio_tx.obj (.text:macRadioTxPrepLbt)
                  0000d510    0000009c     rtsv7M3_T_le_eabi.lib : memcpy_t2.asm.obj (.text)
                  0000d5ac    00000098     nvocop.obj (.text:NVOCOP_deleteItem)
                  0000d644    00000098     drivers_cc13x0.aem3 : PINCC26XX.oem3 (.text:PIN_open)
                  0000d6dc    00000098     rf_multiMode_cc13x0.aem3 : RFCC26XX_multiMode.oem3 (.text:RF_calculateDispatchTime)
                  0000d774    00000098     drivers_cc13x0.aem3 : UARTCC26XX.oem3 (.text:UARTCC26XX_initIO)
                  0000d80c    00000098                         : UARTCC26XX.oem3 (.text:UARTCC26XX_swiIntFxn)
                  0000d8a4    00000098     maclib_secure.a : mac_mgmt.obj (.text:macRxBeacon)
                  0000d93c    00000098                     : mac_scan.obj (.text:macScanRxCoordRealign)
                  0000d9d4    00000098     rom_sysbios.aem3 : rom_sysbios.obj (.text:ti_sysbios_knl_Clock_workFuncDynamic__E)
                  0000da6c    00000098                      : rom_sysbios.obj (.text:xdc_runtime_Text_putMod__E)
                  0000db04    00000096     rtsv7M3_T_le_eabi.lib : ull_div_t2.asm.obj (.text)
                  0000db9a    00000002     maclib_secure.a : mac_pwr.obj (.text:macApiPwrOnReq)
                  0000db9c    00000094     driverlib.lib : crypto.obj (.text:NOROM_CRYPTOAesLoadKey)
                  0000dc30    00000094     board_led.obj (.text:board_led_blinkTimeoutCB$7)
                  0000dcc4    00000094     maclib_secure.a : mac_main.obj (.text:macCbackForEvent)
                  0000dd58    00000094                     : mac_hl_patch.obj (.text:macCcmDecrypt)
                  0000ddec    00000094                     : mac_security.obj (.text:macCcmStarInverseTransform)
                  0000de80    00000090     rf_multiMode_cc13x0.aem3 : RFCC26XX_multiMode.oem3 (.text:RF_discardPendCmd)
                  0000df10    00000090     jdllc.obj (.text:scanCnfCb$34)
                  0000dfa0    00000090     rom_sysbios.aem3 : rom_sysbios.obj (.text:ti_sysbios_family_arm_cc26xx_Timer_start__E)
                  0000e030    0000008c     jdllc.obj (.text:Jdllc_securityInit)
                  0000e0bc    0000008c     drivers_cc13x0.aem3 : UARTCC26XX.oem3 (.text:UARTCC26XX_close)
                  0000e148    0000008c     api_mac.obj (.text:copyDataInd$32)
                  0000e1d4    0000008c     maclib_secure.a : mac_hl_patch.obj (.text:macCcmEncrypt)
                  0000e260    0000008c                     : mac_data.obj (.text:macDataTxComplete)
                  0000e2ec    0000008a     drivers_cc13x0.aem3 : CryptoCC26XX.oem3 (.text:CryptoCC26XX_allocateKey)
                  0000e376    00000002     maclib_secure.a : mac.obj (.text:macClientSwitchCb)
                  0000e378    00000088     driverlib.lib : osc.obj (.text:NOROM_OSCHF_GetStartupTime)
                  0000e400    00000088     drivers_cc13x0.aem3 : UARTCC26XX.oem3 (.text:UARTCC26XX_writeCancel)
                  0000e488    00000088     maclib_secure.a : mac_mcu.obj (.text:macMcuBitReverse)
                  0000e510    00000088                     : mac_timer.obj (.text:macTimerCancel)
                  0000e598    00000088     osal.obj (.text:osal_msg_receive)
                  0000e620    00000084     rf_multiMode_cc13x0.aem3 : RFCC26XX_multiMode.oem3 (.text:RF_issueRadioFreeCb)
                  0000e6a4    00000084     maclib_secure.a : mac_device.obj (.text:macRxAssocRsp)
                  0000e728    00000080     rf_multiMode_cc13x0.aem3 : RFCC26XX_multiMode.oem3 (.text:RF_hwiHw)
                  0000e7a8    00000080     maclib_secure.a : mac_radio.obj (.text:macRadioUpdateTxPower)
                  0000e828    00000080     mac_user_config.obj (.text:rf_patch_rfe_sl_longrange$35)
                  0000e8a8    00000080     maclib_secure.a : mac_tx.obj (.text:txComplete)
                  0000e928    0000007c     board_led.obj (.text:Board_Led_control)
                  0000e9a4    0000007c     driverlib.lib : crypto.obj (.text:NOROM_CRYPTOCcmInvAuthDecryptResultGet)
                  0000ea20    0000007c     rf_multiMode_cc13x0.aem3 : RFCC26XX_multiMode.oem3 (.text:RF_ratFreeChannel)
                  0000ea9c    0000007c     jdllc.obj (.text:sendAssocReq$34)
                  0000eb18    0000007c     jdllc.obj (.text:syncLossCb$34)
                  0000eb94    0000007a     rtsv7M3_T_le_eabi.lib : memset_t2.asm.obj (.text)
                  0000ec0e    00000002     maclib_secure.a : mac_mcu.obj (.text:macMcuInit)
                  0000ec10    00000078                     : mac_radio_tx.obj (.text:macRadioTxAckCb$73)
                  0000ec88    00000078                     : mac_radio.obj (.text:macRadioUpdateChannel)
                  0000ed00    00000078                     : mac_scan.obj (.text:macScanStartTimer)
                  0000ed78    00000078     osal_pwrmgr.obj (.text:osal_pwrmgr_task_state)
                  0000edf0    00000078     drivers_cc13x0.aem3 : UARTCC26XX.oem3 (.text:writeTxFifoFlush)
                  0000ee68    00000076     maclib_secure.a : mac_security.obj (.text:macKeyDescriptorLookup)
                  0000eede    00000002                     : mac_mgmt.obj (.text:macNoAction)
                  0000eee0    00000074     icall_cc2650.obj (.text:ICallPlatform_pwrUpdActivityCounter)
                  0000ef54    00000074     rf_multiMode_cc13x0.aem3 : RFCC26XX_multiMode.oem3 (.text:RF_yield)
                  0000efc8    00000074     maclib_secure.a : mac_mcu.obj (.text:macMcuOverflowSetCompare)
                  0000f03c    00000070     jdllc.obj (.text:dataCnfCb$34)
                  0000f0ac    00000070     maclib_secure.a : mac_mcu.obj (.text:macMcuOverflowSetPeriod)
                  0000f11c    00000070                     : mac_tx.obj (.text:macTxAckReceivedCallback)
                  0000f18c    00000070     nvocop.obj (.text:writeWord$29)
                  0000f1fc    0000006e     rtsv7M3_T_le_eabi.lib : ll_div_t2.asm.obj (.text)
                  0000f26a    00000002     maclib_secure.a : mac_symbol_timer.obj (.text:macSymbolTimerICallPwrNotify$77)
                  0000f26c    0000006d     rom_sysbios.aem3 : rom_sysbios.obj (.text:xdc_runtime_System_formatNum__I)
                  0000f2d9    00000001     --HOLE-- [fill = 0]
                  0000f2da    00000002     rtsv7M3_T_le_eabi.lib : div0.asm.obj (.text)
                  0000f2dc    0000006c     drivers_cc13x0.aem3 : PowerCC26XX_calibrateRCOSC.oem3 (.text:PowerCC26XX_initiateCalibration)
                  0000f348    0000006c     rf_multiMode_cc13x0.aem3 : RFCC26XX_multiMode.oem3 (.text:RF_ratDisableChannel)
                  0000f3b4    0000006c     nvocop.obj (.text:findItemInCache$29)
                  0000f420    0000006c     maclib_secure.a : mac_mgmt.obj (.text:macDisassocComplete)
                  0000f48c    0000006c                     : mac_main.obj (.text:macExecute)
                  0000f4f8    0000006c                     : mac_main.obj (.text:macSendMsg)
                  0000f564    00000068     driverlib.lib : sys_ctrl.obj (.text:NOROM_SysCtrlAdjustRechargeAfterPowerDown)
                  0000f5cc    00000068                   : sys_ctrl.obj (.text:NOROM_SysCtrl_DCDC_VoltageConditionalControl)
                  0000f634    00000068     drivers_cc13x0.aem3 : UARTCC26XX.oem3 (.text:UARTCC26XX_readCancel)
                  0000f69c    00000068     rtsv7M3_T_le_eabi.lib : copy_decompress_lzss.c.obj (.text:decompress:lzss:__TI_decompress_lzss)
                  0000f704    00000068     drivers_cc13x0.aem3 : PowerCC26XX.oem3 (.text:lfClockReadyCallback)
                  0000f76c    00000068     maclib_secure.a : mac_radio_tx.obj (.text:macRadioSendImmAckSubG$73)
                  0000f7d4    00000068                     : mac_rx_onoff.obj (.text:macRxOn)
                  0000f83c    00000068     jdllc.obj (.text:sendScanReq$34)
                  0000f8a4    00000068     maclib_secure.a : mac_tx.obj (.text:txGo$78)
                  0000f90c    00000068     jdllc.obj (.text:updateState$34)
                  0000f974    00000064     driverlib.lib : osc.obj (.text:NOROM_OSCHF_AttemptToSwitchToXosc)
                  0000f9d8    00000064                   : setup_rom.obj (.text:NOROM_SetupGetTrimForAnabypassValue1)
                  0000fa3c    00000064     rf_multiMode_cc13x0.aem3 : RFCC26XX_multiMode.oem3 (.text:RF_checkForPreemption)
                  0000faa0    00000064     drivers_cc13x0.aem3 : PowerCC26XX.oem3 (.text:configureXOSCHF)
                  0000fb04    00000064     maclib_secure.a : mac_device.obj (.text:macAssocDataRxInd)
                  0000fb68    00000064                     : mac_device.obj (.text:macRxCoordRealign)
                  0000fbcc    00000064                     : mac_symbol_timer.obj (.text:macSymbolTimerInit)
                  0000fc30    00000064     osal.obj (.text:osal_msg_enqueue_push$19)
                  0000fc94    00000062     maclib_secure.a : mac_mgmt.obj (.text:macBuildWSAsyncMsg)
                  0000fcf6    00000002     rom_sysbios.aem3 : rom_sysbios.obj (.text:ti_sysbios_BIOS_linkedWithIncorrectBootLibrary__E)
                  0000fcf8    00000060     driverlib.lib : osc.obj (.text:NOROM_OSCClockSourceSet)
                  0000fd58    00000060     drivers_cc13x0.aem3 : PowerCC26XX.oem3 (.text:PowerCC26XX_calibrate)
                  0000fdb8    00000060     rf_multiMode_cc13x0.aem3 : RFCC26XX_multiMode.oem3 (.text:RF_dispatchNextEvent)
                  0000fe18    00000060                              : RFCC26XX_multiMode.oem3 (.text:RF_getCurrentTime)
                  0000fe78    00000060     ssf.obj (.text:Ssf_getNetworkInfo)
                  0000fed8    00000060     drivers_cc13x0.aem3 : UARTCC26XX.oem3 (.text:UARTCC26XX_control)
                  0000ff38    00000060     maclib_secure.a : mac_radio_tx.obj (.text:macRadioTxBackoffBoundary)
                  0000ff98    00000060                     : mac_mgmt.obj (.text:macRxDisassoc)
                  0000fff8    00000060                     : mac_rx.obj (.text:macRxHaltCleanup)
                  00010058    00000060                     : mac_scan.obj (.text:macScanComplete)
                  000100b8    00000060     osal.obj (.text:osal_msg_send)
                  00010118    0000005f     rom_sysbios.aem3 : rom_sysbios.obj (.text:xdc_runtime_Text_putLab__E)
                  00010177    00000001     --HOLE-- [fill = 0]
                  00010178    0000005c     jdllc.obj (.text:Jdllc_addSecDevice)
                  000101d4    0000005c     drivers_cc13x0.aem3 : PowerCC26XX_calibrateRCOSC.oem3 (.text:PowerCC26XX_RCOSC_clockFunc)
                  00010230    0000005c     rf_multiMode_cc13x0.aem3 : RFCC26XX_multiMode.oem3 (.text:RF_hwiCpe0PowerFsm)
                  0001028c    0000005c                              : RFCC26XX_multiMode.oem3 (.text:RF_syncCb)
                  000102e8    0000005c     maclib_secure.a : mac_device.obj (.text:macPollDataRxInd)
                  00010344    0000005c                     : mac_timer.obj (.text:macTimerUpdateSymbolTimer)
                  000103a0    0000005c     mac_user_config.obj (.text:rf_patch_mce_sl_longrange$35)
                  000103fc    0000005c     app_pem3.oem3 (.text:xdc_runtime_Startup_getState__I)
                  00010458    00000058     maclib_secure.a : mac_mgmt.obj (.text:MAC_ResumeReq)
                  000104b0    00000058     drivers_cc13x0.aem3 : PINCC26XX.oem3 (.text:PIN_remove)
                  00010508    00000058     rf_multiMode_cc13x0.aem3 : RFCC26XX_multiMode.oem3 (.text:RF_TxPowerTable_findValue)
                  00010560    00000058                              : RFCC26XX_multiMode.oem3 (.text:RF_cmdDispatchTime)
                  000105b8    00000058     mac_user_config.obj (.text:applySlLongrangePatch$35)
                  00010610    00000058     maclib_secure.a : mac_rx_onoff.obj (.text:macRxOffRequest)
                  00010668    00000058                     : mac_timer.obj (.text:macTimerAddTimer)
                  000106c0    00000056                     : mac_data.obj (.text:macFrameDurationSubG)
                  00010716    00000054     drivers_cc13x0.aem3 : CryptoCC26XX.oem3 (.text:CryptoCC26XX_close)
                  0001076a    00000002     app_pem3.oem3 (.text:ti_sysbios_BIOS_nullFunc__I)
                  0001076c    00000054     uart_printf.obj (.text:UartPrintf_flush)
                  000107c0    00000054     maclib_secure.a : mac_device.obj (.text:macApiPollReq)
                  00010814    00000054                     : mac_ie_parse.obj (.text:macUpdatePayloadIEPtr)
                  00010868    00000054     api_mac.obj (.text:processScanCnf$32)
                  000108bc    00000050     driverlib.lib : crypto.obj (.text:NOROM_CRYPTOCcmAuthEncryptResultGet)
                  0001090c    00000050     rf_multiMode_cc13x0.aem3 : RFCC26XX_multiMode.oem3 (.text:RF_applyRfCorePatch)
                  0001095c    00000050                              : RFCC26XX_multiMode.oem3 (.text:RF_fsmXOSCState)
                  000109ac    00000050                              : RFCC26XX_multiMode.oem3 (.text:RF_wakeupNotification)
                  000109fc    00000050     maclib_secure.a : mac_device.obj (.text:macAssocDataReqComplete)
                  00010a4c    00000050                     : mac_radio.obj (.text:macRadioSetChannel)
                  00010a9c    00000050                     : mac_symbol_timer.obj (.text:macSymbolTimerSetRollover)
                  00010aec    00000050     drivers_cc13x0.aem3 : UARTCC26XX.oem3 (.text:startTxFifoEmptyClk)
                  00010b3c    0000004c     rtsv7M3_T_le_eabi.lib : cpy_tbl.c.obj (.text:copy_in)
                  00010b88    0000004c     maclib_secure.a : mac.obj (.text:macFsCb$69)
                  00010bd4    0000004c                     : mac_radio.obj (.text:macGetRadioTxPowerReg)
                  00010c20    0000004c                     : mac_radio.obj (.text:macRadioWakeupCb)
                  00010c6c    0000004c                     : mac_symbol_timer.obj (.text:macSymbolTimerEventHandler$77)
                  00010cb8    0000004c                     : mac_tx.obj (.text:macTxAckNotReceivedCallback)
                  00010d04    0000004a     macstack.obj (.text:icall_slimMsgParser)
                  00010d4e    00000002     rom_sysbios.aem3 : rom_sysbios.obj (.text:ti_sysbios_knl_Clock_triggerFunc__I)
                  00010d50    00000048     board_lcd.obj (.text:Board_Lcd_writeStringValue)
                  00010d98    00000048     dpl_cc13x0.aem3 : ClockP_tirtos.oem3 (.text:ClockP_construct)
                  00010de0    00000048     jdllc.obj (.text:Jdllc_sendDisassociationRequest)
                  00010e28    00000048     drivers_cc13x0.aem3 : PINCC26XX.oem3 (.text:PIN_setOutputEnable)
                  00010e70    00000048     ssf.obj (.text:Ssf_configurationUpdate)
                  00010eb8    00000048     timer.obj (.text:Timer_construct)
                  00010f00    00000048     util.obj (.text:Util_itoa)
                  00010f48    00000048     maclib_secure.a : mac_rx.obj (.text:macRxNokIsr)
                  00010f90    00000048                     : mac.obj (.text:macSetupFsCmd)
                  00010fd8    00000048                     : mac.obj (.text:macSetupReceiveCmd)
                  00011020    00000048     drivers_cc13x0.aem3 : UARTCC26XX.oem3 (.text:writeFinishedDoCallback)
                  00011068    00000044     maclib_secure.a : mac_pib.obj (.text:MAC_MlmeGetReq)
                  000110ac    00000044     drivers_cc13x0.aem3 : RingBuf.oem3 (.text:RingBuf_put)
                  000110f0    00000044     boot.aem3 : boot.oem3 (.text)
                  00011134    00000044     nvocop.obj (.text:erasePage$29)
                  00011178    00000044     ssf.obj (.text:getNumBlackListEntries$38)
                  000111bc    00000044     maclib_secure.a : mac_device.obj (.text:macAssocDataReq)
                  00011200    00000044                     : mac_device.obj (.text:macPollDataReqComplete)
                  00011244    00000044                     : mac.obj (.text:macStopCmd)
                  00011288    00000044                     : mac_main.obj (.text:mac_msg_deallocate)
                  000112cc    00000044     jdllc.obj (.text:populateInfo$34)
                  00011310    00000044     rom_sysbios.aem3 : rom_sysbios.obj (.text:xdc_runtime_Text_xprintf__I)
                  00011354    00000042     api_mac.obj (.text:copyMacPanDescToApiMacPanDesc$32)
                  00011396    00000002     app_pem3.oem3 (.text:ti_sysbios_rom_cortexm_cc13xx_CC13xx_badRomRevision__E)
                  00011398    00000040     hal_trng_wrapper.obj (.text:HalTRNG_GetTRNG)
                  000113d8    00000040     osal.obj (.text:ICall_setTimer$19)
                  00011418    00000040     maclib_secure.a : mac_symbol_timer.obj (.text:ICall_setTimer$77)
                  00011458    00000040                     : mac_tx.obj (.text:ICall_setTimer$78)
                  00011498    00000040     driverlib.lib : chipinfo.obj (.text:NOROM_ChipInfo_GetHwRevision)
                  000114d8    00000040     nvocop.obj (.text:NVOCOP_initNV)
                  00011518    00000040     drivers_cc13x0.aem3 : PINCC26XX.oem3 (.text:PIN_swi)
                  00011558    00000040     rf_multiMode_cc13x0.aem3 : RFCC26XX_multiMode.oem3 (.text:RF_setTxPower)
                  00011598    00000040     drivers_cc13x0.aem3 : UART.oem3 (.text:UART_init)
                  000115d8    00000040                         : UART.oem3 (.text:UART_open)
                  00011618    00000040     jdllc.obj (.text:handleMaxDataFail$34)
                  00011658    00000040     maclib_secure.a : mac_hl_patch.obj (.text:macCheckPhyRate)
                  00011698    00000040                     : mac_device.obj (.text:macPollFrameResponseTimeout)
                  000116d8    00000040     rtsv7M3_T_le_eabi.lib : u_divt2.asm.obj (.text)
                  00011718    00000040     jdllc.obj (.text:sendPollReq$34)
                  00011758    00000040     rom_sysbios.aem3 : rom_sysbios.obj (.text:ti_sysbios_family_arm_cc26xx_Timer_setThreshold__I)
                  00011798    0000003e     dpl_cc13x0.aem3 : HwiP_tirtos.oem3 (.text:HwiP_construct)
                  000117d6    0000003e     drivers_cc13x0.aem3 : RingBuf.oem3 (.text:RingBuf_get)
                  00011814    0000003c     icall_cc2650.obj (.text:ICallPlatform_pwrConfigACAction)
                  00011850    0000003c     api_mac.obj (.text:ICall_sendServiceMsg$32)
                  0001188c    0000003c     osal.obj (.text:ICall_setTimerMSecs$19)
                  000118c8    0000003c     driverlib.lib : osc.obj (.text:NOROM_OSC_HPOSCRelativeFrequencyOffsetGet)
                  00011904    0000003c                   : rfc.obj (.text:NOROM_RFCSynthPowerDown)
                  00011940    0000003c     nvocop.obj (.text:NVOCOP_compactNV)
                  0001197c    0000003c     drivers_cc13x0.aem3 : PowerCC26XX.oem3 (.text:PowerCC26XX_isStableXOSC_HF)
                  000119b8    0000003c     rf_multiMode_cc13x0.aem3 : RFCC26XX_multiMode.oem3 (.text:RF_cmdGet)
                  000119f4    0000003c     dpl_cc13x0.aem3 : SwiP_tirtos.oem3 (.text:SwiP_construct)
                  00011a30    0000003c     drivers_cc13x0.aem3 : PowerCC26XX.oem3 (.text:disableLfClkQualifiersEnableClkLoss)
                  00011a6c    0000003c     maclib_secure.a : mac_rx_onoff.obj (.text:macRxDisable)
                  00011aa8    0000003c                     : mac_device.obj (.text:macStartFrameResponseTimer)
                  00011ae4    0000003c                     : mac_symbol_timer.obj (.text:macSymbolTimerSetTrigger)
                  00011b20    0000003c     osal.obj (.text:osal_msg_extract)
                  00011b5c    0000003c     rom_sysbios.aem3 : rom_sysbios.obj (.text:ti_sysbios_family_arm_m3_Hwi_construct2__E)
                  00011b98    0000003a     util.obj (.text:Util_bufferUint32)
                  00011bd2    00000002     rom_sysbios.aem3 : rom_sysbios.obj (.text:xdc_runtime_SysCallback_defaultAbort)
                  00011bd4    00000038     hal_trng_wrapper.obj (.text:HalTRNG_InitTRNG)
                  00011c0c    00000038     macstack.obj (.text:ICall_enrollService$26)
                  00011c44    00000038     main.obj (.text:Main_assertHandler)
                  00011c7c    00000038     nvocop.obj (.text:NVOCOP_readItem)
                  00011cb4    00000038     drivers_cc13x0.aem3 : PINCC26XX.oem3 (.text:PIN_setOutputValue)
                  00011cec    00000038     rf_multiMode_cc13x0.aem3 : RFCC26XX_multiMode.oem3 (.text:RF_checkCmdFsError)
                  00011d24    00000038     board_key.obj (.text:board_key_keyFxn$5)
                  00011d5c    00000038     jdllc.obj (.text:disassoCnfCb$34)
                  00011d94    00000038     maclib_secure.a : mac_device.obj (.text:macAssocFailed)
                  00011dcc    00000038                     : mac.obj (.text:macSetUserConfig)
                  00011e04    00000038                     : mac_symbol_timer.obj (.text:macSymbolTimerCount)
                  00011e3c    00000038     osal.obj (.text:osal_msg_dequeue)
                  00011e74    00000038     drivers_cc13x0.aem3 : UARTCC26XX.oem3 (.text:readData)
                  00011eac    00000038     rom_sysbios.aem3 : rom_sysbios.obj (.text:ti_sysbios_family_arm_cc26xx_Timer_getCurrentTick__E)
                  00011ee4    00000038     drivers_cc13x0.aem3 : UARTCC26XX.oem3 (.text:writeData)
                  00011f1c    00000034     osal.obj (.text:ICall_send$19)
                  00011f50    00000034     driverlib.lib : ddi.obj (.text:NOROM_DDI32RegWrite)
                  00011f84    00000034                   : osc.obj (.text:NOROM_OSCHF_SwitchToRcOscTurnOffXosc)
                  00011fb8    00000034     drivers_cc13x0.aem3 : PINCC26XX.oem3 (.text:PIN_setConfig)
                  00011fec    00000034                         : PowerCC26XX.oem3 (.text:Power_releaseConstraint)
                  00012020    00000034     rf_multiMode_cc13x0.aem3 : RFCC26XX_multiMode.oem3 (.text:RF_powerConstraintRelease)
                  00012054    00000034                              : RFCC26XX_multiMode.oem3 (.text:RF_queueEnd)
                  00012088    00000034                              : RFCC26XX_multiMode.oem3 (.text:RF_runDirectImmediateCmd)
                  000120bc    00000034     nvocop.obj (.text:disableCache$29)
                  000120f0    00000034     maclib_secure.a : mac_device.obj (.text:macAssociateCnf)
                  00012124    00000034                     : mac_beacon_device.obj (.text:macBeaconStopTrack)
                  00012158    00000034                     : mac_data.obj (.text:macDataRxInd)
                  0001218c    00000034                     : mac_pib.obj (.text:macMRFSKGetPhyDesc)
                  000121c0    00000034                     : mac_timer.obj (.text:macTimerRecalcUnaligned)
                  000121f4    00000034                     : mac_tx.obj (.text:macTxDecrypt)
                  00012228    00000034                     : mac_tx.obj (.text:macTxUpdateIE)
                  0001225c    00000034     drivers_cc13x0.aem3 : PowerCC26XX.oem3 (.text:notify)
                  00012290    00000034     osal.obj (.text:osal_msg_enqueue)
                  000122c4    00000034     rom_sysbios.aem3 : rom_sysbios.obj (.text:ti_sysbios_family_arm_cc26xx_Timer_initDevice__I)
                  000122f8    00000034                      : rom_sysbios.obj (.text:ti_sysbios_knl_Swi_setPri__E)
                  0001232c    00000032     icall_cc2650.obj (.text:ICallPlatform_pwrNotify$1)
                  0001235e    00000032     maclib_secure.a : mac_scan.obj (.text:macScanCnfInit)
                  00012390    00000032     rom_sysbios.aem3 : rom_sysbios.obj (.text:ti_sysbios_family_arm_cc26xx_Timer_setNextTick__E)
                  000123c2    00000002                      : rom_sysbios.obj (.text:xdc_runtime_SysCallback_defaultExit)
                  000123c4    00000030     hal_flash_wrapper.obj (.text:HalFlashRead)
                  000123f4    00000030     icall_cc2650.obj (.text:ICallPlatform_pwrRegisterNotify)
                  00012424    00000030     driverlib.lib : crypto.obj (.text:NOROM_CRYPTOAesEcbStatus)
                  00012454    00000030                   : crypto.obj (.text:NOROM_CRYPTOCcmAuthEncryptStatus)
                  00012484    00000030                   : crypto.obj (.text:NOROM_CRYPTOCcmInvAuthDecryptStatus)
                  000124b4    00000030                   : chipinfo.obj (.text:NOROM_ChipInfo_GetChipType)
                  000124e4    00000030                   : setup_rom.obj (.text:NOROM_SetupSetAonRtcSubSecInc)
                  00012514    00000030     drivers_cc13x0.aem3 : PowerCC26XX.oem3 (.text:Power_setConstraint)
                  00012544    00000030     ssf.obj (.text:Ssf_setPollClock)
                  00012574    00000030     ssf.obj (.text:Ssf_setReadingClock)
                  000125a4    00000030     ssf.obj (.text:Ssf_setScanBackoffClock)
                  000125d4    00000030     jdllc.obj (.text:disassocIndCb$34)
                  00012604    00000030     maclib_secure.a : mac_mgmt.obj (.text:macBcTimerHandler)
                  00012634    00000030                     : mac_timer.obj (.text:macTimerSetRollover)
                  00012664    00000030     osal.obj (.text:osal_alien2proxy)
                  00012694    00000030     drivers_cc13x0.aem3 : UARTCC26XX.oem3 (.text:readData2RingBuf)
                  000126c4    00000030     app_pem3.oem3 (.text:ti_sysbios_BIOS_atExitFunc__I)
                  000126f4    00000030     app_pem3.oem3 (.text:ti_sysbios_BIOS_startFunc__I)
                  00012724    0000002e     icall_cc2650.obj (.text:ICallPlatform_pwrDispenseImpl$1)
                  00012752    0000002e     icall_cc2650.obj (.text:ICallPlatform_pwrRequireImpl$1)
                  00012780    0000002e     drivers_cc13x0.aem3 : CryptoCC26XX.oem3 (.text:cryptoTransactionPend)
                  000127ae    00000002     --HOLE-- [fill = 0]
                  000127b0    0000002c     CC13X0_LAUNCHXL.obj (.text:CC1350_LAUNCHXL_rfDriverCallback$3)
                  000127dc    0000002c     driverlib.lib : osc.obj (.text:NOROM_OSCClockSourceGet)
                  00012808    0000002c                   : rfc.obj (.text:NOROM_RFCCpePatchReset)
                  00012834    0000002c     drivers_cc13x0.aem3 : PINCC26XX.oem3 (.text:PINCC26XX_setMux)
                  00012860    0000002c     rf_multiMode_cc13x0.aem3 : RFCC26XX_multiMode.oem3 (.text:RF_calculateDeltaTimeUs)
                  0001288c    0000002c                              : RFCC26XX_multiMode.oem3 (.text:RF_executeDirectImmediateCmd)
                  000128b8    0000002c     dpl_cc13x0.aem3 : SemaphoreP_tirtos.oem3 (.text:SemaphoreP_constructBinary)
                  000128e4    0000002c     ssf.obj (.text:Ssf_clearNetworkInfo)
                  00012910    0000002c     uart_printf.obj (.text:UartPrintf_putch)
                  0001293c    0000002c     nvocop.obj (.text:findOffset$29)
                  00012968    0000002c     maclib_secure.a : mac_mgmt.obj (.text:macGetCoordAddress)
                  00012994    0000002c                     : mac_pib.obj (.text:macPibReset)
                  000129c0    0000002c                     : mac_radio.obj (.text:macRadioSetPanCoordinator)
                  000129ec    0000002c                     : mac_symbol_timer.obj (.text:macSymbolTimerICallTimerCback$77)
                  00012a18    0000002c                     : mac_tx.obj (.text:macTxRequestCsmaRtcDelay)
                  00012a44    0000002c     osal.obj (.text:osal_msec_timer_cback$19)
                  00012a70    0000002c     saddr.obj (.text:sAddrCmp)
                  00012a9c    0000002c     rom_sysbios.aem3 : rom_sysbios.obj (.text:ti_sysbios_knl_Clock_getTicksUntilInterrupt__E)
                  00012ac8    0000002b                      : rom_sysbios.obj (.text:xdc_runtime_Text_printVisFxn__I)
                  00012af3    00000001     --HOLE-- [fill = 0]
                  00012af4    0000002a                      : rom_sysbios.obj (.text:ti_sysbios_knl_Clock_getTimeout__E)
                  00012b1e    0000002a                      : rom_sysbios.obj (.text:xdc_runtime_System_putchar__I)
                  00012b48    00000028     drivers_cc13x0.aem3 : CryptoCC26XX.oem3 (.text:CryptoCC26XX_releaseKey)
                  00012b70    00000028     ssf.obj (.text:ICall_malloc$38)
                  00012b98    00000028     maclib_secure.a : mac_security_pib.obj (.text:MAC_MlmeGetPointerSecurityReq)
                  00012bc0    00000028     driverlib.lib : aon_batmon.obj (.text:NOROM_AONBatMonTemperatureGetDegC)
                  00012be8    00000028                   : rfc.obj (.text:NOROM_RFCDoorbellSendTo)
                  00012c10    00000028     drivers_cc13x0.aem3 : PowerCC26XX.oem3 (.text:Power_registerNotify)
                  00012c38    00000028     rf_multiMode_cc13x0.aem3 : RFCC26XX_multiMode.oem3 (.text:RF_getTxPower)
                  00012c60    00000028     driverlib.lib : adi.obj (.text:SafeHapiVoid)
                  00012c88    00000028     board_led.obj (.text:board_led_anyBlinking$7)
                  00012cb0    00000028     nvocop.obj (.text:findItem$29)
                  00012cd8    00000028     maclib_secure.a : mac_mgmt.obj (.text:macApiPending)
                  00012d00    00000028                     : mac_mgmt.obj (.text:macCoordAddrCmp)
                  00012d28    00000028     osal_memory_icall.obj (.text:osal_mem_alloc)
                  00012d50    00000028     osal_timers.obj (.text:osal_next_timeout)
                  00012d78    00000026     maclib_secure.a : mac_radio.obj (.text:radioComputeED$72)
                  00012d9e    00000026     rom_sysbios.aem3 : rom_sysbios.obj (.text:xdc_runtime_System_vprintf__E)
                  00012dc4    00000024     drivers_cc13x0.aem3 : CryptoCC26XX.oem3 (.text:CryptoCC26XX_hwiIntFxn)
                  00012de8    00000024     osal_pwrmgr.obj (.text:ICall_pwrUpdActivityCounter$23)
                  00012e0c    00000024     drivers_cc13x0.aem3 : List.oem3 (.text:List_remove)
                  00012e30    00000024     rf_multiMode_cc13x0.aem3 : RFCC26XX_multiMode.oem3 (.text:RF_cmdAlloc)
                  00012e54    00000024                              : RFCC26XX_multiMode.oem3 (.text:RF_invokeGlobalCallback)
                  00012e78    00000024     maclib_secure.a : mac_device.obj (.text:macAssocFrameResponseTimeout)
                  00012e9c    00000024                     : mac_beacon.obj (.text:macBeaconReset)
                  00012ec0    00000024                     : mac_radio.obj (.text:macGetRadioState)
                  00012ee4    00000024                     : mac_radio.obj (.text:macRadioStopScan)
                  00012f08    00000024                     : mac_radio_tx.obj (.text:macRadioTxRequestTxAck)
                  00012f2c    00000024                     : mac_rx_onoff.obj (.text:macRxSoftDisable)
                  00012f50    00000024     rtsv7M3_T_le_eabi.lib : memcmp.c.obj (.text:memcmp)
                  00012f74    00000024     osal.obj (.text:osal_msg_allocate)
                  00012f98    00000024     app_pem3.oem3 (.text:ti_sysbios_BIOS_registerRTSLock__I)
                  00012fbc    00000024     app_pem3.oem3 (.text:ti_sysbios_BIOS_removeRTSLock__I)
                  00012fe0    00000024     rom_sysbios.aem3 : rom_sysbios.obj (.text:ti_sysbios_family_arm_cc26xx_Timer_getMaxTicks__E)
                  00013004    00000022     drivers_cc13x0.aem3 : List.oem3 (.text:List_get)
                  00013026    00000022                         : List.oem3 (.text:List_insert)
                  00013048    00000022                         : List.oem3 (.text:List_put)
                  0001306a    00000022                         : List.oem3 (.text:List_putHead)
                  0001308c    00000020     hal_flash_wrapper.obj (.text:HalFlashGetAddress)
                  000130ac    00000020     osal_memory_icall.obj (.text:ICall_free$22)
                  000130cc    00000020     api_mac.obj (.text:ICall_free$32)
                  000130ec    00000020     osal.obj (.text:ICall_getTicks$19)
                  0001310c    00000020     sensor.obj (.text:ICall_getTicks$37)
                  0001312c    00000020     osal.obj (.text:ICall_signal$19)
                  0001314c    00000020     maclib_secure.a : mac_symbol_timer.obj (.text:ICall_signal$77)
                  0001316c    00000020     driverlib.lib : rfc.obj (.text:NOROM_RFCAdi3VcoLdoVoltageMode)
                  0001318c    00000020     dpl_cc13x0.aem3 : PowerCC26XX_tirtos.oem3 (.text:PowerCC26XX_schedulerDisable)
                  000131ac    00000020                     : PowerCC26XX_tirtos.oem3 (.text:PowerCC26XX_schedulerRestore)
                  000131cc    00000020     drivers_cc13x0.aem3 : PowerCC26XX.oem3 (.text:Power_unregisterNotify)
                  000131ec    00000020     rf_multiMode_cc13x0.aem3 : RFCC26XX_multiMode.oem3 (.text:RF_clkPowerUp)
                  0001320c    00000020                              : RFCC26XX_multiMode.oem3 (.text:RF_hwiCpe0ChangePhy)
                  0001322c    00000020                              : RFCC26XX_multiMode.oem3 (.text:RF_ratIsRunning)
                  0001324c    00000020     maclib_secure.a : mac_data.obj (.text:macDataRxMemAlloc)
                  0001326c    00000020                     : mac_data.obj (.text:macDataSend)
                  0001328c    00000020                     : mac_radio.obj (.text:macRadioSwInit)
                  000132ac    00000020                     : mac_rx_onoff.obj (.text:macRxOff)
                  000132cc    00000020                     : mac_rx_onoff.obj (.text:macRxSoftEnable)
                  000132ec    00000020                     : mac.obj (.text:macSetCurrChan$69)
                  0001330c    00000020                     : mac_timer.obj (.text:macTimer)
                  0001332c    00000020     osal.obj (.text:osal_memcmp)
                  0001334c    00000020     osal.obj (.text:osal_msg_push)
                  0001336c    00000020     ssf.obj (.text:processScanBackoffTimeoutCallback$38)
                  0001338c    00000020     app_pem3.oem3 (.text:ti_sysbios_BIOS_rtsLock__I)
                  000133ac    00000020     rom_sysbios.aem3 : rom_sysbios.obj (.text:ti_sysbios_family_arm_cc26xx_Timer_dynamicStub__E)
                  000133cc    00000020                      : rom_sysbios.obj (.text:ti_sysbios_knl_Clock_stop__E)
                  000133ec    00000020                      : rom_sysbios.obj (.text:xdc_runtime_Registry_findById__E)
                  0001340c    0000001e     drivers_cc13x0.aem3 : PINCC26XX.oem3 (.text:PIN_close)
                  0001342a    0000001e                         : PowerCC26XX.oem3 (.text:Power_getTransitionLatency)
                  00013448    0000001e     maclib_secure.a : mac_hl_patch.obj (.text:macPibIndex)
                  00013466    0000001e                     : mac_scan.obj (.text:macScanFailedInProgress)
                  00013484    0000001e                     : mac_timer.obj (.text:macTimerRemoveTimer)
                  000134a2    00000002     --HOLE-- [fill = 0]
                  000134a4    0000001c     osal.obj (.text:ICall_abort$19)
                  000134c0    0000001c     osaltasks.obj (.text:ICall_abort$27)
                  000134dc    0000001c     driverlib.lib : chipinfo.obj (.text:NOROM_ChipInfo_GetChipFamily)
                  000134f8    0000001c                   : flash.obj (.text:NOROM_FlashProgram)
                  00013514    0000001c                   : flash.obj (.text:NOROM_FlashSectorErase)
                  00013530    0000001c     drivers_cc13x0.aem3 : PINCC26XX.oem3 (.text:PINCC26XX_setIoCfgMux)
                  0001354c    0000001c                         : PINCC26XX.oem3 (.text:PIN_hwi)
                  00013568    0000001c     rf_multiMode_cc13x0.aem3 : RFCC26XX_multiMode.oem3 (.text:RF_clkInactivity)
                  00013584    0000001c                              : RFCC26XX_multiMode.oem3 (.text:RF_getRssi)
                  000135a0    0000001c                              : RFCC26XX_multiMode.oem3 (.text:RF_powerConstraintSet)
                  000135bc    0000001c     ssf.obj (.text:Ssf_initializeReadingClock)
                  000135d8    0000001c     ssf.obj (.text:Ssf_stateChangeUpdate)
                  000135f4    0000001c     nvocop.obj (.text:enableCache$29)
                  00013610    0000001c     maclib_secure.a : mac_mgmt.obj (.text:macConflictSyncLossInd)
                  0001362c    0000001c                     : mac_mcu.obj (.text:macMcuTimerCapture)
                  00013648    0000001c                     : mac_device.obj (.text:macPollRxDisassoc)
                  00013664    0000001c                     : mac_radio.obj (.text:macRadioSetRE)
                  00013680    0000001c                     : mac_rx.obj (.text:macRxAckTxDoneCallback)
                  0001369c    0000001c                     : mac_symbol_timer.obj (.text:macSymbolTimerSetTriggerRollover)
                  000136b8    0000001c     osal.obj (.text:osal_proxy2alien$19)
                  000136d4    0000001c     ssf.obj (.text:processPollTimeoutCallback$38)
                  000136f0    0000001c     ssf.obj (.text:processReadingTimeoutCallback$38)
                  0001370c    0000001c     maclib_secure.a : mac_rx.obj (.text:rxDone$74)
                  00013728    0000001c     saddr.obj (.text:sAddrExtCmp)
                  00013744    0000001c     rom_sysbios.aem3 : rom_sysbios.obj (.text:ti_sysbios_knl_Swi_construct2__E)
                  00013760    0000001a     api_mac.obj (.text:copyApiMacAddrToMacAddr)
                  0001377a    0000001a     maclib_secure.a : mac_hl_patch.obj (.text:macCheckPhyMode)
                  00013794    0000001a                     : mac_low_level.obj (.text:macLowLevelDiags)
                  000137ae    0000001a     rom_sysbios.aem3 : rom_sysbios_config.obj (.text:xdc_runtime_System_printf__E)
                  000137c8    00000018     api_mac.obj (.text:ApiMac_mlmeSetReqBool)
                  000137e0    00000018     api_mac.obj (.text:ApiMac_mlmeSetReqUint16)
                  000137f8    00000018     api_mac.obj (.text:ApiMac_mlmeSetReqUint8)
                  00013810    00000018     hal_aes.obj (.text:HalAesInit)
                  00013828    00000018     icall_cc2650.obj (.text:ICallPlatform_pwrDispense)
                  00013840    00000018     icall_cc2650.obj (.text:ICallPlatform_pwrRequire)
                  00013858    00000018     driverlib.lib : aon_rtc.obj (.text:NOROM_AONRTCCurrentCompareValueGet)
                  00013870    00000018                   : chipinfo.obj (.text:NOROM_ChipInfo_GetPackageType)
                  00013888    00000018                   : osc.obj (.text:NOROM_OSCHF_TurnOnXosc)
                  000138a0    00000018                   : rfc.obj (.text:NOROM_RFCCpeIntGetAndClear)
                  000138b8    00000018     drivers_cc13x0.aem3 : PowerCC26XX.oem3 (.text:Power_idleFunc)
                  000138d0    00000018     rf_multiMode_cc13x0.aem3 : RFCC26XX_multiMode.oem3 (.text:RF_preemptClient)
                  000138e8    00000018                              : RFCC26XX_multiMode.oem3 (.text:RF_swiFsm)
                  00013900    00000018                              : RFCC26XX_multiMode.oem3 (.text:RF_triggDispatcher)
                  00013918    00000018     drivers_cc13x0.aem3 : UARTCC26XX.oem3 (.text:UARTCC26XX_init)
                  00013930    00000018                         : UART.oem3 (.text:UART_Params_init)
                  00013948    00000018     rtsv7M3_T_le_eabi.lib : args_main.c.obj (.text:_args_main)
                  00013960    00000018     board_key.obj (.text:board_key_changeHandler$5)
                  00013978    00000018     api_mac.obj (.text:copyMacAddrToApiMacAddr$32)
                  00013990    00000018     drivers_cc13x0.aem3 : CryptoCC26XX.oem3 (.text:cryptoTransactionPoll)
                  000139a8    00000018     maclib_secure.a : mac_mgmt.obj (.text:macGetMyAddrMode)
                  000139c0    00000018                     : mac_device.obj (.text:macPollCnf)
                  000139d8    00000018                     : mac_device.obj (.text:macPollRxAssocRsp)
                  000139f0    00000018                     : mac_radio.obj (.text:macRadioSetIEEEAddr)
                  00013a08    00000018                     : mac_radio.obj (.text:macRadioSetShortAddr)
                  00013a20    00000018                     : mac_rx_onoff.obj (.text:macRxOnRequest)
                  00013a38    00000018                     : mac_device.obj (.text:macStartResponseTimer)
                  00013a50    00000018                     : mac_main.obj (.text:macStateIdleOrPolling)
                  00013a68    00000018                     : mac_symbol_timer.obj (.text:macSymbolTimerRestore)
                  00013a80    00000018                     : mac_timer.obj (.text:macTimerInit)
                  00013a98    00000018                     : mac_tx.obj (.text:macTxAbortIsr)
                  00013ab0    00000018                     : macwrapper.obj (.text:macWrapper8ByteUnused)
                  00013ac8    00000018     osal.obj (.text:osal_memcpy)
                  00013ae0    00000018     ssf.obj (.text:processKeyChangeCallback$38)
                  00013af8    00000018     rtsv7M3_T_le_eabi.lib : ll_mul_t2.asm.obj (.text)
                  00013b10    00000018     app_pem3.oem3 (.text:ti_sysbios_BIOS_rtsUnlock__I)
                  00013b28    00000018     rom_sysbios.aem3 : rom_sysbios.obj (.text:ti_sysbios_knl_Swi_or__E)
                  00013b40    00000018     app_pem3.oem3 (.text:ti_sysbios_rom_cortexm_cc13xx_CC13xx_checkRevision__E)
                  00013b58    00000016     rf_multiMode_cc13x0.aem3 : RFCC26XX_multiMode.oem3 (.text:RF_restartClockTimeout)
                  00013b6e    00000016     util.obj (.text:Util_clearEvent)
                  00013b84    00000016     util.obj (.text:Util_parseUint32)
                  00013b9a    00000016     util.obj (.text:Util_setEvent)
                  00013bb0    00000016     app_pem3.oem3 (.text:ti_sysbios_BIOS_exitFunc__I)
                  00013bc6    00000002     --HOLE-- [fill = 0]
                  00013bc8    00000014     api_mac.obj (.text:ApiMac_randomByte)
                  00013bdc    00000014     jdllc.obj (.text:Jdllc_setPollRate)
                  00013bf0    00000014     drivers_cc13x0.aem3 : List.oem3 (.text:List_clearList)
                  00013c04    00000014     macstack.obj (.text:MAC_CbackQueryRetransmit)
                  00013c18    00000014     driverlib.lib : aon_rtc.obj (.text:NOROM_AONRTCCurrent64BitValueGet)
                  00013c2c    00000014     drivers_cc13x0.aem3 : PINCC26XX.oem3 (.text:PINCC26XX_getInputValue)
                  00013c40    00000014     rf_multiMode_cc13x0.aem3 : RFCC26XX_multiMode.oem3 (.text:RF_Params_init)
                  00013c54    00000014                              : RFCC26XX_multiMode.oem3 (.text:RF_RatConfigCompare_init)
                  00013c68    00000014                              : RFCC26XX_multiMode.oem3 (.text:RF_dbellSyncOnAck)
                  00013c7c    00000014                              : RFCC26XX_multiMode.oem3 (.text:RF_ratCompare)
                  00013c90    00000014                              : RFCC26XX_multiMode.oem3 (.text:RF_ratGetChannel)
                  00013ca4    00000014                              : RFCC26XX_multiMode.oem3 (.text:RF_schResolveConflict)
                  00013cb8    00000014     main.obj (.text:SysCtrlSystemReset$36)
                  00013ccc    00000014     drivers_cc13x0.aem3 : PowerCC26XX.oem3 (.text:configureRFCoreClocks)
                  00013ce0    00000014     maclib_secure.a : mac_main.obj (.text:macMainReserve)
                  00013cf4    00000014                     : mac_mcu.obj (.text:macMcuOverflowCapture)
                  00013d08    00000014                     : mac_radio.obj (.text:macRadioSetPanID)
                  00013d1c    00000014                     : mac_main.obj (.text:macStateScanning)
                  00013d30    00000014                     : mac_mgmt.obj (.text:macWSAsyncCnf)
                  00013d44    00000014                     : mac_rx.obj (.text:rxDiscardFrame$74)
                  00013d58    00000014     saddr.obj (.text:sAddrCpy)
                  00013d6c    00000014     nvocop.obj (.text:setActivePage$29)
                  00013d80    00000014     rtsv7M3_T_le_eabi.lib : strlen.c.obj (.text:strlen)
                  00013d94    00000014     jdllc.obj (.text:switchState$34)
                  00013da8    00000014     app_pem3.oem3 (.text:ti_sysbios_knl_Clock_doTick__I)
                  00013dbc    00000013     board_lcd.obj (.text:Board_Lcd_writeString)
                  00013dcf    00000001     --HOLE-- [fill = 0]
                  00013dd0    00000012     rf_multiMode_cc13x0.aem3 : RFCC26XX_multiMode.oem3 (.text:RF_getCmdOp)
                  00013de2    00000012     drivers_cc13x0.aem3 : RingBuf.oem3 (.text:RingBuf_construct)
                  00013df4    00000012     dpl_cc13x0.aem3 : SemaphoreP_tirtos.oem3 (.text:SemaphoreP_pend)
                  00013e06    00000012     maclib_secure.a : mac_radio.obj (.text:macRadioSetTxPower)
                  00013e18    00000012                     : mac_security_pib.obj (.text:macSecurityPibIndex)
                  00013e2a    00000012     osal.obj (.text:osal_msg_deallocate)
                  00013e3c    00000012     app_pem3.oem3 (.text:xdc_runtime_Startup_exec__I)
                  00013e4e    00000002     --HOLE-- [fill = 0]
                  00013e50    00000010     api_mac.obj (.text:ApiMac_mlmeGetReqArray)
                  00013e60    00000010     api_mac.obj (.text:ApiMac_mlmeGetReqUint16)
                  00013e70    00000010     api_mac.obj (.text:ApiMac_mlmeGetReqUint32)
                  00013e80    00000010     api_mac.obj (.text:ApiMac_mlmeSetReqArray)
                  00013e90    00000010     api_mac.obj (.text:ApiMac_mlmeSetSecurityReqStruct)
                  00013ea0    00000010     dpl_cc13x0.aem3 : ClockP_tirtos.oem3 (.text:ClockP_isActive)
                  00013eb0    00000010     hal_appasrt.obj (.text:HAL_APPASRT_callAssrtHanlder)
                  00013ec0    00000010     dpl_cc13x0.aem3 : HwiP_tirtos.oem3 (.text:HwiP_Params_init)
                  00013ed0    00000010     icall_cc2650.obj (.text:ICallPlatform_pwrGetXOSCStartupTime)
                  00013ee0    00000010     driverlib.lib : rfc.obj (.text:NOROM_RFCHwIntGetAndClear)
                  00013ef0    00000010                   : rfc.obj (.text:NOROM_RFCRfTrimSet)
                  00013f00    00000010     drivers_cc13x0.aem3 : PINCC26XX.oem3 (.text:PINCC26XX_getPinCount)
                  00013f10    00000010     rf_multiMode_cc13x0.aem3 : RFCC26XX_multiMode.oem3 (.text:RF_dbellSubmitCmdAsync)
                  00013f20    00000010                              : RFCC26XX_multiMode.oem3 (.text:RF_isClientOwner)
                  00013f30    00000010     dpl_cc13x0.aem3 : SwiP_tirtos.oem3 (.text:SwiP_Params_init)
                  00013f40    00000010     timer.obj (.text:Timer_isActive)
                  00013f50    00000010     maclib_secure.a : mac_device.obj (.text:macAssocRxDisassoc)
                  00013f60    00000010                     : mac_data.obj (.text:macCheckSched)
                  00013f70    00000010                     : mac.obj (.text:macRadioPowerCtrlFEM)
                  00013f80    00000010                     : mac_rx_onoff.obj (.text:macRxEnable)
                  00013f90    00000010                     : mac_main.obj (.text:macSetEvent16)
                  00013fa0    00000010                     : mac_main.obj (.text:macSetEvent)
                  00013fb0    00000010     nvocop.obj (.text:setXferPage$29)
                  00013fc0    00000010     rom_sysbios.aem3 : rom_sysbios.obj (.text:ti_sysbios_family_arm_m3_Hwi_post__E)
                  00013fd0    00000010     maclib_secure.a : mac_tx.obj (.text:txLbtPrep$78)
                  00013fe0    00000010     drivers_cc13x0.aem3 : UARTCC26XX.oem3 (.text:uartPostNotify)
                  00013ff0    00000010     rom_sysbios.aem3 : rom_sysbios.obj (.text:xdc_runtime_SysCallback_putch__E)
                  00014000    00000010                      : rom_sysbios.obj (.text:xdc_runtime_SysCallback_ready__E)
                  00014010    00000010                      : rom_sysbios.obj (.text:xdc_runtime_System_vsnprintf__E)
                  00014020    0000000e     icall_cc2650.obj (.text:ICallPlatform_pwrGetTransitionState)
                  0001402e    0000000e     icall_cc2650.obj (.text:ICallPlatform_pwrIsStableXOSCHF)
                  0001403c    0000000e     driverlib.lib : vims.obj (.text:NOROM_VIMSModeGet)
                  0001404a    0000000e     rtsv7M3_T_le_eabi.lib : copy_decompress_none.c.obj (.text:decompress:none:__TI_decompress_none)
                  00014058    0000000e     sensor.obj (.text:jdllcDisassocCnfCb$37)
                  00014066    0000000e     sensor.obj (.text:jdllcDisassocIndCb$37)
                  00014074    0000000e     rom_sysbios.aem3 : rom_sysbios.obj (.text:ti_sysbios_family_arm_cc26xx_TimestampProvider_get32__E)
                  00014082    00000002     --HOLE-- [fill = 0]
                  00014084    0000000c     drivers_cc13x0.aem3 : CryptoCC26XX.oem3 (.text:CryptoCC26XX_init)
                  00014090    0000000c     driverlib.lib : cpu.obj (.text:NOROM_CPUcpsid)
                  0001409c    0000000c                   : cpu.obj (.text:NOROM_CPUcpsie)
[...]
1001b791  ti_sysbios_knl_Clock_TimerProxy_startup__E
1001b791  ti_sysbios_knl_Clock_TimerProxy_startup__E__mangled__
1001b7bd  ti_sysbios_family_arm_m3_Hwi_Object__get__S
1001b7e9  ti_sysbios_gates_GateMutex_construct
1001b815  ti_sysbios_hal_Hwi_initStack
1001b841  ti_sysbios_heaps_HeapMem_Object__create__S
1001b86d  ti_sysbios_heaps_HeapMem_Object__get__S
1001b899  ti_sysbios_knl_Mailbox_Object__get__S
1001b8c5  ti_sysbios_knl_Mailbox_postInit__I
1001b8f1  ti_sysbios_knl_Queue_construct
1001b91d  ti_sysbios_knl_Queue_create
1001b949  ti_sysbios_knl_Semaphore_pendTimeout__I
1001b975  ti_sysbios_knl_Swi_Object__get__S
1001b9a1  ti_sysbios_knl_Task_unblockI__E
1001b9cd  ti_sysbios_family_arm_cc26xx_TimestampProvider_get64__E
1001b9cd  xdc_runtime_Timestamp_SupportProxy_get64__E
1001b9cd  xdc_runtime_Timestamp_SupportProxy_get64__E__mangled__
1001b9cd  xdc_runtime_Timestamp_get64__E
1001b9cd  xdc_runtime_Timestamp_get64__E
1001b9f5  ti_sysbios_hal_Hwi_Instance_init__E
1001ba1d  ti_sysbios_knl_Clock_addI__E
1001ba45  ti_sysbios_knl_Task_restore__E
1001ba6d  ti_sysbios_family_arm_cc26xx_Timer_Module_startup__E
1001ba91  ti_sysbios_gates_GateHwi_Object__create__S
1001bab5  ti_sysbios_BIOS_RtsGateProxy_Object__delete__S
1001bab5  ti_sysbios_gates_GateMutex_Object__delete__S
1001bab5  ti_sysbios_heaps_HeapMem_Module_GateProxy_Object__delete__S
1001bad9  ti_sysbios_knl_Clock_Object__delete__S
1001bafd  ti_sysbios_knl_Semaphore_Instance_init__E
1001bb21  ti_sysbios_knl_Semaphore_Object__delete__S
1001bb45  ti_sysbios_family_arm_cc26xx_Timer_Module__startupDone__S
1001bb45  ti_sysbios_knl_Clock_TimerProxy_Module__startupDone__S__mangled__
1001bb65  ti_sysbios_family_arm_cc26xx_TimestampProvider_Module_startup__E
1001bb85  ti_sysbios_family_arm_m3_Hwi_Module__startupDone__S
1001bb85  ti_sysbios_hal_Hwi_HwiProxy_Module__startupDone__S__mangled__
1001bba5  ti_sysbios_family_arm_m3_Hwi_Object__delete__S
1001bba5  ti_sysbios_hal_Hwi_HwiProxy_Object__delete__S
1001bbc5  ti_sysbios_family_arm_m3_Hwi_excHandler__I
1001bbe5  ti_sysbios_gates_GateHwi_Handle__label__S
1001bbe5  xdc_runtime_Main_Module_GateProxy_Handle__label__S
1001bbe5  xdc_runtime_System_Module_GateProxy_Handle__label__S
1001bbe5  xdc_runtime_System_Module_GateProxy_Handle__label__S__mangled__
1001bc05  ti_sysbios_gates_GateHwi_Object__delete__S
1001bc05  xdc_runtime_System_Module_GateProxy_Object__delete__S
1001bc25  ti_sysbios_BIOS_RtsGateProxy_Handle__label__S
1001bc25  ti_sysbios_BIOS_RtsGateProxy_Handle__label__S__mangled__
1001bc25  ti_sysbios_gates_GateMutex_Handle__label__S
1001bc25  ti_sysbios_heaps_HeapMem_Module_GateProxy_Handle__label__S
1001bc25  ti_sysbios_heaps_HeapMem_Module_GateProxy_Handle__label__S__mangled__
1001bc45  ti_sysbios_gates_GateMutex_Object__destruct__S
1001bc65  ti_sysbios_hal_Hwi_Object__delete__S
1001bc85  ti_sysbios_heaps_HeapMem_Handle__label__S
1001bc85  xdc_runtime_Memory_HeapProxy_Handle__label__S
1001bc85  xdc_runtime_Memory_HeapProxy_Handle__label__S__mangled__
1001bca5  ti_sysbios_heaps_HeapMem_Object__delete__S
1001bca5  xdc_runtime_Memory_HeapProxy_Object__delete__S
1001bcc5  ti_sysbios_knl_Clock_Module_startup__E
1001bce5  ti_sysbios_knl_Clock_Object__destruct__S
1001bd05  ti_sysbios_knl_Idle_run__E
1001bd25  ti_sysbios_knl_Mailbox_Object__delete__S
1001bd45  ti_sysbios_knl_Queue_Object__delete__S
1001bd65  ti_sysbios_knl_Queue_Object__get__S
1001bd85  ti_sysbios_knl_Semaphore_Object__destruct__S
1001bda5  ti_sysbios_knl_Swi_Object__delete__S
1001bdc5  ti_sysbios_knl_Task_Object__delete__S
1001bde5  ti_sysbios_knl_Task_Object__get__S
1001be05  ti_sysbios_knl_Task_enter__I
1001be25  ti_sysbios_knl_Task_restoreHwi__E
1001be45  ti_sysbios_hal_Hwi_HwiProxy_create
1001be63  ti_sysbios_knl_Clock_logTick__E
1001be65  ti_sysbios_family_arm_m3_Hwi_Object__destruct__S
1001be81  ti_sysbios_family_arm_m3_Hwi_setPriority__E
1001be9d  ti_sysbios_gates_GateMutex_Instance_init__E
1001beb9  ti_sysbios_knl_Clock_scheduleNextTick__E
1001bed5  ti_sysbios_knl_Mailbox_Object__destruct__S
1001bef1  ti_sysbios_knl_Queue_Object__destruct__S
1001bf0d  ti_sysbios_knl_Queue_get__E
1001bf29  ti_sysbios_knl_Queue_put__E
1001bf45  ti_sysbios_knl_Swi_Object__destruct__S
1001bf61  ti_sysbios_knl_Task_Object__destruct__S
1001bf7d  ti_sysbios_knl_Task_sleepTimeout__I
1001bf97  ti_sysbios_knl_Swi_Instance_finalize__E
1001bf99  ti_sysbios_gates_GateMutex_leave__E
1001bfb1  ti_sysbios_knl_Task_unblock__E
1001bfc9  ti_sysbios_knl_Clock_Instance_finalize__E
1001bfdf  ti_sysbios_knl_Clock_start__E
1001bff5  ti_sysbios_BIOS_getCpuFreq__E
1001c009  ti_sysbios_family_arm_m3_Hwi_switchFromBootStack__E
1001c009  ti_sysbios_hal_Hwi_HwiProxy_switchFromBootStack__E__mangled__
1001c01d  ti_sysbios_hal_Hwi_Module_startup__E
1001c031  ti_sysbios_BIOS_exit__E
1001c041  ti_sysbios_BIOS_setThreadType__E
1001c051  ti_sysbios_BIOS_start__E
1001c061  ti_sysbios_family_arm_m3_Hwi_plug__E
1001c071  ti_sysbios_gates_GateMutex_Instance_finalize__E
1001c081  ti_sysbios_hal_Hwi_HwiProxy_Object__create__S
1001c091  ti_sysbios_knl_Clock_TimerProxy_getCurrentTick__E
1001c0a1  ti_sysbios_knl_Clock_TimerProxy_getMaxTicks__E
1001c0b1  ti_sysbios_knl_Clock_TimerProxy_setNextTick__E
1001c0c1  ti_sysbios_knl_Semaphore_Instance_finalize__E
1001c0d1  ti_sysbios_knl_Swi_disable__E
1001c0e1  ti_sysbios_knl_Swi_enabled__E
1001c0f1  ti_sysbios_knl_Task_disable__E
1001c101  ti_sysbios_heaps_HeapMem_restore__E
1001c10f  ti_sysbios_knl_Queue_empty__E
1001c11d  ti_sysbios_knl_Queue_remove__E
1001c12b  ti_sysbios_family_arm_cc26xx_TimestampProvider_getFreq__E
1001c12b  xdc_runtime_Timestamp_SupportProxy_getFreq__E
1001c12b  xdc_runtime_Timestamp_SupportProxy_getFreq__E__mangled__
1001c12b  xdc_runtime_Timestamp_getFreq__E
1001c12b  xdc_runtime_Timestamp_getFreq__E
1001c139  ti_sysbios_family_arm_m3_Hwi_Params__init__S
1001c139  ti_sysbios_hal_Hwi_HwiProxy_Params__init__S
1001c139  ti_sysbios_hal_Hwi_HwiProxy_Params__init__S__mangled__
1001c145  ti_sysbios_family_arm_m3_Hwi_disableFxn__E
1001c151  ti_sysbios_family_arm_m3_Hwi_enableFxn__E
1001c15d  ti_sysbios_family_arm_m3_TaskSupport_getStackAlignment__E
1001c15d  ti_sysbios_knl_Task_SupportProxy_getStackAlignment__E__mangled__
1001c169  ti_sysbios_gates_GateHwi_enter__E
1001c175  ti_sysbios_BIOS_RtsGateProxy_Params__init__S
1001c175  ti_sysbios_BIOS_RtsGateProxy_Params__init__S__mangled__
1001c175  ti_sysbios_gates_GateMutex_Params__init__S
1001c175  ti_sysbios_heaps_HeapMem_Module_GateProxy_Params__init__S
1001c175  ti_sysbios_heaps_HeapMem_Module_GateProxy_Params__init__S__mangled__
1001c181  ti_sysbios_knl_Clock_Params__init__S
1001c18d  ti_sysbios_knl_Clock_getTimerHandle__E
1001c199  ti_sysbios_knl_Mailbox_Params__init__S
1001c1a5  ti_sysbios_knl_Queue_dequeue__E
1001c1b1  ti_sysbios_knl_Queue_enqueue__E
1001c1bd  ti_sysbios_knl_Semaphore_Params__init__S
1001c1c9  ti_sysbios_knl_Swi_Params__init__S
1001c1d5  ti_sysbios_knl_Task_Params__init__S
1001c1e1  ti_sysbios_knl_Task_self__E
1001c1ed  ti_sysbios_hal_Hwi_Instance_finalize__E
1001c1f7  ti_sysbios_family_arm_m3_Hwi_doSwiRestore__I
1001c1ff  ti_sysbios_family_arm_m3_Hwi_startup__E
1001c1ff  ti_sysbios_hal_Hwi_HwiProxy_startup__E__mangled__
1001c207  ti_sysbios_knl_Idle_loop__E
1001c20f  ti_sysbios_family_arm_m3_Hwi_doTaskRestore__I
1001c215  HwiP_restore
1001c215  ti_sysbios_family_arm_m3_Hwi_restoreFxn__E
1001c21b  ti_sysbios_gates_GateHwi_leave__E
1001c227  ti_sysbios_knl_Queue_Instance_init__E
1001c22d  ti_sysbios_knl_Queue_elemClear__E
1001c233  ti_sysbios_knl_Swi_Module_startup__E
1001c239  ti_sysbios_knl_Swi_startup__E
1001c23f  ti_sysbios_knl_Task_enable__E
1001c245  ti_sysbios_BIOS_RtsGateProxy_enter__E
1001c249  ti_sysbios_BIOS_RtsGateProxy_leave__E
1001c24d  ti_sysbios_family_arm_cc26xx_Timer_getExpiredTicks__E
1001c251  ti_sysbios_family_arm_cc26xx_Timer_getPeriod__E
1001c255  ti_sysbios_family_arm_cc26xx_Timer_setPeriod__E
1001c259  ti_sysbios_family_arm_m3_Hwi_delete
1001c25d  ti_sysbios_family_arm_m3_Hwi_destruct
1001c261  ti_sysbios_family_arm_m3_TaskSupport_Module__startupDone__S
1001c261  ti_sysbios_knl_Task_SupportProxy_Module__startupDone__S__mangled__
1001c265  ti_sysbios_gates_GateHwi_query__E
1001c265  xdc_runtime_Main_Module_GateProxy_query__E
1001c265  xdc_runtime_System_Module_GateProxy_query__E
1001c265  xdc_runtime_System_Module_GateProxy_query__E__mangled__
1001c269  ti_sysbios_gates_GateMutex_delete
1001c26d  ti_sysbios_gates_GateMutex_destruct
1001c271  ti_sysbios_BIOS_RtsGateProxy_query__E
1001c271  ti_sysbios_BIOS_RtsGateProxy_query__E__mangled__
1001c271  ti_sysbios_gates_GateMutex_query__E
1001c271  ti_sysbios_heaps_HeapMem_Module_GateProxy_query__E
1001c271  ti_sysbios_heaps_HeapMem_Module_GateProxy_query__E__mangled__
1001c275  ti_sysbios_hal_Hwi_HwiProxy_Module__startupDone__S
1001c279  ti_sysbios_hal_Hwi_HwiProxy_delete
1001c27d  ti_sysbios_hal_Hwi_HwiProxy_disableInterrupt__E
1001c27d  ti_sysbios_hal_Hwi_disableInterrupt__E
1001c27d  ti_sysbios_hal_Hwi_disableInterrupt__E
1001c281  ti_sysbios_hal_Hwi_HwiProxy_enableInterrupt__E
1001c281  ti_sysbios_hal_Hwi_enableInterrupt__E
1001c281  ti_sysbios_hal_Hwi_enableInterrupt__E
1001c285  ti_sysbios_hal_Hwi_HwiProxy_getStackInfo__E
1001c285  ti_sysbios_hal_Hwi_getStackInfo__E
1001c285  ti_sysbios_hal_Hwi_getStackInfo__E
1001c289  ti_sysbios_hal_Hwi_HwiProxy_startup__E
1001c289  ti_sysbios_hal_Hwi_startup__E
1001c289  ti_sysbios_hal_Hwi_startup__E
1001c28d  ti_sysbios_hal_Hwi_HwiProxy_switchFromBootStack__E
1001c291  ti_sysbios_hal_Hwi_delete
1001c295  ti_sysbios_hal_Hwi_switchFromBootStack__E
1001c295  ti_sysbios_hal_Hwi_switchFromBootStack__E
1001c299  ti_sysbios_heaps_HeapMem_Module_GateProxy_enter__E
1001c29d  ti_sysbios_heaps_HeapMem_Module_GateProxy_leave__E
1001c2a1  ti_sysbios_heaps_HeapMem_isBlocking__E
1001c2a5  ti_sysbios_knl_Clock_TimerProxy_Module__startupDone__S
1001c2a9  ti_sysbios_knl_Clock_TimerProxy_getExpiredTicks__E
1001c2ad  ti_sysbios_knl_Clock_TimerProxy_getPeriod__E
1001c2b1  ti_sysbios_knl_Clock_delete
1001c2b5  ti_sysbios_knl_Clock_destruct
1001c2b9  ti_sysbios_knl_Clock_removeI__E
1001c2bd  ti_sysbios_knl_Clock_setTimeout__E
1001c2c1  ti_sysbios_knl_Mailbox_delete
1001c2c5  ti_sysbios_knl_Mailbox_destruct
1001c2c9  ti_sysbios_knl_Queue_delete
1001c2cd  ti_sysbios_knl_Queue_destruct
1001c2d1  ti_sysbios_knl_Queue_head__E
1001c2d5  ti_sysbios_knl_Queue_next__E
1001c2d9  ti_sysbios_knl_Semaphore_delete
1001c2dd  ti_sysbios_knl_Semaphore_destruct
1001c2e1  ti_sysbios_knl_Swi_delete
1001c2e5  ti_sysbios_knl_Swi_destruct
1001c2e9  ti_sysbios_knl_Swi_postInit__I
1001c2ed  ti_sysbios_knl_Task_SupportProxy_Module__startupDone__S
1001c2f1  ti_sysbios_knl_Task_SupportProxy_getStackAlignment__E
1001c2f5  ti_sysbios_knl_Task_SupportProxy_start__E
1001c2f9  ti_sysbios_knl_Task_SupportProxy_swap__E
1001c2fd  ti_sysbios_knl_Task_delete
1001c301  ti_sysbios_knl_Task_destruct
1001c305  ti_sysbios_knl_Task_startup__E
1001c309  xdc_runtime_Startup_startMods__I
1001c401  xdc_runtime_Core_createObject__I
1001c483  xdc_runtime_Error_policySpin__E
1001c485  xdc_runtime_Memory_alloc__E
1001c4f5  xdc_runtime_Core_deleteObject__I
1001c555  xdc_runtime_Startup_exec__E
1001c5a5  xdc_runtime_Assert_raise__I
1001c5ed  xdc_runtime_Core_assignParams__I
1001c635  xdc_runtime_Core_constructObject__I
1001c67d  xdc_runtime_System_atexit__E
1001c6b5  xdc_runtime_System_processAtExit__E
1001c6e9  xdc_runtime_Core_assignLabel__I
1001c719  xdc_runtime_Text_cordText__E
1001c745  xdc_runtime_System_abort__E
1001c765  xdc_runtime_Error_raiseX__E
1001c781  xdc_runtime_Memory_valloc__E
1001c79d  xdc_runtime_Core_destructObject__I
1001c7b5  xdc_runtime_Error_check__E
1001c7cd  xdc_runtime_System_exit__E
1001c7e5  xdc_runtime_Text_ropeText__E
1001c7fd  xdc_runtime_Memory_free__E
1001c80d  xdc_runtime_SysCallback_abort__E
1001c80d  xdc_runtime_System_SupportProxy_abort__E
1001c81d  xdc_runtime_SysCallback_exit__E
1001c81d  xdc_runtime_System_SupportProxy_exit__E
1001c82d  xdc_runtime_Timestamp_SupportProxy_get32__E
1001c82d  xdc_runtime_Timestamp_get32__E
1001c82d  xdc_runtime_Timestamp_get32__E
1001c849  xdc_runtime_Memory_calloc__E
1001c855  xdc_runtime_Memory_getMaxDefaultTypeAlign__E
1001c875  xdc_runtime_Gate_leaveSystem__E
1001c87b  xdc_runtime_System_Module_startup__E
1001c881  xdc_runtime_Gate_enterSystem__E
1001c885  xdc_runtime_Memory_HeapProxy_alloc__E
1001c889  xdc_runtime_Memory_HeapProxy_free__E
1001c88d  xdc_runtime_System_Module_GateProxy_enter__E
1001c891  xdc_runtime_System_Module_GateProxy_leave__E
1001c895  xdc_runtime_System_abortSpin__E
1001c897  xdc_runtime_System_exitSpin__E
1001c899  ti_sysbios_family_arm_m3_Hwi_dispatch__I
1001c969  ti_sysbios_family_arm_m3_TaskSupport_buildTaskStack
1001c9b5  ti_sysbios_family_arm_m3_Hwi_initStacks__E
1001c9fd  ti_sysbios_family_arm_m3_Hwi_excHandlerAsm__I
1001ca1d  ti_sysbios_family_xxx_Hwi_switchAndRunFunc
1001ca3b  ti_sysbios_family_arm_m3_Hwi_pendSV__I
1001ca53  ti_sysbios_family_arm_m3_Hwi_return
1001ca55  ti_sysbios_family_arm_m3_TaskSupport_glue
1001ca65  ti_sysbios_family_arm_m3_TaskSupport_swap__E
1001ca65  ti_sysbios_knl_Task_SupportProxy_swap__E__mangled__
1001ca6d  ti_sysbios_knl_Task_swapReturn
1001ca97  ti_sysbios_rom_cortexm_cc13xx_CC13xx_getRevision__E
20000000  ti_sysbios_family_arm_m3_Hwi_ramVectors
20000100  ti_sysbios_knl_Task_Module__state__V
20000144  ti_sysbios_family_arm_m3_Hwi_Module__state__V
20000178  ti_sysbios_knl_Clock_Module__state__V
200001a4  ti_sysbios_BIOS_Module__state__V
200001c8  ti_sysbios_knl_Swi_Module__state__V
200001e4  ti_sysbios_family_arm_cc26xx_Timer_Module__state__V
200001ec  ti_sysbios_family_arm_cc26xx_TimestampProvider_Module__state__V
200001f0  xdc_runtime_Startup_Module__state__V
200001f8  xdc_runtime_System_Module__state__V
20000200  xdc_runtime_Memory_Module__state__V
20000208  macTaskId
20000209  macMgmt
2000020a  macPanCoordinator
2000020b  csmPhy
2000020c  pMacDataTx
20000210  macDataTxIndirect
20000214  macDataRequeueIndirect
20000218  macDataRxBeaconCritical
2000021c  macDataTxBeaconComplete
20000220  macDataSetSched
20000224  macDataCheckSched
20000228  macDataCheckTxTime
2000022c  macDataBeaconRequeue
20000230  timerUnalignedQ
20000234  timerAlignedQ
20000238  macTimerRollover
2000023c  macTimerNewRollover
20000240  macTimerActive
20000244  Crypto_handle
20000248  cryptoDrvTblPtr
2000024c  macCoordAction1
20000254  macMain
20000260  macBeaconDeviceAction
20000270  macCoordAction3
20000280  macData
20000290  macDataTxDelay
200002a0  macDeviceAction2
200002b4  macStateTbl
200002c8  macMgmtAction2
200002dc  macScanAction
200002f4  macCoordAction2
20000310  macReset
2000032c  macBeaconMargin
2000034c  macBeacon
2000036c  macActionSet
20000390  macMgmtAction1
200003b8  macCoord
200003e4  macDevice
20000410  macBeaconDevice
20000444  macBeaconPayload
20000478  macDeviceAction1
200004b0  macSecurityPib
200004f0  macScan
20000544  fhObject
200005b0  macPib
20000638  macMRFSKGenPhyTable
200006d8  enhancedAckBuf
200007d4  uartParams
200007f8  user0Cfg
20000828  myTask
20000878  Main_user1Cfg
200008d4  myTaskStack
20000c5c  hUart
20001060  pinUpperBound
20001064  pinLowerBound
200010f8  pinHandleTable
20001174  PowerCC26XX_module
20001288  Ssf_resetReseason
2000128c  Ssf_resetCount
2000138c  RF_cmdNop
2000139c  RF_cmdFs
200013b4  RF_cmdPropCs
200013d0  RF_cmdPropCsSlotted
200013ec  RF_cmdPropTxAdv
2000140c  RF_cmdPropRadioDivSetup
20001434  RF_cmdPropRxAdv
20001466  Sensor_events
200014b8  Sensor_msgStats
20001530  initBroadcastMsg
20001532  parentFound
2000153a  Jdllc_events
2000155c  Jdllc_statistics
200015e0  ICall_enterCriticalSection
200015e4  ICall_leaveCriticalSection
200015fc  HEAPMGR_SIZE
20001600  ICall_dispatcher
200016d0  macReqAccessTimeCnt
200016d1  reqAccessAlloc
200016d4  rxCmdHandle
200016d6  fsCmdHandle
200016dc  lastPostCmd
200016e0  macSfdDetectCback
200016e8  macTxTimestamp
200016ec  pMacRadioConfig
200016f0  rfDrvTblPtr
200016f4  pRfPropTable
200016f8  pRfPropTableOld
200016fc  pMacRfAntSwitchSel
20001700  pMacRfAntPwrSel
20001710  macRxOutputSubG
2000171c  macFrmFilter
20001730  ti_sysbios_knl_Task_Object__table__V
200017c4  macTxSlottedDelay
200017c5  macUnitBackoffPeriod
200017c6  rxFhRsl
200017c7  macPhyChannel
200017c8  ti_sysbios_family_arm_cc26xx_Timer_Object__table__V
20001854  ti_sysbios_gates_GateMutex_Object__table__V
20001894  RF_handle
20001898  macPhyTxPower
200018a4  RF_params
200018c1  osal_entity
200018c8  osal_qHead
200018cc  osal_eventloop_hook
200018d0  osal_icallMsg_hook
200018d4  osal_semaphore
200018d8  osal_last_timestamp
200018dc  osal_tickperiod
200018e0  osal_max_msecs
200018f0  txCmdHandle
200018f4  pMacEnhancedAck
200018f8  macRadioAckFrame
20001900  macAckTimer
20001920  ti_sysbios_knl_Swi_Module_State_0_readyQ__A
20001950  ti_sysbios_knl_Swi_Object__table__V
20001980  ti_sysbios_knl_Task_Module_State_0_readyQ__A
200019b0  macTxSlottedDelayFactor
200019b1  macTxType
200019b2  macTxBe
200019b3  txAckReq
200019b8  macTxCsmaBackoffDelay
200019bc  macCsmaRtcTimerId
200019c0  macAckDbg
200019d4  ti_sysbios_knl_Clock_Object__table__V
200019f4  xdc_runtime_Error_IgnoreBlock
20001a30  macSpecUsecsPerSymbol
20001a34  macPrevPeriodRatCount
20001a38  macSymbolTimerRollover
20001a3c  macSymbolTimerTrigger
20001a48  ti_sysbios_family_arm_m3_Hwi_Object__table__V
20001a60  ti_sysbios_heaps_HeapMem_Object__table__V
20001a78  ApiMac_appEntity
20001a84  ApiMac_extAddr
20001a8c  macCfg
20001a9c  lastRatChanA
20001a9d  lastRatChanB
20001a9e  macRxCmdActive
20001a9f  macTxCmdActive
20001aa0  macFsCmdActive
20001aa2  macReqAccessCnt
20001aa4  macReqAccErrCnt
20001aa6  numRfCmd
20001aa7  numRxCmd
20001aa8  numRxPostCmd
20001aa9  bInSwi
20001aaa  macRadioYielded
20001aac  AppTaskId
20001ab0  pMacCbackQueryRetransmit
20001ab4  pMacCbackCheckPending
20001ab8  RFCC26XX_hwAttrs
20001ac8  OSAL_timeSeconds
20001ad0  sector_addr
20001adc  _lock
20001ae0  _unlock
20001ae4  pOverridesTable
20001aec  ti_sysbios_family_arm_m3_Hwi_Module__root__V
20001af4  ti_sysbios_gates_GateHwi_Module__root__V
20001afc  ti_sysbios_gates_GateMutex_Module__root__V
20001b04  ti_sysbios_hal_Hwi_Module__root__V
20001b0c  ti_sysbios_heaps_HeapMem_Module__root__V
20001b14  ti_sysbios_knl_Clock_Module__root__V
20001b1c  ti_sysbios_knl_Mailbox_Module__root__V
20001b24  ti_sysbios_knl_Queue_Module__root__V
20001b2c  ti_sysbios_knl_Semaphore_Module__root__V
20001b34  ti_sysbios_knl_Swi_Module__root__V
20001b3c  ti_sysbios_knl_Task_Module__root__V
20001b44  xdc_runtime_Registry_Module__state__V
20001b4c  pwrmgr_initialized
20001b4e  pwrmgr_attribute
20001b54  main_func_sp
20001b58  ti_sysbios_family_arm_m3_Hwi_Module_State_0_excContext__A
20001b5c  ti_sysbios_family_arm_m3_Hwi_Module_State_0_excStack__A
20001b60  ti_sysbios_knl_Task_Module_State_0_idleTask__A
20001b64  ti_sysbios_family_arm_m3_Hwi_Module_State_0_excActive__A
20001b68  ti_sysbios_heaps_HeapMem_Instance_State_0_buf__A
200025a0  ti_sysbios_knl_Task_Instance_State_0_stack__A
200027a0  uartCC26XXObjects
20002990  ti_sysbios_family_arm_m3_Hwi_dispatchTable
20002a58  cryptoCC26XXObjects
20002ad8  macRxFilter
20002ad9  rxPromiscuousMode
20002ae4  macRxDataEntryOffset
20002aec  rxRadioBufferPtr
20002af8  macRxDataEntryQueue
20002b28  uartCC26XXRingBuffer
20002b9c  PowerCC26XX_taskKey
20002ba0  PowerCC26XX_swiKey
20002ba4  timerHead
20002bb8  ClockP_tickPeriod
20002bbc  tasksEvents
20002bc4  driverlib_release_0_51635
20002bc5  g_hwiInt
20002bc6  macPwr
20002bc7  macRxActive
20002bc8  macRxEnableFlags
20002bc9  macRxOutgoingAckFlag
20002bca  macSymbolTimerImpending
20002bcb  macTxActive
20002bcc  heapStart
20004b00  __stack
20004b00  heapEnd
20005000  __STACK_END
20005000  __STACK_TOP
e000e000  ti_sysbios_family_arm_m3_Hwi_nvic
ffffffff  __TI_pprof_out_hndl
ffffffff  __TI_prof_data_size
ffffffff  __TI_prof_data_start
ffffffff  __binit__
ffffffff  __c_args__
ffffffff  binit
UNDEFED   SHT$$INIT_ARRAY$$Base
UNDEFED   SHT$$INIT_ARRAY$$Limit

[1347 symbols]
